<?xml version="1.0" encoding="ISO-8859-1" ?>
<link_info>
   <banner>TMS320C2000 Linker PC v18.1.4.LTS</banner>
   <copyright>Copyright (c) 1996-2018 Texas Instruments Incorporated</copyright>
   <link_time>0x68eee4dd</link_time>
   <link_errors>0x0</link_errors>
   <output_file>proj_lab05a.out</output_file>
   <entry_point>
      <name>_c_int00</name>
      <address>0x3f3fd6</address>
   </entry_point>
   <input_file_list>
      <input_file id="fl-5">
         <path>.\</path>
         <kind>object</kind>
         <file>CodeStartBranch.obj</file>
         <name>CodeStartBranch.obj</name>
      </input_file>
      <input_file id="fl-6">
         <path>.\</path>
         <kind>object</kind>
         <file>adc.obj</file>
         <name>adc.obj</name>
      </input_file>
      <input_file id="fl-7">
         <path>.\</path>
         <kind>object</kind>
         <file>clarke.obj</file>
         <name>clarke.obj</name>
      </input_file>
      <input_file id="fl-8">
         <path>.\</path>
         <kind>object</kind>
         <file>clk.obj</file>
         <name>clk.obj</name>
      </input_file>
      <input_file id="fl-9">
         <path>.\</path>
         <kind>object</kind>
         <file>cpu.obj</file>
         <name>cpu.obj</name>
      </input_file>
      <input_file id="fl-a">
         <path>.\</path>
         <kind>object</kind>
         <file>cpu_time.obj</file>
         <name>cpu_time.obj</name>
      </input_file>
      <input_file id="fl-b">
         <path>.\</path>
         <kind>object</kind>
         <file>ctrl.obj</file>
         <name>ctrl.obj</name>
      </input_file>
      <input_file id="fl-c">
         <path>.\</path>
         <kind>object</kind>
         <file>drv8301.obj</file>
         <name>drv8301.obj</name>
      </input_file>
      <input_file id="fl-d">
         <path>.\</path>
         <kind>object</kind>
         <file>fem.obj</file>
         <name>fem.obj</name>
      </input_file>
      <input_file id="fl-e">
         <path>.\</path>
         <kind>object</kind>
         <file>filter_fo.obj</file>
         <name>filter_fo.obj</name>
      </input_file>
      <input_file id="fl-f">
         <path>.\</path>
         <kind>object</kind>
         <file>flash.obj</file>
         <name>flash.obj</name>
      </input_file>
      <input_file id="fl-10">
         <path>.\</path>
         <kind>object</kind>
         <file>gpio.obj</file>
         <name>gpio.obj</name>
      </input_file>
      <input_file id="fl-11">
         <path>.\</path>
         <kind>object</kind>
         <file>hal.obj</file>
         <name>hal.obj</name>
      </input_file>
      <input_file id="fl-12">
         <path>.\</path>
         <kind>object</kind>
         <file>ipark.obj</file>
         <name>ipark.obj</name>
      </input_file>
      <input_file id="fl-13">
         <path>.\</path>
         <kind>object</kind>
         <file>memCopy.obj</file>
         <name>memCopy.obj</name>
      </input_file>
      <input_file id="fl-14">
         <path>.\</path>
         <kind>object</kind>
         <file>offset.obj</file>
         <name>offset.obj</name>
      </input_file>
      <input_file id="fl-15">
         <path>.\</path>
         <kind>object</kind>
         <file>osc.obj</file>
         <name>osc.obj</name>
      </input_file>
      <input_file id="fl-16">
         <path>.\</path>
         <kind>object</kind>
         <file>park.obj</file>
         <name>park.obj</name>
      </input_file>
      <input_file id="fl-17">
         <path>.\</path>
         <kind>object</kind>
         <file>pid.obj</file>
         <name>pid.obj</name>
      </input_file>
      <input_file id="fl-18">
         <path>.\</path>
         <kind>object</kind>
         <file>pie.obj</file>
         <name>pie.obj</name>
      </input_file>
      <input_file id="fl-19">
         <path>.\</path>
         <kind>object</kind>
         <file>pll.obj</file>
         <name>pll.obj</name>
      </input_file>
      <input_file id="fl-1a">
         <path>.\</path>
         <kind>object</kind>
         <file>proj_lab05a.obj</file>
         <name>proj_lab05a.obj</name>
      </input_file>
      <input_file id="fl-1b">
         <path>.\</path>
         <kind>object</kind>
         <file>pwm.obj</file>
         <name>pwm.obj</name>
      </input_file>
      <input_file id="fl-1c">
         <path>.\</path>
         <kind>object</kind>
         <file>pwr.obj</file>
         <name>pwr.obj</name>
      </input_file>
      <input_file id="fl-1d">
         <path>.\</path>
         <kind>object</kind>
         <file>qep.obj</file>
         <name>qep.obj</name>
      </input_file>
      <input_file id="fl-1e">
         <path>.\</path>
         <kind>object</kind>
         <file>sci.obj</file>
         <name>sci.obj</name>
      </input_file>
      <input_file id="fl-1f">
         <path>.\</path>
         <kind>object</kind>
         <file>spi.obj</file>
         <name>spi.obj</name>
      </input_file>
      <input_file id="fl-20">
         <path>.\</path>
         <kind>object</kind>
         <file>svgen.obj</file>
         <name>svgen.obj</name>
      </input_file>
      <input_file id="fl-21">
         <path>.\</path>
         <kind>object</kind>
         <file>timer.obj</file>
         <name>timer.obj</name>
      </input_file>
      <input_file id="fl-22">
         <path>.\</path>
         <kind>object</kind>
         <file>traj.obj</file>
         <name>traj.obj</name>
      </input_file>
      <input_file id="fl-23">
         <path>.\</path>
         <kind>object</kind>
         <file>usDelay.obj</file>
         <name>usDelay.obj</name>
      </input_file>
      <input_file id="fl-24">
         <path>.\</path>
         <kind>object</kind>
         <file>user.obj</file>
         <name>user.obj</name>
      </input_file>
      <input_file id="fl-25">
         <path>.\</path>
         <kind>object</kind>
         <file>wdog.obj</file>
         <name>wdog.obj</name>
      </input_file>
      <input_file id="fl-28">
         <kind>object</kind>
         <file>&lt;internal&gt;</file>
         <name>&lt;internal&gt;</name>
      </input_file>
      <input_file id="fl-29">
         <path>C:\ti\ccsv8\tools\compiler\ti-cgt-c2000_18.1.4.LTS\lib\</path>
         <kind>archive</kind>
         <file>rts2800_ml.lib</file>
         <name>fd_mpy28.asm.obj</name>
      </input_file>
      <input_file id="fl-2a">
         <path>C:\ti\ccsv8\tools\compiler\ti-cgt-c2000_18.1.4.LTS\lib\</path>
         <kind>archive</kind>
         <file>rts2800_ml.lib</file>
         <name>fd_tol28.asm.obj</name>
      </input_file>
      <input_file id="fl-2b">
         <path>C:\ti\ccsv8\tools\compiler\ti-cgt-c2000_18.1.4.LTS\lib\</path>
         <kind>archive</kind>
         <file>rts2800_ml.lib</file>
         <name>fs_add28.asm.obj</name>
      </input_file>
      <input_file id="fl-2c">
         <path>C:\ti\ccsv8\tools\compiler\ti-cgt-c2000_18.1.4.LTS\lib\</path>
         <kind>archive</kind>
         <file>rts2800_ml.lib</file>
         <name>fs_cmp28.asm.obj</name>
      </input_file>
      <input_file id="fl-2d">
         <path>C:\ti\ccsv8\tools\compiler\ti-cgt-c2000_18.1.4.LTS\lib\</path>
         <kind>archive</kind>
         <file>rts2800_ml.lib</file>
         <name>fs_div28.asm.obj</name>
      </input_file>
      <input_file id="fl-2e">
         <path>C:\ti\ccsv8\tools\compiler\ti-cgt-c2000_18.1.4.LTS\lib\</path>
         <kind>archive</kind>
         <file>rts2800_ml.lib</file>
         <name>fs_mpy28.asm.obj</name>
      </input_file>
      <input_file id="fl-2f">
         <path>C:\ti\ccsv8\tools\compiler\ti-cgt-c2000_18.1.4.LTS\lib\</path>
         <kind>archive</kind>
         <file>rts2800_ml.lib</file>
         <name>fs_neg28.asm.obj</name>
      </input_file>
      <input_file id="fl-30">
         <path>C:\ti\ccsv8\tools\compiler\ti-cgt-c2000_18.1.4.LTS\lib\</path>
         <kind>archive</kind>
         <file>rts2800_ml.lib</file>
         <name>fs_tofd28.asm.obj</name>
      </input_file>
      <input_file id="fl-31">
         <path>C:\ti\ccsv8\tools\compiler\ti-cgt-c2000_18.1.4.LTS\lib\</path>
         <kind>archive</kind>
         <file>rts2800_ml.lib</file>
         <name>fs_toi28.asm.obj</name>
      </input_file>
      <input_file id="fl-32">
         <path>C:\ti\ccsv8\tools\compiler\ti-cgt-c2000_18.1.4.LTS\lib\</path>
         <kind>archive</kind>
         <file>rts2800_ml.lib</file>
         <name>fs_tol28.asm.obj</name>
      </input_file>
      <input_file id="fl-33">
         <path>C:\ti\ccsv8\tools\compiler\ti-cgt-c2000_18.1.4.LTS\lib\</path>
         <kind>archive</kind>
         <file>rts2800_ml.lib</file>
         <name>fs_tou28.asm.obj</name>
      </input_file>
      <input_file id="fl-34">
         <path>C:\ti\ccsv8\tools\compiler\ti-cgt-c2000_18.1.4.LTS\lib\</path>
         <kind>archive</kind>
         <file>rts2800_ml.lib</file>
         <name>fs_toul28.asm.obj</name>
      </input_file>
      <input_file id="fl-35">
         <path>C:\ti\ccsv8\tools\compiler\ti-cgt-c2000_18.1.4.LTS\lib\</path>
         <kind>archive</kind>
         <file>rts2800_ml.lib</file>
         <name>i_tofd28.asm.obj</name>
      </input_file>
      <input_file id="fl-36">
         <path>C:\ti\ccsv8\tools\compiler\ti-cgt-c2000_18.1.4.LTS\lib\</path>
         <kind>archive</kind>
         <file>rts2800_ml.lib</file>
         <name>i_tofs28.asm.obj</name>
      </input_file>
      <input_file id="fl-37">
         <path>C:\ti\ccsv8\tools\compiler\ti-cgt-c2000_18.1.4.LTS\lib\</path>
         <kind>archive</kind>
         <file>rts2800_ml.lib</file>
         <name>u_tofs28.asm.obj</name>
      </input_file>
      <input_file id="fl-38">
         <path>C:\ti\ccsv8\tools\compiler\ti-cgt-c2000_18.1.4.LTS\lib\</path>
         <kind>archive</kind>
         <file>rts2800_ml.lib</file>
         <name>ul_tofs28.asm.obj</name>
      </input_file>
      <input_file id="fl-39">
         <path>C:\ti\motorware\motorware_1_01_00_18_PB2\sw\modules\fast\lib\32b\f28x\f2806x\</path>
         <kind>archive</kind>
         <file>2806xRevB_FastSpinROMSymbols.lib</file>
         <name>TMS320x2806x_REVB_boot_rom_out__CTRL_getVersion_tmp.obj</name>
      </input_file>
      <input_file id="fl-3a">
         <path>C:\ti\motorware\motorware_1_01_00_18_PB2\sw\modules\fast\lib\32b\f28x\f2806x\</path>
         <kind>archive</kind>
         <file>2806xRevB_FastSpinROMSymbols.lib</file>
         <name>TMS320x2806x_REVB_boot_rom_out__CTRL_initCtrl_tmp.obj</name>
      </input_file>
      <input_file id="fl-3b">
         <path>C:\ti\motorware\motorware_1_01_00_18_PB2\sw\modules\fast\lib\32b\f28x\f2806x\</path>
         <kind>archive</kind>
         <file>2806xRevB_FastSpinROMSymbols.lib</file>
         <name>TMS320x2806x_REVB_boot_rom_out__CTRL_runTraj_tmp.obj</name>
      </input_file>
      <input_file id="fl-3c">
         <path>C:\ti\motorware\motorware_1_01_00_18_PB2\sw\modules\fast\lib\32b\f28x\f2806x\</path>
         <kind>archive</kind>
         <file>2806xRevB_FastSpinROMSymbols.lib</file>
         <name>TMS320x2806x_REVB_boot_rom_out__CTRL_setEstParams_tmp.obj</name>
      </input_file>
      <input_file id="fl-3d">
         <path>C:\ti\motorware\motorware_1_01_00_18_PB2\sw\modules\fast\lib\32b\f28x\f2806x\</path>
         <kind>archive</kind>
         <file>2806xRevB_FastSpinROMSymbols.lib</file>
         <name>TMS320x2806x_REVB_boot_rom_out__CTRL_setUserMotorParams_tmp.obj</name>
      </input_file>
      <input_file id="fl-3e">
         <path>C:\ti\motorware\motorware_1_01_00_18_PB2\sw\modules\fast\lib\32b\f28x\f2806x\</path>
         <kind>archive</kind>
         <file>2806xRevB_FastSpinROMSymbols.lib</file>
         <name>TMS320x2806x_REVB_boot_rom_out__CTRL_setupCtrl_tmp.obj</name>
      </input_file>
      <input_file id="fl-3f">
         <path>C:\ti\motorware\motorware_1_01_00_18_PB2\sw\modules\fast\lib\32b\f28x\f2806x\</path>
         <kind>archive</kind>
         <file>2806xRevB_FastSpinROMSymbols.lib</file>
         <name>TMS320x2806x_REVB_boot_rom_out__CTRL_setupEstIdleState_tmp.obj</name>
      </input_file>
      <input_file id="fl-40">
         <path>C:\ti\motorware\motorware_1_01_00_18_PB2\sw\modules\fast\lib\32b\f28x\f2806x\</path>
         <kind>archive</kind>
         <file>2806xRevB_FastSpinROMSymbols.lib</file>
         <name>TMS320x2806x_REVB_boot_rom_out__CTRL_setupEstOnLineState_tmp.obj</name>
      </input_file>
      <input_file id="fl-41">
         <path>C:\ti\motorware\motorware_1_01_00_18_PB2\sw\modules\fast\lib\32b\f28x\f2806x\</path>
         <kind>archive</kind>
         <file>2806xRevB_FastSpinROMSymbols.lib</file>
         <name>TMS320x2806x_REVB_boot_rom_out__CTRL_setupTraj_tmp.obj</name>
      </input_file>
      <input_file id="fl-42">
         <path>C:\ti\motorware\motorware_1_01_00_18_PB2\sw\modules\fast\lib\32b\f28x\f2806x\</path>
         <kind>archive</kind>
         <file>2806xRevB_FastSpinROMSymbols.lib</file>
         <name>TMS320x2806x_REVB_boot_rom_out__EST_doCurrentCtrl_tmp.obj</name>
      </input_file>
      <input_file id="fl-43">
         <path>C:\ti\motorware\motorware_1_01_00_18_PB2\sw\modules\fast\lib\32b\f28x\f2806x\</path>
         <kind>archive</kind>
         <file>2806xRevB_FastSpinROMSymbols.lib</file>
         <name>TMS320x2806x_REVB_boot_rom_out__EST_doSpeedCtrl_tmp.obj</name>
      </input_file>
      <input_file id="fl-44">
         <path>C:\ti\motorware\motorware_1_01_00_18_PB2\sw\modules\fast\lib\32b\f28x\f2806x\</path>
         <kind>archive</kind>
         <file>2806xRevB_FastSpinROMSymbols.lib</file>
         <name>TMS320x2806x_REVB_boot_rom_out__EST_getFlux_VpHz_tmp.obj</name>
      </input_file>
      <input_file id="fl-45">
         <path>C:\ti\motorware\motorware_1_01_00_18_PB2\sw\modules\fast\lib\32b\f28x\f2806x\</path>
         <kind>archive</kind>
         <file>2806xRevB_FastSpinROMSymbols.lib</file>
         <name>TMS320x2806x_REVB_boot_rom_out__EST_getFlux_pu_tmp.obj</name>
      </input_file>
      <input_file id="fl-46">
         <path>C:\ti\motorware\motorware_1_01_00_18_PB2\sw\modules\fast\lib\32b\f28x\f2806x\</path>
         <kind>archive</kind>
         <file>2806xRevB_FastSpinROMSymbols.lib</file>
         <name>TMS320x2806x_REVB_boot_rom_out__EST_getFm_pu_tmp.obj</name>
      </input_file>
      <input_file id="fl-47">
         <path>C:\ti\motorware\motorware_1_01_00_18_PB2\sw\modules\fast\lib\32b\f28x\f2806x\</path>
         <kind>archive</kind>
         <file>2806xRevB_FastSpinROMSymbols.lib</file>
         <name>TMS320x2806x_REVB_boot_rom_out__EST_getIdRated_tmp.obj</name>
      </input_file>
      <input_file id="fl-48">
         <path>C:\ti\motorware\motorware_1_01_00_18_PB2\sw\modules\fast\lib\32b\f28x\f2806x\</path>
         <kind>archive</kind>
         <file>2806xRevB_FastSpinROMSymbols.lib</file>
         <name>TMS320x2806x_REVB_boot_rom_out__EST_getLs_coarse_max_pu_tmp.obj</name>
      </input_file>
      <input_file id="fl-49">
         <path>C:\ti\motorware\motorware_1_01_00_18_PB2\sw\modules\fast\lib\32b\f28x\f2806x\</path>
         <kind>archive</kind>
         <file>2806xRevB_FastSpinROMSymbols.lib</file>
         <name>TMS320x2806x_REVB_boot_rom_out__EST_getLs_d_H_tmp.obj</name>
      </input_file>
      <input_file id="fl-4a">
         <path>C:\ti\motorware\motorware_1_01_00_18_PB2\sw\modules\fast\lib\32b\f28x\f2806x\</path>
         <kind>archive</kind>
         <file>2806xRevB_FastSpinROMSymbols.lib</file>
         <name>TMS320x2806x_REVB_boot_rom_out__EST_getLs_d_pu_tmp.obj</name>
      </input_file>
      <input_file id="fl-4b">
         <path>C:\ti\motorware\motorware_1_01_00_18_PB2\sw\modules\fast\lib\32b\f28x\f2806x\</path>
         <kind>archive</kind>
         <file>2806xRevB_FastSpinROMSymbols.lib</file>
         <name>TMS320x2806x_REVB_boot_rom_out__EST_getLs_q_H_tmp.obj</name>
      </input_file>
      <input_file id="fl-4c">
         <path>C:\ti\motorware\motorware_1_01_00_18_PB2\sw\modules\fast\lib\32b\f28x\f2806x\</path>
         <kind>archive</kind>
         <file>2806xRevB_FastSpinROMSymbols.lib</file>
         <name>TMS320x2806x_REVB_boot_rom_out__EST_getLs_q_pu_tmp.obj</name>
      </input_file>
      <input_file id="fl-4d">
         <path>C:\ti\motorware\motorware_1_01_00_18_PB2\sw\modules\fast\lib\32b\f28x\f2806x\</path>
         <kind>archive</kind>
         <file>2806xRevB_FastSpinROMSymbols.lib</file>
         <name>TMS320x2806x_REVB_boot_rom_out__EST_getMaxCurrentSlope_pu_tmp.obj</name>
      </input_file>
      <input_file id="fl-4e">
         <path>C:\ti\motorware\motorware_1_01_00_18_PB2\sw\modules\fast\lib\32b\f28x\f2806x\</path>
         <kind>archive</kind>
         <file>2806xRevB_FastSpinROMSymbols.lib</file>
         <name>TMS320x2806x_REVB_boot_rom_out__EST_getOneOverDcBus_pu_tmp.obj</name>
      </input_file>
      <input_file id="fl-4f">
         <path>C:\ti\motorware\motorware_1_01_00_18_PB2\sw\modules\fast\lib\32b\f28x\f2806x\</path>
         <kind>archive</kind>
         <file>2806xRevB_FastSpinROMSymbols.lib</file>
         <name>TMS320x2806x_REVB_boot_rom_out__EST_getRsOnLine_Ohm_tmp.obj</name>
      </input_file>
      <input_file id="fl-50">
         <path>C:\ti\motorware\motorware_1_01_00_18_PB2\sw\modules\fast\lib\32b\f28x\f2806x\</path>
         <kind>archive</kind>
         <file>2806xRevB_FastSpinROMSymbols.lib</file>
         <name>TMS320x2806x_REVB_boot_rom_out__EST_getRs_Ohm_tmp.obj</name>
      </input_file>
      <input_file id="fl-51">
         <path>C:\ti\motorware\motorware_1_01_00_18_PB2\sw\modules\fast\lib\32b\f28x\f2806x\</path>
         <kind>archive</kind>
         <file>2806xRevB_FastSpinROMSymbols.lib</file>
         <name>TMS320x2806x_REVB_boot_rom_out__EST_getSpeed_krpm_tmp.obj</name>
      </input_file>
      <input_file id="fl-52">
         <path>C:\ti\motorware\motorware_1_01_00_18_PB2\sw\modules\fast\lib\32b\f28x\f2806x\</path>
         <kind>archive</kind>
         <file>2806xRevB_FastSpinROMSymbols.lib</file>
         <name>TMS320x2806x_REVB_boot_rom_out__EST_getState_tmp.obj</name>
      </input_file>
      <input_file id="fl-53">
         <path>C:\ti\motorware\motorware_1_01_00_18_PB2\sw\modules\fast\lib\32b\f28x\f2806x\</path>
         <kind>archive</kind>
         <file>2806xRevB_FastSpinROMSymbols.lib</file>
         <name>TMS320x2806x_REVB_boot_rom_out__EST_get_krpm_to_pu_sf_tmp.obj</name>
      </input_file>
      <input_file id="fl-54">
         <path>C:\ti\motorware\motorware_1_01_00_18_PB2\sw\modules\fast\lib\32b\f28x\f2806x\</path>
         <kind>archive</kind>
         <file>2806xRevB_FastSpinROMSymbols.lib</file>
         <name>TMS320x2806x_REVB_boot_rom_out__EST_get_pu_to_krpm_sf_tmp.obj</name>
      </input_file>
      <input_file id="fl-55">
         <path>C:\ti\motorware\motorware_1_01_00_18_PB2\sw\modules\fast\lib\32b\f28x\f2806x\</path>
         <kind>archive</kind>
         <file>2806xRevB_FastSpinROMSymbols.lib</file>
         <name>TMS320x2806x_REVB_boot_rom_out__EST_isError_tmp.obj</name>
      </input_file>
      <input_file id="fl-56">
         <path>C:\ti\motorware\motorware_1_01_00_18_PB2\sw\modules\fast\lib\32b\f28x\f2806x\</path>
         <kind>archive</kind>
         <file>2806xRevB_FastSpinROMSymbols.lib</file>
         <name>TMS320x2806x_REVB_boot_rom_out__EST_isIdle_tmp.obj</name>
      </input_file>
      <input_file id="fl-57">
         <path>C:\ti\motorware\motorware_1_01_00_18_PB2\sw\modules\fast\lib\32b\f28x\f2806x\</path>
         <kind>archive</kind>
         <file>2806xRevB_FastSpinROMSymbols.lib</file>
         <name>TMS320x2806x_REVB_boot_rom_out__EST_isLockRotor_tmp.obj</name>
      </input_file>
      <input_file id="fl-58">
         <path>C:\ti\motorware\motorware_1_01_00_18_PB2\sw\modules\fast\lib\32b\f28x\f2806x\</path>
         <kind>archive</kind>
         <file>2806xRevB_FastSpinROMSymbols.lib</file>
         <name>TMS320x2806x_REVB_boot_rom_out__EST_isMotorIdentified_tmp.obj</name>
      </input_file>
      <input_file id="fl-59">
         <path>C:\ti\motorware\motorware_1_01_00_18_PB2\sw\modules\fast\lib\32b\f28x\f2806x\</path>
         <kind>archive</kind>
         <file>2806xRevB_FastSpinROMSymbols.lib</file>
         <name>TMS320x2806x_REVB_boot_rom_out__EST_isOnLine_tmp.obj</name>
      </input_file>
      <input_file id="fl-5a">
         <path>C:\ti\motorware\motorware_1_01_00_18_PB2\sw\modules\fast\lib\32b\f28x\f2806x\</path>
         <kind>archive</kind>
         <file>2806xRevB_FastSpinROMSymbols.lib</file>
         <name>TMS320x2806x_REVB_boot_rom_out__EST_run_tmp.obj</name>
      </input_file>
      <input_file id="fl-5b">
         <path>C:\ti\motorware\motorware_1_01_00_18_PB2\sw\modules\fast\lib\32b\f28x\f2806x\</path>
         <kind>archive</kind>
         <file>2806xRevB_FastSpinROMSymbols.lib</file>
         <name>TMS320x2806x_REVB_boot_rom_out__EST_setFlag_enableForceAngle_tmp.obj</name>
      </input_file>
      <input_file id="fl-5c">
         <path>C:\ti\motorware\motorware_1_01_00_18_PB2\sw\modules\fast\lib\32b\f28x\f2806x\</path>
         <kind>archive</kind>
         <file>2806xRevB_FastSpinROMSymbols.lib</file>
         <name>TMS320x2806x_REVB_boot_rom_out__EST_setFlag_enableRsRecalc_tmp.obj</name>
      </input_file>
      <input_file id="fl-5d">
         <path>C:\ti\motorware\motorware_1_01_00_18_PB2\sw\modules\fast\lib\32b\f28x\f2806x\</path>
         <kind>archive</kind>
         <file>2806xRevB_FastSpinROMSymbols.lib</file>
         <name>TMS320x2806x_REVB_boot_rom_out__EST_setId_ref_pu_tmp.obj</name>
      </input_file>
      <input_file id="fl-5e">
         <path>C:\ti\motorware\motorware_1_01_00_18_PB2\sw\modules\fast\lib\32b\f28x\f2806x\</path>
         <kind>archive</kind>
         <file>2806xRevB_FastSpinROMSymbols.lib</file>
         <name>TMS320x2806x_REVB_boot_rom_out__EST_setIdle_tmp.obj</name>
      </input_file>
      <input_file id="fl-5f">
         <path>C:\ti\motorware\motorware_1_01_00_18_PB2\sw\modules\fast\lib\32b\f28x\f2806x\</path>
         <kind>archive</kind>
         <file>2806xRevB_FastSpinROMSymbols.lib</file>
         <name>TMS320x2806x_REVB_boot_rom_out__EST_setIdle_all_tmp.obj</name>
      </input_file>
      <input_file id="fl-60">
         <path>C:\ti\motorware\motorware_1_01_00_18_PB2\sw\modules\fast\lib\32b\f28x\f2806x\</path>
         <kind>archive</kind>
         <file>2806xRevB_FastSpinROMSymbols.lib</file>
         <name>TMS320x2806x_REVB_boot_rom_out__EST_setIq_ref_pu_tmp.obj</name>
      </input_file>
      <input_file id="fl-61">
         <path>C:\ti\motorware\motorware_1_01_00_18_PB2\sw\modules\fast\lib\32b\f28x\f2806x\</path>
         <kind>archive</kind>
         <file>2806xRevB_FastSpinROMSymbols.lib</file>
         <name>TMS320x2806x_REVB_boot_rom_out__EST_setLs_d_pu_tmp.obj</name>
      </input_file>
      <input_file id="fl-62">
         <path>C:\ti\motorware\motorware_1_01_00_18_PB2\sw\modules\fast\lib\32b\f28x\f2806x\</path>
         <kind>archive</kind>
         <file>2806xRevB_FastSpinROMSymbols.lib</file>
         <name>TMS320x2806x_REVB_boot_rom_out__EST_setLs_qFmt_tmp.obj</name>
      </input_file>
      <input_file id="fl-63">
         <path>C:\ti\motorware\motorware_1_01_00_18_PB2\sw\modules\fast\lib\32b\f28x\f2806x\</path>
         <kind>archive</kind>
         <file>2806xRevB_FastSpinROMSymbols.lib</file>
         <name>TMS320x2806x_REVB_boot_rom_out__EST_setLs_q_pu_tmp.obj</name>
      </input_file>
      <input_file id="fl-64">
         <path>C:\ti\motorware\motorware_1_01_00_18_PB2\sw\modules\fast\lib\32b\f28x\f2806x\</path>
         <kind>archive</kind>
         <file>2806xRevB_FastSpinROMSymbols.lib</file>
         <name>TMS320x2806x_REVB_boot_rom_out__EST_setMaxCurrentSlope_pu_tmp.obj</name>
      </input_file>
      <input_file id="fl-65">
         <path>C:\ti\motorware\motorware_1_01_00_18_PB2\sw\modules\fast\lib\32b\f28x\f2806x\</path>
         <kind>archive</kind>
         <file>2806xRevB_FastSpinROMSymbols.lib</file>
         <name>TMS320x2806x_REVB_boot_rom_out__EST_setRs_pu_tmp.obj</name>
      </input_file>
      <input_file id="fl-66">
         <path>C:\ti\motorware\motorware_1_01_00_18_PB2\sw\modules\fast\lib\32b\f28x\f2806x\</path>
         <kind>archive</kind>
         <file>2806xRevB_FastSpinROMSymbols.lib</file>
         <name>TMS320x2806x_REVB_boot_rom_out__EST_updateId_ref_pu_tmp.obj</name>
      </input_file>
      <input_file id="fl-67">
         <path>C:\ti\motorware\motorware_1_01_00_18_PB2\sw\modules\fast\lib\32b\f28x\f2806x\</path>
         <kind>archive</kind>
         <file>2806xRevB_FastSpinROMSymbols.lib</file>
         <name>TMS320x2806x_REVB_boot_rom_out__EST_updateState_tmp.obj</name>
      </input_file>
      <input_file id="fl-68">
         <path>C:\ti\motorware\motorware_1_01_00_18_PB2\sw\modules\fast\lib\32b\f28x\f2806x\</path>
         <kind>archive</kind>
         <file>2806xRevB_FastSpinROMSymbols.lib</file>
         <name>TMS320x2806x_REVB_boot_rom_out__EST_useZeroIq_ref_tmp.obj</name>
      </input_file>
      <input_file id="fl-69">
         <path>C:\ti\motorware\motorware_1_01_00_18_PB2\sw\modules\iqmath\lib\f28x\32b\</path>
         <kind>archive</kind>
         <file>IQmath.lib</file>
         <name>IQ24cosPU.obj</name>
      </input_file>
      <input_file id="fl-6a">
         <path>C:\ti\motorware\motorware_1_01_00_18_PB2\sw\modules\iqmath\lib\f28x\32b\</path>
         <kind>archive</kind>
         <file>IQmath.lib</file>
         <name>IQmathTables.obj</name>
      </input_file>
      <input_file id="fl-6b">
         <path>C:\ti\motorware\motorware_1_01_00_18_PB2\sw\modules\iqmath\lib\f28x\32b\</path>
         <kind>archive</kind>
         <file>IQmath.lib</file>
         <name>IQ24mpyI32frac.obj</name>
      </input_file>
      <input_file id="fl-6c">
         <path>C:\ti\motorware\motorware_1_01_00_18_PB2\sw\modules\iqmath\lib\f28x\32b\</path>
         <kind>archive</kind>
         <file>IQmath.lib</file>
         <name>IQ24sinPU.obj</name>
      </input_file>
      <input_file id="fl-6d">
         <path>C:\ti\motorware\motorware_1_01_00_18_PB2\sw\modules\iqmath\lib\f28x\32b\</path>
         <kind>archive</kind>
         <file>IQmath.lib</file>
         <name>IQ24sqrt.obj</name>
      </input_file>
      <input_file id="fl-6e">
         <path>C:\ti\motorware\motorware_1_01_00_18_PB2\sw\modules\iqmath\lib\f28x\32b\</path>
         <kind>archive</kind>
         <file>IQmath.lib</file>
         <name>IQ24toF.obj</name>
      </input_file>
      <input_file id="fl-6f">
         <path>C:\ti\motorware\motorware_1_01_00_18_PB2\sw\modules\iqmath\lib\f28x\32b\</path>
         <kind>archive</kind>
         <file>IQmath.lib</file>
         <name>IQ30toF.obj</name>
      </input_file>
      <input_file id="fl-70">
         <path>C:\ti\ccsv8\tools\compiler\ti-cgt-c2000_18.1.4.LTS\lib\</path>
         <kind>archive</kind>
         <file>rts2800_ml.lib</file>
         <name>boot28.asm.obj</name>
      </input_file>
      <input_file id="fl-71">
         <path>C:\ti\ccsv8\tools\compiler\ti-cgt-c2000_18.1.4.LTS\lib\</path>
         <kind>archive</kind>
         <file>rts2800_ml.lib</file>
         <name>args_main.c.obj</name>
      </input_file>
      <input_file id="fl-72">
         <path>C:\ti\ccsv8\tools\compiler\ti-cgt-c2000_18.1.4.LTS\lib\</path>
         <kind>archive</kind>
         <file>rts2800_ml.lib</file>
         <name>startup.c.obj</name>
      </input_file>
      <input_file id="fl-73">
         <path>C:\ti\ccsv8\tools\compiler\ti-cgt-c2000_18.1.4.LTS\lib\</path>
         <kind>archive</kind>
         <file>rts2800_ml.lib</file>
         <name>pre_init.c.obj</name>
      </input_file>
      <input_file id="fl-74">
         <path>C:\ti\ccsv8\tools\compiler\ti-cgt-c2000_18.1.4.LTS\lib\</path>
         <kind>archive</kind>
         <file>rts2800_ml.lib</file>
         <name>s_ceilf.c.obj</name>
      </input_file>
      <input_file id="fl-75">
         <path>C:\ti\ccsv8\tools\compiler\ti-cgt-c2000_18.1.4.LTS\lib\</path>
         <kind>archive</kind>
         <file>rts2800_ml.lib</file>
         <name>cpy_tbl.c.obj</name>
      </input_file>
      <input_file id="fl-76">
         <path>C:\ti\ccsv8\tools\compiler\ti-cgt-c2000_18.1.4.LTS\lib\</path>
         <kind>archive</kind>
         <file>rts2800_ml.lib</file>
         <name>exit.c.obj</name>
      </input_file>
      <input_file id="fl-77">
         <path>C:\ti\ccsv8\tools\compiler\ti-cgt-c2000_18.1.4.LTS\lib\</path>
         <kind>archive</kind>
         <file>rts2800_ml.lib</file>
         <name>_lock.c.obj</name>
      </input_file>
      <input_file id="fl-78">
         <path>C:\ti\ccsv8\tools\compiler\ti-cgt-c2000_18.1.4.LTS\lib\</path>
         <kind>archive</kind>
         <file>rts2800_ml.lib</file>
         <name>e_logf.c.obj</name>
      </input_file>
      <input_file id="fl-79">
         <path>C:\ti\ccsv8\tools\compiler\ti-cgt-c2000_18.1.4.LTS\lib\</path>
         <kind>archive</kind>
         <file>rts2800_ml.lib</file>
         <name>l_tofs28.asm.obj</name>
      </input_file>
      <input_file id="fl-7a">
         <path>C:\ti\ccsv8\tools\compiler\ti-cgt-c2000_18.1.4.LTS\lib\</path>
         <kind>archive</kind>
         <file>rts2800_ml.lib</file>
         <name>errno.c.obj</name>
      </input_file>
      <input_file id="fl-7b">
         <path>C:\ti\ccsv8\tools\compiler\ti-cgt-c2000_18.1.4.LTS\lib\</path>
         <kind>archive</kind>
         <file>rts2800_ml.lib</file>
         <name>memcpy.c.obj</name>
      </input_file>
      <input_file id="fl-7c">
         <path>C:\ti\ccsv8\tools\compiler\ti-cgt-c2000_18.1.4.LTS\lib\</path>
         <kind>archive</kind>
         <file>rts2800_ml.lib</file>
         <name>e_powf.c.obj</name>
      </input_file>
      <input_file id="fl-7d">
         <path>C:\ti\ccsv8\tools\compiler\ti-cgt-c2000_18.1.4.LTS\lib\</path>
         <kind>archive</kind>
         <file>rts2800_ml.lib</file>
         <name>s_scalbnf.c.obj</name>
      </input_file>
      <input_file id="fl-7e">
         <path>C:\ti\ccsv8\tools\compiler\ti-cgt-c2000_18.1.4.LTS\lib\</path>
         <kind>archive</kind>
         <file>rts2800_ml.lib</file>
         <name>s_copysignf.c.obj</name>
      </input_file>
      <input_file id="fl-7f">
         <path>C:\ti\ccsv8\tools\compiler\ti-cgt-c2000_18.1.4.LTS\lib\</path>
         <kind>archive</kind>
         <file>rts2800_ml.lib</file>
         <name>e_sqrtf.c.obj</name>
      </input_file>
   </input_file_list>
   <object_component_list>
      <object_component id="oc-b8">
         <name>.cinit</name>
         <load_address>0x3f43ec</load_address>
         <run_address>0x3f43ec</run_address>
         <size>0x6db</size>
         <input_file_ref idref="fl-1a"/>
      </object_component>
      <object_component id="oc-170">
         <name>.cinit</name>
         <load_address>0x3f4ac7</load_address>
         <run_address>0x3f4ac7</run_address>
         <size>0xe</size>
         <input_file_ref idref="fl-76"/>
      </object_component>
      <object_component id="oc-1b0">
         <name>.cinit:__lock</name>
         <load_address>0x3f4ad5</load_address>
         <run_address>0x3f4ad5</run_address>
         <size>0x5</size>
         <input_file_ref idref="fl-77"/>
      </object_component>
      <object_component id="oc-1ba">
         <name>.cinit:__unlock</name>
         <load_address>0x3f4ada</load_address>
         <run_address>0x3f4ada</run_address>
         <size>0x5</size>
         <input_file_ref idref="fl-77"/>
      </object_component>
      <object_component id="oc-6d">
         <name>.cinit</name>
         <load_address>0x3f4adf</load_address>
         <run_address>0x3f4adf</run_address>
         <size>0x4</size>
         <input_file_ref idref="fl-c"/>
      </object_component>
      <object_component id="oc-187">
         <name>.cinit</name>
         <load_address>0x3f4ae3</load_address>
         <run_address>0x3f4ae3</run_address>
         <size>0x4</size>
         <input_file_ref idref="fl-7a"/>
      </object_component>
      <object_component id="oc-1ab">
         <name>.text</name>
         <load_address>0x3f0000</load_address>
         <run_address>0x3f0000</run_address>
         <size>0x1227</size>
         <input_file_ref idref="fl-1a"/>
      </object_component>
      <object_component id="oc-1b6">
         <name>.text</name>
         <load_address>0x3f1227</load_address>
         <run_address>0x3f1227</run_address>
         <size>0xeea</size>
         <input_file_ref idref="fl-11"/>
      </object_component>
      <object_component id="oc-1b7">
         <name>.text</name>
         <load_address>0x3f2111</load_address>
         <run_address>0x3f2111</run_address>
         <size>0x455</size>
         <input_file_ref idref="fl-b"/>
      </object_component>
      <object_component id="oc-1b1">
         <name>.text</name>
         <load_address>0x3f2566</load_address>
         <run_address>0x3f2566</run_address>
         <size>0x42d</size>
         <input_file_ref idref="fl-24"/>
      </object_component>
      <object_component id="oc-1bd">
         <name>.text</name>
         <load_address>0x3f2993</load_address>
         <run_address>0x3f2993</run_address>
         <size>0x41e</size>
         <input_file_ref idref="fl-7c"/>
      </object_component>
      <object_component id="oc-1c3">
         <name>.text</name>
         <load_address>0x3f2db1</load_address>
         <run_address>0x3f2db1</run_address>
         <size>0x2f7</size>
         <input_file_ref idref="fl-1b"/>
      </object_component>
      <object_component id="oc-1be">
         <name>.text</name>
         <load_address>0x3f30a8</load_address>
         <run_address>0x3f30a8</run_address>
         <size>0x2da</size>
         <input_file_ref idref="fl-c"/>
      </object_component>
      <object_component id="oc-1c6">
         <name>.text</name>
         <load_address>0x3f3382</load_address>
         <run_address>0x3f3382</run_address>
         <size>0x1ee</size>
         <input_file_ref idref="fl-6"/>
      </object_component>
      <object_component id="oc-1c2">
         <name>.text</name>
         <load_address>0x3f3570</load_address>
         <run_address>0x3f3570</run_address>
         <size>0x18a</size>
         <input_file_ref idref="fl-8"/>
      </object_component>
      <object_component id="oc-1bb">
         <name>.text</name>
         <load_address>0x3f36fa</load_address>
         <run_address>0x3f36fa</run_address>
         <size>0x187</size>
         <input_file_ref idref="fl-78"/>
      </object_component>
      <object_component id="oc-1ac">
         <name>.text</name>
         <load_address>0x3f3881</load_address>
         <run_address>0x3f3881</run_address>
         <size>0x12e</size>
         <input_file_ref idref="fl-10"/>
      </object_component>
      <object_component id="oc-1c5">
         <name>.text</name>
         <load_address>0x3f39af</load_address>
         <run_address>0x3f39af</run_address>
         <size>0x129</size>
         <input_file_ref idref="fl-18"/>
      </object_component>
      <object_component id="oc-1c1">
         <name>.text</name>
         <load_address>0x3f3ad8</load_address>
         <run_address>0x3f3ad8</run_address>
         <size>0xeb</size>
         <input_file_ref idref="fl-1e"/>
      </object_component>
      <object_component id="oc-1c0">
         <name>.text</name>
         <load_address>0x3f3bc3</load_address>
         <run_address>0x3f3bc3</run_address>
         <size>0xa5</size>
         <input_file_ref idref="fl-1f"/>
      </object_component>
      <object_component id="oc-f8">
         <name>.text</name>
         <load_address>0x3f3c68</load_address>
         <run_address>0x3f3c68</run_address>
         <size>0x83</size>
         <input_file_ref idref="fl-29"/>
      </object_component>
      <object_component id="oc-10c">
         <name>.text</name>
         <load_address>0x3f3ceb</load_address>
         <run_address>0x3f3ceb</run_address>
         <size>0x83</size>
         <input_file_ref idref="fl-2d"/>
      </object_component>
      <object_component id="oc-102">
         <name>.text</name>
         <load_address>0x3f3d6e</load_address>
         <run_address>0x3f3d6e</run_address>
         <size>0x78</size>
         <input_file_ref idref="fl-2b"/>
      </object_component>
      <object_component id="oc-1d6">
         <name>.text</name>
         <load_address>0x3f3de6</load_address>
         <run_address>0x3f3de6</run_address>
         <size>0x75</size>
         <input_file_ref idref="fl-7f"/>
      </object_component>
      <object_component id="oc-1bc">
         <name>.text</name>
         <load_address>0x3f3e5b</load_address>
         <run_address>0x3f3e5b</run_address>
         <size>0x69</size>
         <input_file_ref idref="fl-74"/>
      </object_component>
      <object_component id="oc-1da">
         <name>.text</name>
         <load_address>0x3f3ec4</load_address>
         <run_address>0x3f3ec4</run_address>
         <size>0x5d</size>
         <input_file_ref idref="fl-7d"/>
      </object_component>
      <object_component id="oc-1c4">
         <name>.text</name>
         <load_address>0x3f3f21</load_address>
         <run_address>0x3f3f21</run_address>
         <size>0x5b</size>
         <input_file_ref idref="fl-19"/>
      </object_component>
      <object_component id="oc-111">
         <name>.text</name>
         <load_address>0x3f3f7c</load_address>
         <run_address>0x3f3f7c</run_address>
         <size>0x5a</size>
         <input_file_ref idref="fl-2e"/>
      </object_component>
      <object_component id="oc-15">
         <name>.text</name>
         <load_address>0x3f3fd6</load_address>
         <run_address>0x3f3fd6</run_address>
         <size>0x54</size>
         <input_file_ref idref="fl-70"/>
      </object_component>
      <object_component id="oc-1c8">
         <name>.text</name>
         <load_address>0x3f402a</load_address>
         <run_address>0x3f402a</run_address>
         <size>0x47</size>
         <input_file_ref idref="fl-14"/>
      </object_component>
      <object_component id="oc-1cb">
         <name>.text</name>
         <load_address>0x3f4071</load_address>
         <run_address>0x3f4071</run_address>
         <size>0x46</size>
         <input_file_ref idref="fl-25"/>
      </object_component>
      <object_component id="oc-1cd">
         <name>.text</name>
         <load_address>0x3f40b7</load_address>
         <run_address>0x3f40b7</run_address>
         <size>0x44</size>
         <input_file_ref idref="fl-1c"/>
      </object_component>
      <object_component id="oc-1bf">
         <name>.text</name>
         <load_address>0x3f40fb</load_address>
         <run_address>0x3f40fb</run_address>
         <size>0x32</size>
         <input_file_ref idref="fl-21"/>
      </object_component>
      <object_component id="oc-1c7">
         <name>.text</name>
         <load_address>0x3f412d</load_address>
         <run_address>0x3f412d</run_address>
         <size>0x2d</size>
         <input_file_ref idref="fl-15"/>
      </object_component>
      <object_component id="oc-1aa">
         <name>.text</name>
         <load_address>0x3f415a</load_address>
         <run_address>0x3f415a</run_address>
         <size>0x29</size>
         <input_file_ref idref="fl-76"/>
      </object_component>
      <object_component id="oc-125">
         <name>.text</name>
         <load_address>0x3f4183</load_address>
         <run_address>0x3f4183</run_address>
         <size>0x29</size>
         <input_file_ref idref="fl-32"/>
      </object_component>
      <object_component id="oc-1c9">
         <name>.text</name>
         <load_address>0x3f41ac</load_address>
         <run_address>0x3f41ac</run_address>
         <size>0x25</size>
         <input_file_ref idref="fl-9"/>
      </object_component>
      <object_component id="oc-120">
         <name>.text</name>
         <load_address>0x3f41d1</load_address>
         <run_address>0x3f41d1</run_address>
         <size>0x25</size>
         <input_file_ref idref="fl-31"/>
      </object_component>
      <object_component id="oc-1a7">
         <name>.text</name>
         <load_address>0x3f41f6</load_address>
         <run_address>0x3f41f6</run_address>
         <size>0x24</size>
         <input_file_ref idref="fl-75"/>
      </object_component>
      <object_component id="oc-1db">
         <name>.text</name>
         <load_address>0x3f421a</load_address>
         <run_address>0x3f421a</run_address>
         <size>0x21</size>
         <input_file_ref idref="fl-e"/>
      </object_component>
      <object_component id="oc-12f">
         <name>.text</name>
         <load_address>0x3f423b</load_address>
         <run_address>0x3f423b</run_address>
         <size>0x21</size>
         <input_file_ref idref="fl-34"/>
      </object_component>
      <object_component id="oc-1cc">
         <name>.text</name>
         <load_address>0x3f425c</load_address>
         <run_address>0x3f425c</run_address>
         <size>0x20</size>
         <input_file_ref idref="fl-f"/>
      </object_component>
      <object_component id="oc-fd">
         <name>.text</name>
         <load_address>0x3f427c</load_address>
         <run_address>0x3f427c</run_address>
         <size>0x1f</size>
         <input_file_ref idref="fl-2a"/>
      </object_component>
      <object_component id="oc-12a">
         <name>.text</name>
         <load_address>0x3f429b</load_address>
         <run_address>0x3f429b</run_address>
         <size>0x1d</size>
         <input_file_ref idref="fl-33"/>
      </object_component>
      <object_component id="oc-134">
         <name>.text</name>
         <load_address>0x3f42b8</load_address>
         <run_address>0x3f42b8</run_address>
         <size>0x1d</size>
         <input_file_ref idref="fl-35"/>
      </object_component>
      <object_component id="oc-1ae">
         <name>.text</name>
         <load_address>0x3f42d5</load_address>
         <run_address>0x3f42d5</run_address>
         <size>0x1d</size>
         <input_file_ref idref="fl-7b"/>
      </object_component>
      <object_component id="oc-11b">
         <name>.text</name>
         <load_address>0x3f42f2</load_address>
         <run_address>0x3f42f2</run_address>
         <size>0x1c</size>
         <input_file_ref idref="fl-30"/>
      </object_component>
      <object_component id="oc-1b8">
         <name>.text</name>
         <load_address>0x3f430e</load_address>
         <run_address>0x3f430e</run_address>
         <size>0x1a</size>
         <input_file_ref idref="fl-a"/>
      </object_component>
      <object_component id="oc-139">
         <name>.text</name>
         <load_address>0x3f4328</load_address>
         <run_address>0x3f4328</run_address>
         <size>0x1a</size>
         <input_file_ref idref="fl-36"/>
      </object_component>
      <object_component id="oc-181">
         <name>.text</name>
         <load_address>0x3f4342</load_address>
         <run_address>0x3f4342</run_address>
         <size>0x1a</size>
         <input_file_ref idref="fl-79"/>
      </object_component>
      <object_component id="oc-1a9">
         <name>.text</name>
         <load_address>0x3f435c</load_address>
         <run_address>0x3f435c</run_address>
         <size>0x19</size>
         <input_file_ref idref="fl-71"/>
      </object_component>
      <object_component id="oc-107">
         <name>.text</name>
         <load_address>0x3f4375</load_address>
         <run_address>0x3f4375</run_address>
         <size>0x17</size>
         <input_file_ref idref="fl-2c"/>
      </object_component>
      <object_component id="oc-143">
         <name>.text</name>
         <load_address>0x3f438c</load_address>
         <run_address>0x3f438c</run_address>
         <size>0x13</size>
         <input_file_ref idref="fl-38"/>
      </object_component>
      <object_component id="oc-13e">
         <name>.text</name>
         <load_address>0x3f439f</load_address>
         <run_address>0x3f439f</run_address>
         <size>0x10</size>
         <input_file_ref idref="fl-37"/>
      </object_component>
      <object_component id="oc-1b5">
         <name>.text</name>
         <load_address>0x3f43af</load_address>
         <run_address>0x3f43af</run_address>
         <size>0xf</size>
         <input_file_ref idref="fl-13"/>
      </object_component>
      <object_component id="oc-1dd">
         <name>.text</name>
         <load_address>0x3f43be</load_address>
         <run_address>0x3f43be</run_address>
         <size>0xa</size>
         <input_file_ref idref="fl-7e"/>
      </object_component>
      <object_component id="oc-1b9">
         <name>.text</name>
         <load_address>0x3f43c8</load_address>
         <run_address>0x3f43c8</run_address>
         <size>0x9</size>
         <input_file_ref idref="fl-77"/>
      </object_component>
      <object_component id="oc-46">
         <name>.text</name>
         <load_address>0x3f43d1</load_address>
         <run_address>0x3f43d1</run_address>
         <size>0x8</size>
         <input_file_ref idref="fl-5"/>
      </object_component>
      <object_component id="oc-1ce">
         <name>.text</name>
         <load_address>0x3f43d9</load_address>
         <run_address>0x3f43d9</run_address>
         <size>0x6</size>
         <input_file_ref idref="fl-1d"/>
      </object_component>
      <object_component id="oc-ad">
         <name>.text:retain</name>
         <load_address>0x3f43df</load_address>
         <run_address>0x3f43df</run_address>
         <size>0x5</size>
         <input_file_ref idref="fl-18"/>
      </object_component>
      <object_component id="oc-116">
         <name>.text</name>
         <load_address>0x3f43e4</load_address>
         <run_address>0x3f43e4</run_address>
         <size>0x5</size>
         <input_file_ref idref="fl-2f"/>
      </object_component>
      <object_component id="oc-1a6">
         <name>.text</name>
         <load_address>0x3f43e9</load_address>
         <run_address>0x3f43e9</run_address>
         <size>0x2</size>
         <input_file_ref idref="fl-73"/>
      </object_component>
      <object_component id="oc-1a8">
         <name>.text</name>
         <load_address>0x3f43eb</load_address>
         <run_address>0x3f43eb</run_address>
         <size>0x1</size>
         <input_file_ref idref="fl-72"/>
      </object_component>
      <object_component id="oc-47">
         <name>codestart</name>
         <load_address>0x3f7ff6</load_address>
         <run_address>0x3f7ff6</run_address>
         <size>0x2</size>
         <input_file_ref idref="fl-5"/>
      </object_component>
      <object_component id="oc-ba">
         <name>ramfuncs:retain</name>
         <load_address>0x3e8000</load_address>
         <run_address>0x8000</run_address>
         <size>0xa1c</size>
         <input_file_ref idref="fl-1a"/>
      </object_component>
      <object_component id="oc-1ad">
         <name>ramfuncs</name>
         <load_address>0x3e8a1c</load_address>
         <run_address>0x8a1c</run_address>
         <size>0x54f</size>
         <input_file_ref idref="fl-b"/>
      </object_component>
      <object_component id="oc-1dc">
         <name>ramfuncs</name>
         <load_address>0x3e8f6b</load_address>
         <run_address>0x8f6b</run_address>
         <size>0x32</size>
         <input_file_ref idref="fl-f"/>
      </object_component>
      <object_component id="oc-1ca">
         <name>ramfuncs</name>
         <load_address>0x3e8f9d</load_address>
         <run_address>0x8f9d</run_address>
         <size>0x1e</size>
         <input_file_ref idref="fl-11"/>
      </object_component>
      <object_component id="oc-e8">
         <name>ramfuncs</name>
         <load_address>0x3e8fbb</load_address>
         <run_address>0x8fbb</run_address>
         <size>0x4</size>
         <input_file_ref idref="fl-23"/>
      </object_component>
      <object_component id="oc-14f">
         <name>.stack</name>
         <uninitialized>true</uninitialized>
         <run_address>0x50</run_address>
         <size>0x0</size>
         <input_file_ref idref="fl-70"/>
      </object_component>
      <object_component id="oc-1fc">
         <name>.stack</name>
         <uninitialized>true</uninitialized>
         <run_address>0x50</run_address>
         <size>0x0</size>
      </object_component>
      <object_component id="oc-5c">
         <name>.ebss</name>
         <uninitialized>true</uninitialized>
         <run_address>0x9754</run_address>
         <size>0x1</size>
         <input_file_ref idref="fl-9"/>
      </object_component>
      <object_component id="oc-6e">
         <name>.ebss</name>
         <uninitialized>true</uninitialized>
         <run_address>0x9752</run_address>
         <size>0x2</size>
         <input_file_ref idref="fl-c"/>
      </object_component>
      <object_component id="oc-88">
         <name>.ebss</name>
         <uninitialized>true</uninitialized>
         <run_address>0x9780</run_address>
         <size>0xf0</size>
         <input_file_ref idref="fl-11"/>
      </object_component>
      <object_component id="oc-b9">
         <name>.ebss</name>
         <uninitialized>true</uninitialized>
         <run_address>0x9000</run_address>
         <size>0x748</size>
         <input_file_ref idref="fl-1a"/>
      </object_component>
      <object_component id="oc-171">
         <name>.ebss</name>
         <uninitialized>true</uninitialized>
         <run_address>0x9748</run_address>
         <size>0x6</size>
         <input_file_ref idref="fl-76"/>
      </object_component>
      <object_component id="oc-1d5">
         <name>.ebss:__unlock</name>
         <uninitialized>true</uninitialized>
         <run_address>0x9750</run_address>
         <size>0x2</size>
         <input_file_ref idref="fl-77"/>
      </object_component>
      <object_component id="oc-1af">
         <name>.ebss:__lock</name>
         <uninitialized>true</uninitialized>
         <run_address>0x974e</run_address>
         <size>0x2</size>
         <input_file_ref idref="fl-77"/>
      </object_component>
      <object_component id="oc-188">
         <name>.ebss</name>
         <uninitialized>true</uninitialized>
         <run_address>0x9755</run_address>
         <size>0x1</size>
         <input_file_ref idref="fl-7a"/>
      </object_component>
      <object_component id="oc-190">
         <name>.econst</name>
         <load_address>0x3f4bb8</load_address>
         <run_address>0x3f4bb8</run_address>
         <size>0x32</size>
         <input_file_ref idref="fl-7c"/>
      </object_component>
      <object_component id="oc-17c">
         <name>.econst</name>
         <load_address>0x3f4bea</load_address>
         <run_address>0x3f4bea</run_address>
         <size>0x10</size>
         <input_file_ref idref="fl-78"/>
      </object_component>
      <object_component id="oc-bb">
         <name>.econst</name>
         <load_address>0x3f4bfa</load_address>
         <run_address>0x3f4bfa</run_address>
         <size>0x8</size>
         <input_file_ref idref="fl-1a"/>
      </object_component>
      <object_component id="oc-ee">
         <name>.econst</name>
         <load_address>0x3f4c02</load_address>
         <run_address>0x3f4c02</run_address>
         <size>0x8</size>
         <input_file_ref idref="fl-24"/>
      </object_component>
      <object_component id="oc-196">
         <name>.econst</name>
         <load_address>0x3f4c0a</load_address>
         <run_address>0x3f4c0a</run_address>
         <size>0x6</size>
         <input_file_ref idref="fl-7d"/>
      </object_component>
      <object_component id="oc-1cf">
         <name>.econst:_$P$T0$1</name>
         <load_address>0x3f4c10</load_address>
         <run_address>0x3f4c10</run_address>
         <size>0x4</size>
         <input_file_ref idref="fl-b"/>
      </object_component>
      <object_component id="oc-1d0">
         <name>.econst:_$P$T1$2</name>
         <load_address>0x3f4c14</load_address>
         <run_address>0x3f4c14</run_address>
         <size>0x4</size>
         <input_file_ref idref="fl-b"/>
      </object_component>
      <object_component id="oc-1d1">
         <name>.econst:_$P$T2$3</name>
         <load_address>0x3f4c18</load_address>
         <run_address>0x3f4c18</run_address>
         <size>0x4</size>
         <input_file_ref idref="fl-b"/>
      </object_component>
      <object_component id="oc-1d2">
         <name>.econst:_$P$T3$4</name>
         <load_address>0x3f4c1c</load_address>
         <run_address>0x3f4c1c</run_address>
         <size>0x4</size>
         <input_file_ref idref="fl-b"/>
      </object_component>
      <object_component id="oc-1d3">
         <name>.econst:_$P$T4$5</name>
         <load_address>0x3f4c20</load_address>
         <run_address>0x3f4c20</run_address>
         <size>0x4</size>
         <input_file_ref idref="fl-b"/>
      </object_component>
      <object_component id="oc-1d4">
         <name>.econst:_$P$T5$6</name>
         <load_address>0x3f4c24</load_address>
         <run_address>0x3f4c24</run_address>
         <size>0x4</size>
         <input_file_ref idref="fl-b"/>
      </object_component>
      <object_component id="oc-1d7">
         <name>.econst:_bp</name>
         <load_address>0x3f4c28</load_address>
         <run_address>0x3f4c28</run_address>
         <size>0x4</size>
         <input_file_ref idref="fl-7c"/>
      </object_component>
      <object_component id="oc-1d8">
         <name>.econst:_dp_h</name>
         <load_address>0x3f4c2c</load_address>
         <run_address>0x3f4c2c</run_address>
         <size>0x4</size>
         <input_file_ref idref="fl-7c"/>
      </object_component>
      <object_component id="oc-1d9">
         <name>.econst:_dp_l</name>
         <load_address>0x3f4c30</load_address>
         <run_address>0x3f4c30</run_address>
         <size>0x4</size>
         <input_file_ref idref="fl-7c"/>
      </object_component>
      <object_component id="oc-67">
         <name>.econst</name>
         <load_address>0x3f4c34</load_address>
         <run_address>0x3f4c34</run_address>
         <size>0x4</size>
         <input_file_ref idref="fl-b"/>
      </object_component>
      <object_component id="oc-89">
         <name>.econst</name>
         <load_address>0x3f4c38</load_address>
         <run_address>0x3f4c38</run_address>
         <size>0x4</size>
         <input_file_ref idref="fl-11"/>
      </object_component>
      <object_component id="oc-1a1">
         <name>.econst</name>
         <load_address>0x3f4c3c</load_address>
         <run_address>0x3f4c3c</run_address>
         <size>0x4</size>
         <input_file_ref idref="fl-7f"/>
      </object_component>
      <object_component id="oc-165">
         <name>.econst</name>
         <load_address>0x3f4c40</load_address>
         <run_address>0x3f4c40</run_address>
         <size>0x2</size>
         <input_file_ref idref="fl-74"/>
      </object_component>
      <object_component id="oc-1b3">
         <name>.switch:_send_packet_over_ble_or_usb</name>
         <load_address>0x3f4c42</load_address>
         <run_address>0x3f4c42</run_address>
         <size>0x32</size>
         <input_file_ref idref="fl-1a"/>
      </object_component>
      <object_component id="oc-1b2">
         <name>.switch:_send_packet_over_serial</name>
         <load_address>0x3f4c74</load_address>
         <run_address>0x3f4c74</run_address>
         <size>0x1e</size>
         <input_file_ref idref="fl-1a"/>
      </object_component>
      <object_component id="oc-1b4">
         <name>.switch:_read_valid_packet</name>
         <load_address>0x3f4c92</load_address>
         <run_address>0x3f4c92</run_address>
         <size>0x18</size>
         <input_file_ref idref="fl-1a"/>
      </object_component>
      <object_component id="oc-14c">
         <name>IQmath</name>
         <load_address>0x3f4ae9</load_address>
         <run_address>0x3f4ae9</run_address>
         <size>0x42</size>
         <input_file_ref idref="fl-6d"/>
      </object_component>
      <object_component id="oc-14b">
         <name>IQmath</name>
         <load_address>0x3f4b2b</load_address>
         <run_address>0x3f4b2b</run_address>
         <size>0x29</size>
         <input_file_ref idref="fl-6c"/>
      </object_component>
      <object_component id="oc-148">
         <name>IQmath</name>
         <load_address>0x3f4b54</load_address>
         <run_address>0x3f4b54</run_address>
         <size>0x27</size>
         <input_file_ref idref="fl-69"/>
      </object_component>
      <object_component id="oc-14a">
         <name>IQmath</name>
         <load_address>0x3f4b7b</load_address>
         <run_address>0x3f4b7b</run_address>
         <size>0x14</size>
         <input_file_ref idref="fl-6b"/>
      </object_component>
      <object_component id="oc-14d">
         <name>IQmath</name>
         <load_address>0x3f4b8f</load_address>
         <run_address>0x3f4b8f</run_address>
         <size>0x14</size>
         <input_file_ref idref="fl-6e"/>
      </object_component>
      <object_component id="oc-14e">
         <name>IQmath</name>
         <load_address>0x3f4ba3</load_address>
         <run_address>0x3f4ba3</run_address>
         <size>0x14</size>
         <input_file_ref idref="fl-6f"/>
      </object_component>
      <object_component id="oc-149">
         <name>IQmathTables</name>
         <load_address>0x3fdc30</load_address>
         <run_address>0x3fdc30</run_address>
         <size>0xb50</size>
         <input_file_ref idref="fl-6a"/>
      </object_component>
      <object_component id="oc-150">
         <name>.reset</name>
         <load_address>0x3fffc0</load_address>
         <run_address>0x3fffc0</run_address>
         <size>0x2</size>
         <input_file_ref idref="fl-70"/>
      </object_component>
      <object_component id="oc-48">
         <name>.debug_info</name>
         <load_address>0x0</load_address>
         <run_address>0x0</run_address>
         <size>0x239</size>
         <input_file_ref idref="fl-5"/>
      </object_component>
      <object_component id="oc-4c">
         <name>.debug_info</name>
         <load_address>0x239</load_address>
         <run_address>0x239</run_address>
         <size>0x44f3</size>
         <input_file_ref idref="fl-6"/>
      </object_component>
      <object_component id="oc-51">
         <name>.debug_info</name>
         <load_address>0x472c</load_address>
         <run_address>0x472c</run_address>
         <size>0x40f</size>
         <input_file_ref idref="fl-7"/>
      </object_component>
      <object_component id="oc-56">
         <name>.debug_info</name>
         <load_address>0x4b3b</load_address>
         <run_address>0x4b3b</run_address>
         <size>0x4c26</size>
         <input_file_ref idref="fl-8"/>
      </object_component>
      <object_component id="oc-5b">
         <name>.debug_info</name>
         <load_address>0x9761</load_address>
         <run_address>0x9761</run_address>
         <size>0x10bd</size>
         <input_file_ref idref="fl-9"/>
      </object_component>
      <object_component id="oc-61">
         <name>.debug_info</name>
         <load_address>0xa81e</load_address>
         <run_address>0xa81e</run_address>
         <size>0x850</size>
         <input_file_ref idref="fl-a"/>
      </object_component>
      <object_component id="oc-66">
         <name>.debug_info</name>
         <load_address>0xb06e</load_address>
         <run_address>0xb06e</run_address>
         <size>0xbb4f</size>
         <input_file_ref idref="fl-b"/>
      </object_component>
      <object_component id="oc-6c">
         <name>.debug_info</name>
         <load_address>0x16bbd</load_address>
         <run_address>0x16bbd</run_address>
         <size>0x4fa2</size>
         <input_file_ref idref="fl-c"/>
      </object_component>
      <object_component id="oc-73">
         <name>.debug_info</name>
         <load_address>0x1bb5f</load_address>
         <run_address>0x1bb5f</run_address>
         <size>0x70d</size>
         <input_file_ref idref="fl-d"/>
      </object_component>
      <object_component id="oc-78">
         <name>.debug_info</name>
         <load_address>0x1c26c</load_address>
         <run_address>0x1c26c</run_address>
         <size>0xd1e</size>
         <input_file_ref idref="fl-e"/>
      </object_component>
      <object_component id="oc-7d">
         <name>.debug_info</name>
         <load_address>0x1cf8a</load_address>
         <run_address>0x1cf8a</run_address>
         <size>0x20d4</size>
         <input_file_ref idref="fl-f"/>
      </object_component>
      <object_component id="oc-82">
         <name>.debug_info</name>
         <load_address>0x1f05e</load_address>
         <run_address>0x1f05e</run_address>
         <size>0x320f</size>
         <input_file_ref idref="fl-10"/>
      </object_component>
      <object_component id="oc-87">
         <name>.debug_info</name>
         <load_address>0x2226d</load_address>
         <run_address>0x2226d</run_address>
         <size>0x153f5</size>
         <input_file_ref idref="fl-11"/>
      </object_component>
      <object_component id="oc-8e">
         <name>.debug_info</name>
         <load_address>0x37662</load_address>
         <run_address>0x37662</run_address>
         <size>0x3be</size>
         <input_file_ref idref="fl-12"/>
      </object_component>
      <object_component id="oc-93">
         <name>.debug_info</name>
         <load_address>0x37a20</load_address>
         <run_address>0x37a20</run_address>
         <size>0x4ce</size>
         <input_file_ref idref="fl-13"/>
      </object_component>
      <object_component id="oc-98">
         <name>.debug_info</name>
         <load_address>0x37eee</load_address>
         <run_address>0x37eee</run_address>
         <size>0xca9</size>
         <input_file_ref idref="fl-14"/>
      </object_component>
      <object_component id="oc-9d">
         <name>.debug_info</name>
         <load_address>0x38b97</load_address>
         <run_address>0x38b97</run_address>
         <size>0xa35</size>
         <input_file_ref idref="fl-15"/>
      </object_component>
      <object_component id="oc-a2">
         <name>.debug_info</name>
         <load_address>0x395cc</load_address>
         <run_address>0x395cc</run_address>
         <size>0x3ba</size>
         <input_file_ref idref="fl-16"/>
      </object_component>
      <object_component id="oc-a7">
         <name>.debug_info</name>
         <load_address>0x39986</load_address>
         <run_address>0x39986</run_address>
         <size>0x4e9</size>
         <input_file_ref idref="fl-17"/>
      </object_component>
      <object_component id="oc-ac">
         <name>.debug_info</name>
         <load_address>0x39e6f</load_address>
         <run_address>0x39e6f</run_address>
         <size>0x4664</size>
         <input_file_ref idref="fl-18"/>
      </object_component>
      <object_component id="oc-b2">
         <name>.debug_info</name>
         <load_address>0x3e4d3</load_address>
         <run_address>0x3e4d3</run_address>
         <size>0x1adc</size>
         <input_file_ref idref="fl-19"/>
      </object_component>
      <object_component id="oc-b7">
         <name>.debug_info</name>
         <load_address>0x3ffaf</load_address>
         <run_address>0x3ffaf</run_address>
         <size>0x13863</size>
         <input_file_ref idref="fl-1a"/>
      </object_component>
      <object_component id="oc-c0">
         <name>.debug_info</name>
         <load_address>0x53812</load_address>
         <run_address>0x53812</run_address>
         <size>0xb209</size>
         <input_file_ref idref="fl-1b"/>
      </object_component>
      <object_component id="oc-c5">
         <name>.debug_info</name>
         <load_address>0x5ea1b</load_address>
         <run_address>0x5ea1b</run_address>
         <size>0x13ba</size>
         <input_file_ref idref="fl-1c"/>
      </object_component>
      <object_component id="oc-ca">
         <name>.debug_info</name>
         <load_address>0x5fdd5</load_address>
         <run_address>0x5fdd5</run_address>
         <size>0x717</size>
         <input_file_ref idref="fl-1d"/>
      </object_component>
      <object_component id="oc-cf">
         <name>.debug_info</name>
         <load_address>0x604ec</load_address>
         <run_address>0x604ec</run_address>
         <size>0x4557</size>
         <input_file_ref idref="fl-1e"/>
      </object_component>
      <object_component id="oc-d4">
         <name>.debug_info</name>
         <load_address>0x64a43</load_address>
         <run_address>0x64a43</run_address>
         <size>0x38e2</size>
         <input_file_ref idref="fl-1f"/>
      </object_component>
      <object_component id="oc-d9">
         <name>.debug_info</name>
         <load_address>0x68325</load_address>
         <run_address>0x68325</run_address>
         <size>0x3b8</size>
         <input_file_ref idref="fl-20"/>
      </object_component>
      <object_component id="oc-de">
         <name>.debug_info</name>
         <load_address>0x686dd</load_address>
         <run_address>0x686dd</run_address>
         <size>0xf50</size>
         <input_file_ref idref="fl-21"/>
      </object_component>
      <object_component id="oc-e3">
         <name>.debug_info</name>
         <load_address>0x6962d</load_address>
         <run_address>0x6962d</run_address>
         <size>0x420</size>
         <input_file_ref idref="fl-22"/>
      </object_component>
      <object_component id="oc-e9">
         <name>.debug_info</name>
         <load_address>0x69a4d</load_address>
         <run_address>0x69a4d</run_address>
         <size>0x1bb</size>
         <input_file_ref idref="fl-23"/>
      </object_component>
      <object_component id="oc-ed">
         <name>.debug_info</name>
         <load_address>0x69c08</load_address>
         <run_address>0x69c08</run_address>
         <size>0x4a4b</size>
         <input_file_ref idref="fl-24"/>
      </object_component>
      <object_component id="oc-f3">
         <name>.debug_info</name>
         <load_address>0x6e653</load_address>
         <run_address>0x6e653</run_address>
         <size>0x131a</size>
         <input_file_ref idref="fl-25"/>
      </object_component>
      <object_component id="oc-f9">
         <name>.debug_info</name>
         <load_address>0x6f96d</load_address>
         <run_address>0x6f96d</run_address>
         <size>0x117</size>
         <input_file_ref idref="fl-29"/>
      </object_component>
      <object_component id="oc-fe">
         <name>.debug_info</name>
         <load_address>0x6fa84</load_address>
         <run_address>0x6fa84</run_address>
         <size>0x117</size>
         <input_file_ref idref="fl-2a"/>
      </object_component>
      <object_component id="oc-103">
         <name>.debug_info</name>
         <load_address>0x6fb9b</load_address>
         <run_address>0x6fb9b</run_address>
         <size>0x117</size>
         <input_file_ref idref="fl-2b"/>
      </object_component>
      <object_component id="oc-108">
         <name>.debug_info</name>
         <load_address>0x6fcb2</load_address>
         <run_address>0x6fcb2</run_address>
         <size>0x117</size>
         <input_file_ref idref="fl-2c"/>
      </object_component>
      <object_component id="oc-10d">
         <name>.debug_info</name>
         <load_address>0x6fdc9</load_address>
         <run_address>0x6fdc9</run_address>
         <size>0x117</size>
         <input_file_ref idref="fl-2d"/>
      </object_component>
      <object_component id="oc-112">
         <name>.debug_info</name>
         <load_address>0x6fee0</load_address>
         <run_address>0x6fee0</run_address>
         <size>0x117</size>
         <input_file_ref idref="fl-2e"/>
      </object_component>
      <object_component id="oc-117">
         <name>.debug_info</name>
         <load_address>0x6fff7</load_address>
         <run_address>0x6fff7</run_address>
         <size>0x117</size>
         <input_file_ref idref="fl-2f"/>
      </object_component>
      <object_component id="oc-11c">
         <name>.debug_info</name>
         <load_address>0x7010e</load_address>
         <run_address>0x7010e</run_address>
         <size>0x11a</size>
         <input_file_ref idref="fl-30"/>
      </object_component>
      <object_component id="oc-121">
         <name>.debug_info</name>
         <load_address>0x70228</load_address>
         <run_address>0x70228</run_address>
         <size>0x123</size>
         <input_file_ref idref="fl-31"/>
      </object_component>
      <object_component id="oc-126">
         <name>.debug_info</name>
         <load_address>0x7034b</load_address>
         <run_address>0x7034b</run_address>
         <size>0x123</size>
         <input_file_ref idref="fl-32"/>
      </object_component>
      <object_component id="oc-12b">
         <name>.debug_info</name>
         <load_address>0x7046e</load_address>
         <run_address>0x7046e</run_address>
         <size>0x123</size>
         <input_file_ref idref="fl-33"/>
      </object_component>
      <object_component id="oc-130">
         <name>.debug_info</name>
         <load_address>0x70591</load_address>
         <run_address>0x70591</run_address>
         <size>0x126</size>
         <input_file_ref idref="fl-34"/>
      </object_component>
      <object_component id="oc-135">
         <name>.debug_info</name>
         <load_address>0x706b7</load_address>
         <run_address>0x706b7</run_address>
         <size>0x11b</size>
         <input_file_ref idref="fl-35"/>
      </object_component>
      <object_component id="oc-13a">
         <name>.debug_info</name>
         <load_address>0x707d2</load_address>
         <run_address>0x707d2</run_address>
         <size>0x121</size>
         <input_file_ref idref="fl-36"/>
      </object_component>
      <object_component id="oc-13f">
         <name>.debug_info</name>
         <load_address>0x708f3</load_address>
         <run_address>0x708f3</run_address>
         <size>0x11b</size>
         <input_file_ref idref="fl-37"/>
      </object_component>
      <object_component id="oc-144">
         <name>.debug_info</name>
         <load_address>0x70a0e</load_address>
         <run_address>0x70a0e</run_address>
         <size>0x11e</size>
         <input_file_ref idref="fl-38"/>
      </object_component>
      <object_component id="oc-151">
         <name>.debug_info</name>
         <load_address>0x70b2c</load_address>
         <run_address>0x70b2c</run_address>
         <size>0x176</size>
         <input_file_ref idref="fl-70"/>
      </object_component>
      <object_component id="oc-155">
         <name>.debug_info</name>
         <load_address>0x70ca2</load_address>
         <run_address>0x70ca2</run_address>
         <size>0x400</size>
         <input_file_ref idref="fl-71"/>
      </object_component>
      <object_component id="oc-15a">
         <name>.debug_info</name>
         <load_address>0x710a2</load_address>
         <run_address>0x710a2</run_address>
         <size>0x343</size>
         <input_file_ref idref="fl-72"/>
      </object_component>
      <object_component id="oc-15f">
         <name>.debug_info</name>
         <load_address>0x713e5</load_address>
         <run_address>0x713e5</run_address>
         <size>0x346</size>
         <input_file_ref idref="fl-73"/>
      </object_component>
      <object_component id="oc-164">
         <name>.debug_info</name>
         <load_address>0x7172b</load_address>
         <run_address>0x7172b</run_address>
         <size>0x3f0</size>
         <input_file_ref idref="fl-74"/>
      </object_component>
      <object_component id="oc-16a">
         <name>.debug_info</name>
         <load_address>0x71b1b</load_address>
         <run_address>0x71b1b</run_address>
         <size>0x4d8</size>
         <input_file_ref idref="fl-75"/>
      </object_component>
      <object_component id="oc-16f">
         <name>.debug_info</name>
         <load_address>0x71ff3</load_address>
         <run_address>0x71ff3</run_address>
         <size>0x4dd</size>
         <input_file_ref idref="fl-76"/>
      </object_component>
      <object_component id="oc-176">
         <name>.debug_info</name>
         <load_address>0x724d0</load_address>
         <run_address>0x724d0</run_address>
         <size>0x465</size>
         <input_file_ref idref="fl-77"/>
      </object_component>
      <object_component id="oc-17b">
         <name>.debug_info</name>
         <load_address>0x72935</load_address>
         <run_address>0x72935</run_address>
         <size>0x72a</size>
         <input_file_ref idref="fl-78"/>
      </object_component>
      <object_component id="oc-182">
         <name>.debug_info</name>
         <load_address>0x7305f</load_address>
         <run_address>0x7305f</run_address>
         <size>0x121</size>
         <input_file_ref idref="fl-79"/>
      </object_component>
      <object_component id="oc-186">
         <name>.debug_info</name>
         <load_address>0x73180</load_address>
         <run_address>0x73180</run_address>
         <size>0x1c6</size>
         <input_file_ref idref="fl-7a"/>
      </object_component>
      <object_component id="oc-18a">
         <name>.debug_info</name>
         <load_address>0x73346</load_address>
         <run_address>0x73346</run_address>
         <size>0x3d3</size>
         <input_file_ref idref="fl-7b"/>
      </object_component>
      <object_component id="oc-18f">
         <name>.debug_info</name>
         <load_address>0x73719</load_address>
         <run_address>0x73719</run_address>
         <size>0xe08</size>
         <input_file_ref idref="fl-7c"/>
      </object_component>
      <object_component id="oc-195">
         <name>.debug_info</name>
         <load_address>0x74521</load_address>
         <run_address>0x74521</run_address>
         <size>0x465</size>
         <input_file_ref idref="fl-7d"/>
      </object_component>
      <object_component id="oc-19b">
         <name>.debug_info</name>
         <load_address>0x74986</load_address>
         <run_address>0x74986</run_address>
         <size>0x375</size>
         <input_file_ref idref="fl-7e"/>
      </object_component>
      <object_component id="oc-1a0">
         <name>.debug_info</name>
         <load_address>0x74cfb</load_address>
         <run_address>0x74cfb</run_address>
         <size>0x41d</size>
         <input_file_ref idref="fl-7f"/>
      </object_component>
      <object_component id="oc-1fd">
         <name>.debug_info</name>
         <load_address>0x75118</load_address>
         <run_address>0x75118</run_address>
         <size>0xfa</size>
      </object_component>
      <object_component id="oc-49">
         <name>.debug_line</name>
         <load_address>0x0</load_address>
         <run_address>0x0</run_address>
         <size>0xa4</size>
         <input_file_ref idref="fl-5"/>
      </object_component>
      <object_component id="oc-4e">
         <name>.debug_line</name>
         <load_address>0xa4</load_address>
         <run_address>0xa4</run_address>
         <size>0x374</size>
         <input_file_ref idref="fl-6"/>
      </object_component>
      <object_component id="oc-53">
         <name>.debug_line</name>
         <load_address>0x418</load_address>
         <run_address>0x418</run_address>
         <size>0x6c</size>
         <input_file_ref idref="fl-7"/>
      </object_component>
      <object_component id="oc-58">
         <name>.debug_line</name>
         <load_address>0x484</load_address>
         <run_address>0x484</run_address>
         <size>0x58a</size>
         <input_file_ref idref="fl-8"/>
      </object_component>
      <object_component id="oc-5e">
         <name>.debug_line</name>
         <load_address>0xa0e</load_address>
         <run_address>0xa0e</run_address>
         <size>0x151</size>
         <input_file_ref idref="fl-9"/>
      </object_component>
      <object_component id="oc-63">
         <name>.debug_line</name>
         <load_address>0xb5f</load_address>
         <run_address>0xb5f</run_address>
         <size>0xa2</size>
         <input_file_ref idref="fl-a"/>
      </object_component>
      <object_component id="oc-69">
         <name>.debug_line</name>
         <load_address>0xc01</load_address>
         <run_address>0xc01</run_address>
         <size>0x1470</size>
         <input_file_ref idref="fl-b"/>
      </object_component>
      <object_component id="oc-70">
         <name>.debug_line</name>
         <load_address>0x2071</load_address>
         <run_address>0x2071</run_address>
         <size>0x737</size>
         <input_file_ref idref="fl-c"/>
      </object_component>
      <object_component id="oc-75">
         <name>.debug_line</name>
         <load_address>0x27a8</load_address>
         <run_address>0x27a8</run_address>
         <size>0xaf</size>
         <input_file_ref idref="fl-d"/>
      </object_component>
      <object_component id="oc-7a">
         <name>.debug_line</name>
         <load_address>0x2857</load_address>
         <run_address>0x2857</run_address>
         <size>0x10f</size>
         <input_file_ref idref="fl-e"/>
      </object_component>
      <object_component id="oc-7f">
         <name>.debug_line</name>
         <load_address>0x2966</load_address>
         <run_address>0x2966</run_address>
         <size>0x1d9</size>
         <input_file_ref idref="fl-f"/>
      </object_component>
      <object_component id="oc-84">
         <name>.debug_line</name>
         <load_address>0x2b3f</load_address>
         <run_address>0x2b3f</run_address>
         <size>0x23a</size>
         <input_file_ref idref="fl-10"/>
      </object_component>
      <object_component id="oc-8b">
         <name>.debug_line</name>
         <load_address>0x2d79</load_address>
         <run_address>0x2d79</run_address>
         <size>0x1212</size>
         <input_file_ref idref="fl-11"/>
      </object_component>
      <object_component id="oc-90">
         <name>.debug_line</name>
         <load_address>0x3f8b</load_address>
         <run_address>0x3f8b</run_address>
         <size>0x6a</size>
         <input_file_ref idref="fl-12"/>
      </object_component>
      <object_component id="oc-95">
         <name>.debug_line</name>
         <load_address>0x3ff5</load_address>
         <run_address>0x3ff5</run_address>
         <size>0x8b</size>
         <input_file_ref idref="fl-13"/>
      </object_component>
      <object_component id="oc-9a">
         <name>.debug_line</name>
         <load_address>0x4080</load_address>
         <run_address>0x4080</run_address>
         <size>0xf5</size>
         <input_file_ref idref="fl-14"/>
      </object_component>
      <object_component id="oc-9f">
         <name>.debug_line</name>
         <load_address>0x4175</load_address>
         <run_address>0x4175</run_address>
         <size>0xd9</size>
         <input_file_ref idref="fl-15"/>
      </object_component>
      <object_component id="oc-a4">
         <name>.debug_line</name>
         <load_address>0x424e</load_address>
         <run_address>0x424e</run_address>
         <size>0x68</size>
         <input_file_ref idref="fl-16"/>
      </object_component>
      <object_component id="oc-a9">
         <name>.debug_line</name>
         <load_address>0x42b6</load_address>
         <run_address>0x42b6</run_address>
         <size>0xaf</size>
         <input_file_ref idref="fl-17"/>
      </object_component>
      <object_component id="oc-af">
         <name>.debug_line</name>
         <load_address>0x4365</load_address>
         <run_address>0x4365</run_address>
         <size>0x30b</size>
         <input_file_ref idref="fl-18"/>
      </object_component>
      <object_component id="oc-b4">
         <name>.debug_line</name>
         <load_address>0x4670</load_address>
         <run_address>0x4670</run_address>
         <size>0x1e8</size>
         <input_file_ref idref="fl-19"/>
      </object_component>
      <object_component id="oc-bd">
         <name>.debug_line</name>
         <load_address>0x4858</load_address>
         <run_address>0x4858</run_address>
         <size>0x1f11</size>
         <input_file_ref idref="fl-1a"/>
      </object_component>
      <object_component id="oc-c2">
[...]
      </symbol>
      <symbol id="sm-8e7">
         <name>UL$$TOFS</name>
         <value>0x3f438c</value>
         <object_component_ref idref="oc-143"/>
      </symbol>
      <symbol id="sm-8e9">
         <name>_CTRL_getVersion</name>
         <value>0x3fa721</value>
      </symbol>
      <symbol id="sm-8eb">
         <name>_CTRL_initCtrl</name>
         <value>0x3fa6fb</value>
      </symbol>
      <symbol id="sm-8ed">
         <name>_CTRL_runTraj</name>
         <value>0x3fa5d1</value>
      </symbol>
      <symbol id="sm-8ef">
         <name>_CTRL_setEstParams</name>
         <value>0x3f9e64</value>
      </symbol>
      <symbol id="sm-8f1">
         <name>_CTRL_setUserMotorParams</name>
         <value>0x3f9d31</value>
      </symbol>
      <symbol id="sm-8f3">
         <name>_CTRL_setupCtrl</name>
         <value>0x3f9b43</value>
      </symbol>
      <symbol id="sm-8f5">
         <name>_CTRL_setupEstIdleState</name>
         <value>0x3f99a5</value>
      </symbol>
      <symbol id="sm-8f7">
         <name>_CTRL_setupEstOnLineState</name>
         <value>0x3f996a</value>
      </symbol>
      <symbol id="sm-8f9">
         <name>_CTRL_setupTraj</name>
         <value>0x3f9806</value>
      </symbol>
      <symbol id="sm-8fb">
         <name>_EST_doCurrentCtrl</name>
         <value>0x3f9760</value>
      </symbol>
      <symbol id="sm-8fd">
         <name>_EST_doSpeedCtrl</name>
         <value>0x3f9758</value>
      </symbol>
      <symbol id="sm-8ff">
         <name>_EST_getFlux_VpHz</name>
         <value>0x3f96be</value>
      </symbol>
      <symbol id="sm-901">
         <name>_EST_getFlux_pu</name>
         <value>0x3f96ab</value>
      </symbol>
      <symbol id="sm-903">
         <name>_EST_getFm_pu</name>
         <value>0x3f968e</value>
      </symbol>
      <symbol id="sm-905">
         <name>_EST_getIdRated</name>
         <value>0x3f9632</value>
      </symbol>
      <symbol id="sm-907">
         <name>_EST_getLs_coarse_max_pu</name>
         <value>0x3f95ff</value>
      </symbol>
      <symbol id="sm-909">
         <name>_EST_getLs_d_H</name>
         <value>0x3f95f5</value>
      </symbol>
      <symbol id="sm-90b">
         <name>_EST_getLs_d_pu</name>
         <value>0x3f95f0</value>
      </symbol>
      <symbol id="sm-90d">
         <name>_EST_getLs_q_H</name>
         <value>0x3f95ce</value>
      </symbol>
      <symbol id="sm-90f">
         <name>_EST_getLs_q_pu</name>
         <value>0x3f95c9</value>
      </symbol>
      <symbol id="sm-911">
         <name>_EST_getMaxCurrentSlope_pu</name>
         <value>0x3f95bd</value>
      </symbol>
      <symbol id="sm-913">
         <name>_EST_getOneOverDcBus_pu</name>
         <value>0x3f95b3</value>
      </symbol>
      <symbol id="sm-915">
         <name>_EST_getRsOnLine_Ohm</name>
         <value>0x3f953d</value>
      </symbol>
      <symbol id="sm-917">
         <name>_EST_getRs_Ohm</name>
         <value>0x3f9513</value>
      </symbol>
      <symbol id="sm-919">
         <name>_EST_getSpeed_krpm</name>
         <value>0x3f94c6</value>
      </symbol>
      <symbol id="sm-91b">
         <name>_EST_getState</name>
         <value>0x3f861b</value>
      </symbol>
      <symbol id="sm-91d">
         <name>_EST_get_krpm_to_pu_sf</name>
         <value>0x3f9458</value>
      </symbol>
      <symbol id="sm-91f">
         <name>_EST_get_pu_to_krpm_sf</name>
         <value>0x3f9453</value>
      </symbol>
      <symbol id="sm-921">
         <name>_EST_isError</name>
         <value>0x3f938d</value>
      </symbol>
      <symbol id="sm-923">
         <name>_EST_isIdle</name>
         <value>0x3f9386</value>
      </symbol>
      <symbol id="sm-925">
         <name>_EST_isLockRotor</name>
         <value>0x3f937f</value>
      </symbol>
      <symbol id="sm-927">
         <name>_EST_isMotorIdentified</name>
         <value>0x3f8679</value>
      </symbol>
      <symbol id="sm-929">
         <name>_EST_isOnLine</name>
         <value>0x3f9378</value>
      </symbol>
      <symbol id="sm-92b">
         <name>_EST_run</name>
         <value>0x3f927b</value>
      </symbol>
      <symbol id="sm-92d">
         <name>_EST_setFlag_enableForceAngle</name>
         <value>0x3f8bdb</value>
      </symbol>
      <symbol id="sm-92f">
         <name>_EST_setFlag_enableRsRecalc</name>
         <value>0x3f8bd3</value>
      </symbol>
      <symbol id="sm-931">
         <name>_EST_setId_ref_pu</name>
         <value>0x3f8b80</value>
      </symbol>
      <symbol id="sm-933">
         <name>_EST_setIdle</name>
         <value>0x3f8b7a</value>
      </symbol>
      <symbol id="sm-935">
         <name>_EST_setIdle_all</name>
         <value>0x3f8b67</value>
      </symbol>
      <symbol id="sm-937">
         <name>_EST_setIq_ref_pu</name>
         <value>0x3f8b63</value>
      </symbol>
      <symbol id="sm-939">
         <name>_EST_setLs_d_pu</name>
         <value>0x3f8b45</value>
      </symbol>
      <symbol id="sm-93b">
         <name>_EST_setLs_qFmt</name>
         <value>0x3f8af1</value>
      </symbol>
      <symbol id="sm-93d">
         <name>_EST_setLs_q_pu</name>
         <value>0x3f8ae7</value>
      </symbol>
      <symbol id="sm-93f">
         <name>_EST_setMaxCurrentSlope_pu</name>
         <value>0x3f8adb</value>
      </symbol>
      <symbol id="sm-941">
         <name>_EST_setRs_pu</name>
         <value>0x3f8a18</value>
      </symbol>
      <symbol id="sm-943">
         <name>_EST_updateId_ref_pu</name>
         <value>0x3f89f5</value>
      </symbol>
      <symbol id="sm-945">
         <name>_EST_updateState</name>
         <value>0x3f8713</value>
      </symbol>
      <symbol id="sm-947">
         <name>_EST_useZeroIq_ref</name>
         <value>0x3f861d</value>
      </symbol>
      <symbol id="sm-952">
         <name>__IQ24cosPU</name>
         <value>0x3f4b54</value>
         <object_component_ref idref="oc-148"/>
      </symbol>
      <symbol id="sm-956">
         <name>_IQ16mpyRndSatTable</name>
         <value>0x3fe6c0</value>
         <object_component_ref idref="oc-149"/>
      </symbol>
      <symbol id="sm-957">
         <name>_IQ24mpyRndSatTable</name>
         <value>0x3fe660</value>
         <object_component_ref idref="oc-149"/>
      </symbol>
      <symbol id="sm-958">
         <name>_IQ13mpyRndSatTable</name>
         <value>0x3fe6e4</value>
         <object_component_ref idref="oc-149"/>
      </symbol>
      <symbol id="sm-959">
         <name>_IQ21mpyRndSatTable</name>
         <value>0x3fe684</value>
         <object_component_ref idref="oc-149"/>
      </symbol>
      <symbol id="sm-95a">
         <name>_IQ10mpyRndSatTable</name>
         <value>0x3fe708</value>
         <object_component_ref idref="oc-149"/>
      </symbol>
      <symbol id="sm-95b">
         <name>_IQdivTable</name>
         <value>0x3fe140</value>
         <object_component_ref idref="oc-149"/>
      </symbol>
      <symbol id="sm-95c">
         <name>_IQ9mpyRndSatTable</name>
         <value>0x3fe714</value>
         <object_component_ref idref="oc-149"/>
      </symbol>
      <symbol id="sm-95d">
         <name>_IQ6mpyRndSatTable</name>
         <value>0x3fe738</value>
         <object_component_ref idref="oc-149"/>
      </symbol>
      <symbol id="sm-95e">
         <name>_IQatan2TableEnd</name>
         <value>0x3fe618</value>
         <object_component_ref idref="oc-149"/>
      </symbol>
      <symbol id="sm-95f">
         <name>_IQdivTableEnd</name>
         <value>0x3fe342</value>
         <object_component_ref idref="oc-149"/>
      </symbol>
      <symbol id="sm-960">
         <name>_IQ29mpyRndSatTable</name>
         <value>0x3fe624</value>
         <object_component_ref idref="oc-149"/>
      </symbol>
      <symbol id="sm-961">
         <name>_IQ3mpyRndSatTable</name>
         <value>0x3fe75c</value>
         <object_component_ref idref="oc-149"/>
      </symbol>
      <symbol id="sm-962">
         <name>_IQ18mpyRndSatTable</name>
         <value>0x3fe6a8</value>
         <object_component_ref idref="oc-149"/>
      </symbol>
      <symbol id="sm-963">
         <name>_IQ26mpyRndSatTable</name>
         <value>0x3fe648</value>
         <object_component_ref idref="oc-149"/>
      </symbol>
      <symbol id="sm-964">
         <name>_IQcosTableEnd</name>
         <value>0x3fe132</value>
         <object_component_ref idref="oc-149"/>
      </symbol>
      <symbol id="sm-965">
         <name>_IQsinTableEnd</name>
         <value>0x3fe030</value>
         <object_component_ref idref="oc-149"/>
      </symbol>
      <symbol id="sm-966">
         <name>_IQ15mpyRndSatTable</name>
         <value>0x3fe6cc</value>
         <object_component_ref idref="oc-149"/>
      </symbol>
      <symbol id="sm-967">
         <name>_IQ23mpyRndSatTable</name>
         <value>0x3fe66c</value>
         <object_component_ref idref="oc-149"/>
      </symbol>
      <symbol id="sm-968">
         <name>_IQ12mpyRndSatTable</name>
         <value>0x3fe6f0</value>
         <object_component_ref idref="oc-149"/>
      </symbol>
      <symbol id="sm-969">
         <name>_IQ20mpyRndSatTable</name>
         <value>0x3fe690</value>
         <object_component_ref idref="oc-149"/>
      </symbol>
      <symbol id="sm-96a">
         <name>_IQisqrtTableEnd</name>
         <value>0x3fe454</value>
         <object_component_ref idref="oc-149"/>
      </symbol>
      <symbol id="sm-96b">
         <name>_IQ8mpyRndSatTable</name>
         <value>0x3fe720</value>
         <object_component_ref idref="oc-149"/>
      </symbol>
      <symbol id="sm-96c">
         <name>_IQisqrtRoundSatTable</name>
         <value>0x3fe342</value>
         <object_component_ref idref="oc-149"/>
      </symbol>
      <symbol id="sm-96d">
         <name>_IQ5mpyRndSatTable</name>
         <value>0x3fe744</value>
         <object_component_ref idref="oc-149"/>
      </symbol>
      <symbol id="sm-96e">
         <name>_IQmpyRndSatTable</name>
         <value>0x3fe618</value>
         <object_component_ref idref="oc-149"/>
      </symbol>
      <symbol id="sm-96f">
         <name>_IQ28mpyRndSatTable</name>
         <value>0x3fe630</value>
         <object_component_ref idref="oc-149"/>
      </symbol>
      <symbol id="sm-970">
         <name>_IQatan2Table</name>
         <value>0x3fe492</value>
         <object_component_ref idref="oc-149"/>
      </symbol>
      <symbol id="sm-971">
         <name>_IQ2mpyRndSatTable</name>
         <value>0x3fe768</value>
         <object_component_ref idref="oc-149"/>
      </symbol>
      <symbol id="sm-972">
         <name>_IQatan2HalfPITable</name>
         <value>0x3fe454</value>
         <object_component_ref idref="oc-149"/>
      </symbol>
      <symbol id="sm-973">
         <name>_IQ17mpyRndSatTable</name>
         <value>0x3fe6b4</value>
         <object_component_ref idref="oc-149"/>
      </symbol>
      <symbol id="sm-974">
         <name>_IQ25mpyRndSatTable</name>
         <value>0x3fe654</value>
         <object_component_ref idref="oc-149"/>
      </symbol>
      <symbol id="sm-975">
         <name>_IQsqrtTable</name>
         <value>0x3fe352</value>
         <object_component_ref idref="oc-149"/>
      </symbol>
      <symbol id="sm-976">
         <name>_IQsqrtTableEnd</name>
         <value>0x3fe454</value>
         <object_component_ref idref="oc-149"/>
      </symbol>
      <symbol id="sm-977">
         <name>_IQ14mpyRndSatTable</name>
         <value>0x3fe6d8</value>
         <object_component_ref idref="oc-149"/>
      </symbol>
      <symbol id="sm-978">
         <name>_IQ22mpyRndSatTable</name>
         <value>0x3fe678</value>
         <object_component_ref idref="oc-149"/>
      </symbol>
      <symbol id="sm-979">
         <name>_IQ30mpyRndSatTable</name>
         <value>0x3fe618</value>
         <object_component_ref idref="oc-149"/>
      </symbol>
      <symbol id="sm-97a">
         <name>_IQsqrtRoundSatTable</name>
         <value>0x3fe342</value>
         <object_component_ref idref="oc-149"/>
      </symbol>
      <symbol id="sm-97b">
         <name>_IQ11mpyRndSatTable</name>
         <value>0x3fe6fc</value>
         <object_component_ref idref="oc-149"/>
      </symbol>
      <symbol id="sm-97c">
         <name>_IQdivRoundSatTable</name>
         <value>0x3fe132</value>
         <object_component_ref idref="oc-149"/>
      </symbol>
      <symbol id="sm-97d">
         <name>_IQ7mpyRndSatTable</name>
         <value>0x3fe72c</value>
         <object_component_ref idref="oc-149"/>
      </symbol>
      <symbol id="sm-97e">
         <name>_IQcosTable</name>
         <value>0x3fdd30</value>
         <object_component_ref idref="oc-149"/>
      </symbol>
      <symbol id="sm-97f">
         <name>_IQisqrtTable</name>
         <value>0x3fe352</value>
         <object_component_ref idref="oc-149"/>
      </symbol>
      <symbol id="sm-980">
         <name>_IQ4mpyRndSatTable</name>
         <value>0x3fe750</value>
         <object_component_ref idref="oc-149"/>
      </symbol>
      <symbol id="sm-981">
         <name>_IQ19mpyRndSatTable</name>
         <value>0x3fe69c</value>
         <object_component_ref idref="oc-149"/>
      </symbol>
      <symbol id="sm-982">
         <name>_IQ27mpyRndSatTable</name>
         <value>0x3fe63c</value>
         <object_component_ref idref="oc-149"/>
      </symbol>
      <symbol id="sm-983">
         <name>_IQmpyRndSatTableEnd</name>
         <value>0x3fe780</value>
         <object_component_ref idref="oc-149"/>
      </symbol>
      <symbol id="sm-984">
         <name>_IQ1mpyRndSatTable</name>
         <value>0x3fe774</value>
         <object_component_ref idref="oc-149"/>
      </symbol>
      <symbol id="sm-985">
         <name>_IQsinTable</name>
         <value>0x3fdc30</value>
         <object_component_ref idref="oc-149"/>
      </symbol>
      <symbol id="sm-98f">
         <name>__IQ24mpyI32frac</name>
         <value>0x3f4b7b</value>
         <object_component_ref idref="oc-14a"/>
      </symbol>
      <symbol id="sm-99a">
         <name>__IQ24sinPU</name>
         <value>0x3f4b2b</value>
         <object_component_ref idref="oc-14b"/>
      </symbol>
      <symbol id="sm-9a4">
         <name>__IQ24sqrt</name>
         <value>0x3f4ae9</value>
         <object_component_ref idref="oc-14c"/>
      </symbol>
      <symbol id="sm-9ae">
         <name>__IQ24toF</name>
         <value>0x3f4b8f</value>
         <object_component_ref idref="oc-14d"/>
      </symbol>
      <symbol id="sm-9b8">
         <name>__IQ30toF</name>
         <value>0x3f4ba3</value>
         <object_component_ref idref="oc-14e"/>
      </symbol>
      <symbol id="sm-9d3">
         <name>_c_int00</name>
         <value>0x3f3fd6</value>
         <object_component_ref idref="oc-15"/>
      </symbol>
      <symbol id="sm-9d4">
         <name>__stack</name>
         <value>0x50</value>
         <object_component_ref idref="oc-14f"/>
      </symbol>
      <symbol id="sm-9e3">
         <name>__args_main</name>
         <value>0x3f435c</value>
         <object_component_ref idref="oc-1a9"/>
      </symbol>
      <symbol id="sm-9f0">
         <name>__system_post_cinit</name>
         <value>0x3f43eb</value>
         <object_component_ref idref="oc-1a8"/>
      </symbol>
      <symbol id="sm-9fc">
         <name>__system_pre_init</name>
         <value>0x3f43e9</value>
         <object_component_ref idref="oc-1a6"/>
      </symbol>
      <symbol id="sm-a14">
         <name>_ceilf</name>
         <value>0x3f3e5b</value>
         <object_component_ref idref="oc-1bc"/>
      </symbol>
      <symbol id="sm-a15">
         <name>_ceil</name>
         <value>0x3f3e5b</value>
         <object_component_ref idref="oc-1bc"/>
      </symbol>
      <symbol id="sm-a24">
         <name>_copy_in</name>
         <value>0x3f41f6</value>
         <object_component_ref idref="oc-1a7"/>
      </symbol>
      <symbol id="sm-a38">
         <name>C$$EXIT</name>
         <value>0x3f415a</value>
         <object_component_ref idref="oc-1aa"/>
      </symbol>
      <symbol id="sm-a39">
         <name>_exit</name>
         <value>0x3f415c</value>
         <object_component_ref idref="oc-1aa"/>
      </symbol>
      <symbol id="sm-a3a">
         <name>___TI_cleanup_ptr</name>
         <value>0x974a</value>
         <object_component_ref idref="oc-171"/>
      </symbol>
      <symbol id="sm-a3b">
         <name>___TI_enable_exit_profile_output</name>
         <value>0x9748</value>
         <object_component_ref idref="oc-171"/>
      </symbol>
      <symbol id="sm-a3c">
         <name>_abort</name>
         <value>0x3f415a</value>
         <object_component_ref idref="oc-1aa"/>
      </symbol>
      <symbol id="sm-a3d">
         <name>___TI_dtors_ptr</name>
         <value>0x974c</value>
         <object_component_ref idref="oc-171"/>
      </symbol>
      <symbol id="sm-a51">
         <name>__unlock</name>
         <value>0x9750</value>
         <object_component_ref idref="oc-1d5"/>
      </symbol>
      <symbol id="sm-a52">
         <name>__lock</name>
         <value>0x974e</value>
         <object_component_ref idref="oc-1af"/>
      </symbol>
      <symbol id="sm-a53">
         <name>__register_lock</name>
         <value>0x3f43cc</value>
         <object_component_ref idref="oc-1b9"/>
      </symbol>
      <symbol id="sm-a54">
         <name>__nop</name>
         <value>0x3f43d0</value>
         <object_component_ref idref="oc-1b9"/>
      </symbol>
      <symbol id="sm-a55">
         <name>__register_unlock</name>
         <value>0x3f43c8</value>
         <object_component_ref idref="oc-1b9"/>
      </symbol>
      <symbol id="sm-a7d">
         <name>_logf</name>
         <value>0x3f36fa</value>
         <object_component_ref idref="oc-1bb"/>
      </symbol>
      <symbol id="sm-a7e">
         <name>_log</name>
         <value>0x3f36fa</value>
         <object_component_ref idref="oc-1bb"/>
      </symbol>
      <symbol id="sm-a8d">
         <name>L$$TOFS</name>
         <value>0x3f4342</value>
         <object_component_ref idref="oc-181"/>
      </symbol>
      <symbol id="sm-a97">
         <name>_errno</name>
         <value>0x9755</value>
         <object_component_ref idref="oc-188"/>
      </symbol>
      <symbol id="sm-aa8">
         <name>_memcpy</name>
         <value>0x3f42d5</value>
         <object_component_ref idref="oc-1ae"/>
      </symbol>
      <symbol id="sm-b02">
         <name>_powf</name>
         <value>0x3f2993</value>
         <object_component_ref idref="oc-1bd"/>
      </symbol>
      <symbol id="sm-b03">
         <name>_pow</name>
         <value>0x3f2993</value>
         <object_component_ref idref="oc-1bd"/>
      </symbol>
      <symbol id="sm-b1c">
         <name>_scalbn</name>
         <value>0x3f3ec4</value>
         <object_component_ref idref="oc-1da"/>
      </symbol>
      <symbol id="sm-b1d">
         <name>_ldexp</name>
         <value>0x3f3ec4</value>
         <object_component_ref idref="oc-1da"/>
      </symbol>
      <symbol id="sm-b1e">
         <name>_scalbnf</name>
         <value>0x3f3ec4</value>
         <object_component_ref idref="oc-1da"/>
      </symbol>
      <symbol id="sm-b1f">
         <name>_ldexpf</name>
         <value>0x3f3ec4</value>
         <object_component_ref idref="oc-1da"/>
      </symbol>
      <symbol id="sm-b2b">
         <name>_copysignf</name>
         <value>0x3f43be</value>
         <object_component_ref idref="oc-1dd"/>
      </symbol>
      <symbol id="sm-b2c">
         <name>_copysign</name>
         <value>0x3f43be</value>
         <object_component_ref idref="oc-1dd"/>
      </symbol>
      <symbol id="sm-b47">
         <name>_sqrtf</name>
         <value>0x3f3de6</value>
         <object_component_ref idref="oc-1d6"/>
      </symbol>
      <symbol id="sm-b48">
         <name>_sqrt</name>
         <value>0x3f3de6</value>
         <object_component_ref idref="oc-1d6"/>
      </symbol>
   </symbol_table>
   <title>Link successful</title>
</link_info>
