******************************************************************************
             TMS320C2000 Linker PC v18.1.4                     
******************************************************************************
>> Linked Tue Oct 14 17:03:41 2025

OUTPUT FILE NAME:   <proj_lab05a.out>
ENTRY POINT SYMBOL: "_c_int00"  address: 003f3fd6


MEMORY CONFIGURATION

         name            origin    length      used     unused   attr    fill
----------------------  --------  ---------  --------  --------  ----  --------
PAGE 0:
  RAML0_1_2             00008000   00001000  00000fbf  00000041  RWIX
  OTP                   003d7800   00000400  00000000  00000400  RWIX
  FLASHH                003d8000   00004000  00000000  00004000  RWIX
  FLASHG                003dc000   00004000  00000000  00004000  RWIX
  FLASHF                003e0000   00004000  00000000  00004000  RWIX
  FLASHE                003e4000   00004000  00000000  00004000  RWIX
  FLASHD                003e8000   00004000  00000fbf  00003041  RWIX
  FLASHC                003ec000   00004000  00000000  00004000  RWIX
  FLASHA_B              003f0000   00007f80  00004ca9  000032d7  RWIX
  CSM_RSVD              003f7f80   00000076  00000000  00000076  RWIX
  BEGIN                 003f7ff6   00000002  00000002  00000000  RWIX
  CSM_PWL_P0            003f7ff8   00000008  00000000  00000008  RWIX
  FPUTABLES             003fd590   000006a0  00000000  000006a0  RWIX
  IQTABLES              003fdc30   00000b50  00000b50  00000000  RWIX
  IQTABLES2             003fe780   0000008c  00000000  0000008c  RWIX
  IQTABLES3             003fe80c   000000aa  00000000  000000aa  RWIX
  ROM                   003ff3b0   00000c10  00000000  00000c10  RWIX
  RESET                 003fffc0   00000002  00000000  00000002  RWIX
  VECTORS               003fffc2   0000003e  00000000  0000003e  RWIX

PAGE 1:
  BOOT_RSVD             00000000   00000050  00000000  00000050  RWIX
  RAMM0_1               00000050   000007b0  000003b0  00000400  RWIX
  RAML3_4_5_6_7_8       00009000   0000a800  00000870  00009f90  RWIX
  USB_RAM               00040000   00000800  00000000  00000800  RWIX


SECTION ALLOCATION MAP

 output                                  attributes/
section   page    origin      length       input sections
--------  ----  ----------  ----------   ----------------
.cinit     0    003f43ec    000006fd     
                  003f43ec    000006db     proj_lab05a.obj (.cinit)
                  003f4ac7    0000000e     rts2800_ml.lib : exit.c.obj (.cinit)
                  003f4ad5    00000005                    : _lock.c.obj (.cinit:__lock)
                  003f4ada    00000005                    : _lock.c.obj (.cinit:__unlock)
                  003f4adf    00000004     drv8301.obj (.cinit)
                  003f4ae3    00000004     rts2800_ml.lib : errno.c.obj (.cinit)
                  003f4ae7    00000002     --HOLE-- [fill = 0]

.pinit     0    003f0000    00000000     UNINITIALIZED

ramfuncs   0    003e8000    00000fbf     RUN ADDR = 00008000
                  003e8000    00000a1c     proj_lab05a.obj (ramfuncs:retain)
                  003e8a1c    0000054f     ctrl.obj (ramfuncs)
                  003e8f6b    00000032     flash.obj (ramfuncs)
                  003e8f9d    0000001e     hal.obj (ramfuncs)
                  003e8fbb    00000004     usDelay.obj (ramfuncs)

.text      0    003f0000    000043ec     
                  003f0000    00001227     proj_lab05a.obj (.text)
                  003f1227    00000eea     hal.obj (.text)
                  003f2111    00000455     ctrl.obj (.text)
                  003f2566    0000042d     user.obj (.text)
                  003f2993    0000041e     rts2800_ml.lib : e_powf.c.obj (.text)
                  003f2db1    000002f7     pwm.obj (.text)
                  003f30a8    000002da     drv8301.obj (.text)
                  003f3382    000001ee     adc.obj (.text)
                  003f3570    0000018a     clk.obj (.text)
                  003f36fa    00000187     rts2800_ml.lib : e_logf.c.obj (.text)
                  003f3881    0000012e     gpio.obj (.text)
                  003f39af    00000129     pie.obj (.text)
                  003f3ad8    000000eb     sci.obj (.text)
                  003f3bc3    000000a5     spi.obj (.text)
                  003f3c68    00000083     rts2800_ml.lib : fd_mpy28.asm.obj (.text)
                  003f3ceb    00000083                    : fs_div28.asm.obj (.text)
                  003f3d6e    00000078                    : fs_add28.asm.obj (.text)
                  003f3de6    00000075                    : e_sqrtf.c.obj (.text)
                  003f3e5b    00000069                    : s_ceilf.c.obj (.text)
                  003f3ec4    0000005d                    : s_scalbnf.c.obj (.text)
                  003f3f21    0000005b     pll.obj (.text)
                  003f3f7c    0000005a     rts2800_ml.lib : fs_mpy28.asm.obj (.text)
                  003f3fd6    00000054                    : boot28.asm.obj (.text)
                  003f402a    00000047     offset.obj (.text)
                  003f4071    00000046     wdog.obj (.text)
                  003f40b7    00000044     pwr.obj (.text)
                  003f40fb    00000032     timer.obj (.text)
                  003f412d    0000002d     osc.obj (.text)
                  003f415a    00000029     rts2800_ml.lib : exit.c.obj (.text)
                  003f4183    00000029                    : fs_tol28.asm.obj (.text)
                  003f41ac    00000025     cpu.obj (.text)
                  003f41d1    00000025     rts2800_ml.lib : fs_toi28.asm.obj (.text)
                  003f41f6    00000024                    : cpy_tbl.c.obj (.text)
                  003f421a    00000021     filter_fo.obj (.text)
                  003f423b    00000021     rts2800_ml.lib : fs_toul28.asm.obj (.text)
                  003f425c    00000020     flash.obj (.text)
                  003f427c    0000001f     rts2800_ml.lib : fd_tol28.asm.obj (.text)
                  003f429b    0000001d                    : fs_tou28.asm.obj (.text)
                  003f42b8    0000001d                    : i_tofd28.asm.obj (.text)
                  003f42d5    0000001d                    : memcpy.c.obj (.text)
                  003f42f2    0000001c                    : fs_tofd28.asm.obj (.text)
                  003f430e    0000001a     cpu_time.obj (.text)
                  003f4328    0000001a     rts2800_ml.lib : i_tofs28.asm.obj (.text)
                  003f4342    0000001a                    : l_tofs28.asm.obj (.text)
                  003f435c    00000019                    : args_main.c.obj (.text)
                  003f4375    00000017                    : fs_cmp28.asm.obj (.text)
                  003f438c    00000013                    : ul_tofs28.asm.obj (.text)
                  003f439f    00000010                    : u_tofs28.asm.obj (.text)
                  003f43af    0000000f     memCopy.obj (.text)
                  003f43be    0000000a     rts2800_ml.lib : s_copysignf.c.obj (.text)
                  003f43c8    00000009                    : _lock.c.obj (.text)
                  003f43d1    00000008     CodeStartBranch.obj (.text)
                  003f43d9    00000006     qep.obj (.text)
                  003f43df    00000005     pie.obj (.text:retain)
                  003f43e4    00000005     rts2800_ml.lib : fs_neg28.asm.obj (.text)
                  003f43e9    00000002                    : pre_init.c.obj (.text)
                  003f43eb    00000001                    : startup.c.obj (.text)

codestart 
*          0    003f7ff6    00000002     
                  003f7ff6    00000002     CodeStartBranch.obj (codestart)

IQmath     0    003f4ae9    000000ce     
                  003f4ae9    00000042     IQmath.lib : IQ24sqrt.obj (IQmath)
                  003f4b2b    00000029                : IQ24sinPU.obj (IQmath)
                  003f4b54    00000027                : IQ24cosPU.obj (IQmath)
                  003f4b7b    00000014                : IQ24mpyI32frac.obj (IQmath)
                  003f4b8f    00000014                : IQ24toF.obj (IQmath)
                  003f4ba3    00000014                : IQ30toF.obj (IQmath)

.stack     1    00000050    000003b0     UNINITIALIZED
                  00000050    000003b0     --HOLE--

.ebss      1    00009000    00000870     UNINITIALIZED
                  00009000    00000748     proj_lab05a.obj (.ebss)
                  00009748    00000006     rts2800_ml.lib : exit.c.obj (.ebss)
                  0000974e    00000002                    : _lock.c.obj (.ebss:__lock)
                  00009750    00000002                    : _lock.c.obj (.ebss:__unlock)
                  00009752    00000002     drv8301.obj (.ebss)
                  00009754    00000001     cpu.obj (.ebss)
                  00009755    00000001     rts2800_ml.lib : errno.c.obj (.ebss)
                  00009756    0000002a     --HOLE--
                  00009780    000000f0     hal.obj (.ebss)

.econst    0    003f4bb8    0000008a     
                  003f4bb8    00000032     rts2800_ml.lib : e_powf.c.obj (.econst)
                  003f4bea    00000010                    : e_logf.c.obj (.econst)
                  003f4bfa    00000008     proj_lab05a.obj (.econst)
                  003f4c02    00000008     user.obj (.econst)
                  003f4c0a    00000006     rts2800_ml.lib : s_scalbnf.c.obj (.econst)
                  003f4c10    00000004     ctrl.obj (.econst:_$P$T0$1)
                  003f4c14    00000004     ctrl.obj (.econst:_$P$T1$2)
                  003f4c18    00000004     ctrl.obj (.econst:_$P$T2$3)
                  003f4c1c    00000004     ctrl.obj (.econst:_$P$T3$4)
                  003f4c20    00000004     ctrl.obj (.econst:_$P$T4$5)
                  003f4c24    00000004     ctrl.obj (.econst:_$P$T5$6)
                  003f4c28    00000004     rts2800_ml.lib : e_powf.c.obj (.econst:_bp)
                  003f4c2c    00000004                    : e_powf.c.obj (.econst:_dp_h)
                  003f4c30    00000004                    : e_powf.c.obj (.econst:_dp_l)
                  003f4c34    00000004     ctrl.obj (.econst)
                  003f4c38    00000004     hal.obj (.econst)
                  003f4c3c    00000004     rts2800_ml.lib : e_sqrtf.c.obj (.econst)
                  003f4c40    00000002                    : s_ceilf.c.obj (.econst)

.switch    0    003f4c42    00000068     
                  003f4c42    00000032     proj_lab05a.obj (.switch:_send_packet_over_ble_or_usb)
                  003f4c74    0000001e     proj_lab05a.obj (.switch:_send_packet_over_serial)
                  003f4c92    00000018     proj_lab05a.obj (.switch:_read_valid_packet)

IQmathTables 
*          0    003fdc30    00000b50     NOLOAD SECTION
                  003fdc30    00000b50     IQmath.lib : IQmathTables.obj (IQmathTables)

.reset     0    003fffc0    00000002     DSECT
                  003fffc0    00000002     rts2800_ml.lib : boot28.asm.obj (.reset)

vectors    0    003fffc2    00000000     DSECT

MODULE SUMMARY

       Module                code    initialized data   uninitialized data
       ------                ----    ----------------   ------------------
    .\
       proj_lab05a.obj       9823    1867               1864              
       hal.obj               3878    4                  240               
       ctrl.obj              3827    28                 0                 
       user.obj              1069    8                  0                 
       pwm.obj               759     0                  0                 
       drv8301.obj           730     4                  2                 
       adc.obj               494     0                  0                 
       clk.obj               394     0                  0                 
       gpio.obj              302     0                  0                 
       pie.obj               302     0                  0                 
       sci.obj               235     0                  0                 
       spi.obj               165     0                  0                 
       flash.obj             132     0                  0                 
       pll.obj               91      0                  0                 
       offset.obj            71      0                  0                 
       wdog.obj              70      0                  0                 
       pwr.obj               68      0                  0                 
       timer.obj             50      0                  0                 
       osc.obj               45      0                  0                 
       cpu.obj               37      0                  1                 
       filter_fo.obj         33      0                  0                 
       cpu_time.obj          26      0                  0                 
       memCopy.obj           15      0                  0                 
       CodeStartBranch.obj   10      0                  0                 
       usDelay.obj           8       0                  0                 
       qep.obj               6       0                  0                 
    +--+---------------------+-------+------------------+--------------------+
       Total:                22640   1911               2107              
                                                                          
    C:/ti/ccsv8/tools/compiler/ti-cgt-c2000_18.1.4.LTS/lib/rts2800_ml.lib
       e_powf.c.obj          1054    62                 0                 
       e_logf.c.obj          391     16                 0                 
       fd_mpy28.asm.obj      131     0                  0                 
       fs_div28.asm.obj      131     0                  0                 
       e_sqrtf.c.obj         117     4                  0                 
       fs_add28.asm.obj      120     0                  0                 
       s_ceilf.c.obj         105     2                  0                 
       s_scalbnf.c.obj       93      6                  0                 
       fs_mpy28.asm.obj      90      0                  0                 
       boot28.asm.obj        84      0                  0                 
       exit.c.obj            41      14                 6                 
       fs_tol28.asm.obj      41      0                  0                 
       fs_toi28.asm.obj      37      0                  0                 
       cpy_tbl.c.obj         36      0                  0                 
       fs_toul28.asm.obj     33      0                  0                 
       fd_tol28.asm.obj      31      0                  0                 
       fs_tou28.asm.obj      29      0                  0                 
       i_tofd28.asm.obj      29      0                  0                 
       memcpy.c.obj          29      0                  0                 
       fs_tofd28.asm.obj     28      0                  0                 
       i_tofs28.asm.obj      26      0                  0                 
       l_tofs28.asm.obj      26      0                  0                 
       args_main.c.obj       25      0                  0                 
       _lock.c.obj           9       10                 4                 
       fs_cmp28.asm.obj      23      0                  0                 
       ul_tofs28.asm.obj     19      0                  0                 
       u_tofs28.asm.obj      16      0                  0                 
       s_copysignf.c.obj     10      0                  0                 
       errno.c.obj           0       4                  1                 
       fs_neg28.asm.obj      5       0                  0                 
       pre_init.c.obj        2       0                  0                 
       startup.c.obj         1       0                  0                 
    +--+---------------------+-------+------------------+--------------------+
       Total:                2812    118                11                
                                                                          
    C:/ti/motorware/motorware_1_01_00_18_PB2/sw/modules/iqmath/lib/f28x/32b/IQmath.lib
       IQmathTables.obj      0       2896               0                 
       IQ24sqrt.obj          0       66                 0                 
       IQ24sinPU.obj         0       41                 0                 
       IQ24cosPU.obj         0       39                 0                 
       IQ24mpyI32frac.obj    0       20                 0                 
       IQ24toF.obj           0       20                 0                 
       IQ30toF.obj           0       20                 0                 
    +--+---------------------+-------+------------------+--------------------+
       Total:                0       3102               0                 
                                                                          
       Stack:                0       0                  944               
    +--+---------------------+-------+------------------+--------------------+
       Grand Total:          25452   5131               3062              


GLOBAL DATA SYMBOLS: SORTED BY DATA PAGE

address     data page           name
--------    ----------------    ----
00000050       1 (00000040)     __stack

00009000     240 (00009000)     _loadcell_rear_1
00009001     240 (00009000)     _loadcell_front_1
00009002     240 (00009000)     _loadcell_front_1_tared_lbx10_14bit
00009003     240 (00009000)     _loadcell_front_1_tared
00009004     240 (00009000)     _loadcell_rear_1_tared_lbx10_14bit
00009005     240 (00009000)     _smart_platform_enabled
00009006     240 (00009000)     _platform_force_balanced
00009007     240 (00009000)     _front_heavier_than_rear
00009008     240 (00009000)     _battery_thermistor
00009009     240 (00009000)     _loadcell_rear_1_tared
0000900a     240 (00009000)     _user_not_standing_on_platform
0000900b     240 (00009000)     _motor_thermistor
0000900c     240 (00009000)     _loadcell_rear_tared_lbx10_14bit
0000900d     240 (00009000)     _loadcell_front_1_offset
0000900e     240 (00009000)     _loadcell_rear_tared
0000900f     240 (00009000)     _loadcell_rear_1_offset
00009010     240 (00009000)     _loadcell_front_tared_lbx10_14bit
00009011     240 (00009000)     _loadcell_front_tared
00009012     240 (00009000)     _dc_bus_current_bits
00009013     240 (00009000)     _test_4_bytes_in_Rx_buffer
00009014     240 (00009000)     _loadcell_front
00009015     240 (00009000)     _loadcell_front_offset
00009016     240 (00009000)     _loadcell_rear
00009017     240 (00009000)     _ble_packet_recieved
00009018     240 (00009000)     _crc16_recieve_packet
00009019     240 (00009000)     _crc16_check
0000901a     240 (00009000)     _ble_response_array_counter
0000901b     240 (00009000)     _ble_recieve_packet_array_counter
0000901c     240 (00009000)     _pause_sending_upstream_packet_on_ble
0000901d     240 (00009000)     _disconnect_ble_central_host_counter
0000901e     240 (00009000)     _crc16_send_packet
0000901f     240 (00009000)     _disconnect_ble_after_60s
00009020     240 (00009000)     _switch_ble_on_serial
00009021     240 (00009000)     _disconnect_ble_central_host
00009022     240 (00009000)     _ble_on_serial
00009023     240 (00009000)     _advanced_mode_gain_other_motor
00009024     240 (00009000)     _advanced_mode_status_flags_other_motor
00009025     240 (00009000)     _advanced_mode_other_motor
00009026     240 (00009000)     _rear_heavier_than_front
00009027     240 (00009000)     _front_almost_same_heavy_as_rear
00009028     240 (00009000)     _loadcell_rear_offset
00009029     240 (00009000)     _loadcell_front_or_rear_left_or_right
0000902a     240 (00009000)     _status_smart_platform_left_and_right
0000902b     240 (00009000)     _loadcell_left_type
0000902c     240 (00009000)     _status_flags_input_over_ble
0000902d     240 (00009000)     _loadcell_right_type
0000902e     240 (00009000)     _Loadcell_16bit_other_motor
0000902f     240 (00009000)     _advanced_mode_status_flags
00009030     240 (00009000)     _Loadcell_16bit
00009031     240 (00009000)     _Loadcell_type
00009032     240 (00009000)     _Loadcell_type_other_motor
00009033     240 (00009000)     _loadcell_rear_1_tared_lbx10_14bit_other_motor
00009034     240 (00009000)     _send_packet_over_serial_counter
00009035     240 (00009000)     _send_packet_over_serial_counter_other_motor
00009036     240 (00009000)     _enable_serial_exchange
00009037     240 (00009000)     _advanced_mode
00009038     240 (00009000)     _advanced_mode_gain
00009039     240 (00009000)     _advanced_mode_status_flags_sent_to_other_motor
0000903a     240 (00009000)     _velocity_other_motor_mm_per_sec
0000903b     240 (00009000)     _RxFifoStatusSCIB
0000903c     240 (00009000)     _accel_other_motor_mm_per_sec_sq
0000903d     240 (00009000)     _accel_mm_per_sec_sq
0000903e     240 (00009000)     _velocity_mm_per_sec
0000903f     240 (00009000)     _RxFifoStatusSCIA

00009040     241 (00009040)     _loadcell_front_1_tared_lbx10_14bit_other_motor
00009041     241 (00009040)     _loadcell_rear_tared_lbx10_14bit_other_motor
00009042     241 (00009040)     _loadcell_front_tared_lbx10_14bit_other_motor
00009043     241 (00009040)     _Status_flags_other_motor
00009044     241 (00009040)     _status_smart_platform_other_motor
00009045     241 (00009040)     _test_counter8
00009046     241 (00009040)     _test_counter9
00009047     241 (00009040)     _test_counter7
00009048     241 (00009040)     _test_counter5
00009049     241 (00009040)     _test_counter6
0000904a     241 (00009040)     _test_counter4
0000904b     241 (00009040)     _test_3_bytes_in_Rx_buffer
0000904c     241 (00009040)     _advanced_mode_status_flags_input_over_ble
0000904d     241 (00009040)     _test_2_bytes_in_Rx_buffer
0000904e     241 (00009040)     _test_no_bytes_in_Rx_buffer
0000904f     241 (00009040)     _test_1_byte_in_Rx_buffer
00009050     241 (00009040)     _test_counter10
00009051     241 (00009040)     _packet_send_counter_check
00009052     241 (00009040)     _packet_send_counter_check_prev
00009053     241 (00009040)     _packet_send_counter
00009054     241 (00009040)     _read_packet_over_serial_counter
00009055     241 (00009040)     _delta_send_minus_read_packet_over_serial_counter
00009056     241 (00009040)     _status_smart_platform
00009057     241 (00009040)     _test_counter2
00009058     241 (00009040)     _test_counter3
00009059     241 (00009040)     _test_counter1
0000905a     241 (00009040)     _packets_lost
0000905b     241 (00009040)     _test_counter
0000905c     241 (00009040)     _ball_stop_not_down_to_down
0000905d     241 (00009040)     _manually_set_weight
0000905e     241 (00009040)     _ball_stop_down_to_not_down
0000905f     241 (00009040)     _ball_stop_down_prev
00009060     241 (00009040)     _ball_stop_down
00009061     241 (00009040)     _serial_exchange_working_in_both_directions
00009062     241 (00009040)     _ball_accelx200_circular_buffer_zeroing_done
00009063     241 (00009040)     _ball_velocityx10_circular_buffer_zeroing_done
00009064     241 (00009040)     _enable_inertia_compensation
00009065     241 (00009040)     _enable_friction_compensation
00009066     241 (00009040)     _enable_inertia_compensation_force
00009067     241 (00009040)     _disable_inertia_friction_compensation
00009068     241 (00009040)     _drv8301_setup_notdone
00009069     241 (00009040)     _relay_switch_enabled
0000906a     241 (00009040)     _led_display_setup_notdone
0000906b     241 (00009040)     _led_display_enabled
0000906c     241 (00009040)     _button_enabled
0000906d     241 (00009040)     _drv8301_spi_read_enable
0000906e     241 (00009040)     _state_debug_input_pin
0000906f     241 (00009040)     _state_usb_to_serial_disconnected
00009070     241 (00009040)     _usb_serial_comms_allowed
00009071     241 (00009040)     _usb_serial_disconnected_first_step
00009072     241 (00009040)     _usb_serial_connected_first_step
00009073     241 (00009040)     _range_of_motion_states_other_motor
00009074     241 (00009040)     _At_top_other_motor
00009075     241 (00009040)     _status_smart_platform_right_test
00009076     241 (00009040)     _test_load_cell
00009077     241 (00009040)     _status_smart_platform_left_test
00009078     241 (00009040)     _SPIA_read_error_counter
00009079     241 (00009040)     _Reps_other_motor
0000907a     241 (00009040)     _At_bottom_other_motor
0000907b     241 (00009040)     _encoder_incremental
0000907c     241 (00009040)     _read_16bit_SPIA_temp
0000907d     241 (00009040)     _read_encoder_spiA
0000907e     241 (00009040)     _ball_position_circular_buffer_zeroing_done
0000907f     241 (00009040)     _loadcell_circular_buffer_zeroing_done

00009080     242 (00009080)     _usb_serial_disconnected
00009081     242 (00009080)     _Encoder_count_prev
00009082     242 (00009080)     _Encoder_diff
00009083     242 (00009080)     _Encoder_count_corrected
00009084     242 (00009080)     _Encoder_count
00009085     242 (00009080)     _Encoder_count_offset
00009086     242 (00009080)     _send_packet_over_ble_steps
00009087     242 (00009080)     _read_packet_over_ble_steps
00009088     242 (00009080)     _loadcell_right_lbx10
00009089     242 (00009080)     _nominal_force_setting_input_over_ble_right_centiLbs
0000908a     242 (00009080)     _loadcell_left_lbx10
0000908b     242 (00009080)     _nominal_force_setting_right_centiLbs
0000908c     242 (00009080)     _counter_send_ble_packet_max
0000908d     242 (00009080)     _ble_central_host_connected
0000908e     242 (00009080)     _counter_send_ble_packet
0000908f     242 (00009080)     _byte_read
00009090     242 (00009080)     _byte_read_prev
00009091     242 (00009080)     _ack_counter
00009092     242 (00009080)     _position_left
00009093     242 (00009080)     _position_right
00009094     242 (00009080)     _status_flags_input_over_ble_right
00009095     242 (00009080)     _status_flags
00009096     242 (00009080)     _status_flags_input_over_ble_left
00009097     242 (00009080)     _packet_send_counter_check_delta
00009098     242 (00009080)     _advanced_force_setting_input_over_ble_centiLbs
00009099     242 (00009080)     _force_right_centiLbs
0000909a     242 (00009080)     _nominal_force_setting_input_over_ble_centiLbs
0000909b     242 (00009080)     _force_left_centiLbs
0000909c     242 (00009080)     _nominal_force_setting_left_centiLbs
0000909d     242 (00009080)     _solenoid_engaged
0000909e     242 (00009080)     _solenoid_actually_engaged
0000909f     242 (00009080)     _enable_start_set_using_lock_bit
000090a0     242 (00009080)     _log_init
000090a1     242 (00009080)     _solenoid_lock_flag_input
000090a2     242 (00009080)     _log_array_start
000090a3     242 (00009080)     _drv8301_spi_write_enable
000090a4     242 (00009080)     _read_encoder_spiA_samples
000090a5     242 (00009080)     _smart_barbell_enabled
000090a6     242 (00009080)     _advanced_force_mode_enabled
000090a7     242 (00009080)     _smart_barbell_safety_triggered
000090a8     242 (00009080)     _bar_attachment_connected
000090a9     242 (00009080)     _first_tare_ball_position_done
000090aa     242 (00009080)     _tare_ball_stop_counter
000090ab     242 (00009080)     _ms_counter
000090ac     242 (00009080)     _disconnect_ble_central_host_if_no_consistent_downstream_packets
000090ad     242 (00009080)     _reset_if_no_consistent_downstream_packets
000090ae     242 (00009080)     _start_force_position_setting_input_over_ble
000090af     242 (00009080)     _log_counter_max
000090b0     242 (00009080)     _log_array
000090b1     242 (00009080)     _log_counter
000090b2     242 (00009080)     _battery_voltage_centiV
000090b3     242 (00009080)     _battery_current_centiA
000090b4     242 (00009080)     _tare_ball_position_other_motor
000090b5     242 (00009080)     _ball_position_tared_other_motor
000090b6     242 (00009080)     _Bballs_other_motor_recieved
000090b7     242 (00009080)     _Tballs_other_motor_recieved
000090b8     242 (00009080)     _Rmin_other_motor_decimm_recieved
000090b9     242 (00009080)     _Bballs
000090ba     242 (00009080)     _Bballs_other_motor
000090bb     242 (00009080)     _Tballs
000090bc     242 (00009080)     _Tballs_other_motor
000090bd     242 (00009080)     _tare_ball_stop_counter_other_motor
000090be     242 (00009080)     _ball_accelx200_ma_sum
000090bf     242 (00009080)     _ball_accelx200_circular_buffer_location

000090c0     243 (000090c0)     _ball_velocityx10_ma_sum_prev
000090c1     243 (000090c0)     _ball_accelx200
000090c2     243 (000090c0)     _ball_velocityx10_circular_buffer_location
000090c3     243 (000090c0)     _Rmin_other_motor_decimm
000090c4     243 (000090c0)     _Rmax_other_motor_decimm_recieved
000090c5     243 (000090c0)     _Rmin_decimm
000090c6     243 (000090c0)     _Rmax_other_motor_decimm
000090c7     243 (000090c0)     _person_height_feet
000090c8     243 (000090c0)     _person_height_addn_inches
000090c9     243 (000090c0)     _tare_load_cells
000090ca     243 (000090c0)     _load_cells_tared
000090cb     243 (000090c0)     _Reps
000090cc     243 (000090c0)     _start_force_position_other_motor_decimm
000090cd     243 (000090c0)     _concentric_overloading_factor_enable
000090ce     243 (000090c0)     _start_force_position_decimm_used
000090cf     243 (000090c0)     _start_force_position_decimm_ball_wrt_roller
000090d0     243 (000090c0)     _start_force_position_decimm
000090d1     243 (000090c0)     _delta_ball_position_decimm
000090d2     243 (000090c0)     _tare_ball_position
000090d3     243 (000090c0)     _start_force_position_from_other_motor_recieved
000090d4     243 (000090c0)     _start_force_position_sent
000090d5     243 (000090c0)     _Rmax_decimm
000090d6     243 (000090c0)     _At_top
000090d7     243 (000090c0)     _At_bottom
000090d8     243 (000090c0)     _range_of_motion_states
000090d9     243 (000090c0)     _set_started
000090da     243 (000090c0)     _allow_bar_stabilization
000090db     243 (000090c0)     _loadcell_circular_buffer_location
000090dc     243 (000090c0)     _setup_done
000090dd     243 (000090c0)     _setup_done_counter
000090de     243 (000090c0)     _run_sensored
000090df     243 (000090c0)     _ball_velocityx10_ma_sum
000090e0     243 (000090c0)     _ball_position_tared
000090e1     243 (000090c0)     _ball_position_decimm
000090e2     243 (000090c0)     _ball_velocityx10
000090e3     243 (000090c0)     _ball_position_circular_buffer_location
000090e4     243 (000090c0)     _start_logging_decimm
000090e5     243 (000090c0)     _enc_num_pole_pairs
000090e6     243 (000090c0)     _forceangle
000090e7     243 (000090c0)     _Flag_Latch_softwareUpdate
000090e8     243 (000090c0)     _gLEDcnt
000090e9     243 (000090c0)     _gCounter_updateGlobals
000090ea     243 (000090c0)     _advanced_wt_centilb
000090eb     243 (000090c0)     _advanced_wt_centilb_other_motor
000090ec     243 (000090c0)     _wt_centilb
000090ed     243 (000090c0)     _wt_centilb_other_motor
000090ee     243 (000090c0)     _Set_wt_centilb_other_motor
000090ef     243 (000090c0)     _Set_advanced_wt_centilb_other_motor
000090f0     243 (000090c0)     _wt_centilb_measured
000090f1     243 (000090c0)     _user_switch_for_enable
000090f2     243 (000090c0)     _user_switch_for_relay_off
000090f3     243 (000090c0)     _led10_on_status
000090f4     243 (000090c0)     _gpio16_status
000090f5     243 (000090c0)     _start_counter_enabled
000090f6     243 (000090c0)     _wt_centilb_measured_other_motor
000090f7     243 (000090c0)     _undervoltage_shutdown_enable
000090f8     243 (000090c0)     _start_counter_enable_flag
000090f9     243 (000090c0)     _CRCByte
000090fa     243 (000090c0)     _CRC16bit_1
000090fb     243 (000090c0)     _TxFifoStatusSCIB
000090fc     243 (000090c0)     _TxFifoStatusSCIA
000090fd     243 (000090c0)     _ball_position_other_motor_decimm
000090fe     243 (000090c0)     _tare_ball_stop_counter_1
000090ff     243 (000090c0)     _CRC16bit_2

00009100     244 (00009100)     _Status_other_motor
00009101     244 (00009100)     _position_packet_read_on_serial
00009102     244 (00009100)     _log_sample
00009103     244 (00009100)     _Status_motor
00009104     244 (00009100)     _send_packet_type
00009105     244 (00009100)     _checkCRCByte
00009106     244 (00009100)     _position_packet_sent_on_serial
00009107     244 (00009100)     _send_packet_counter
00009108     244 (00009100)     _force_enabled
00009109     244 (00009100)     _status_force_enabled_other_motor
0000910a     244 (00009100)     _dynamic_iso_perturbation_flag
0000910b     244 (00009100)     _force_enabled_other_motor
0000910c     244 (00009100)     _bar_stabilization_factor_enable_manual
0000910d     244 (00009100)     _bar_stabilization_factor_enable
0000910e     244 (00009100)     _advanced_mode_flag
00009110     244 (00009100)     _IqRef_pu_pos_max
00009112     244 (00009100)     _log_angle_speed_setting
00009114     244 (00009100)     _concentric_overloading_factor
00009116     244 (00009100)     _non_zero_load_on_front_and_rear_loadcell_lb
00009118     244 (00009100)     _IqRef_pu_neg_max
0000911a     244 (00009100)     _loadcell_diff_window
0000911c     244 (00009100)     _concentric_overloading_speed_setting
0000911e     244 (00009100)     _platform_force_balanced_counter
00009120     244 (00009100)     _bar_stabilization_factor
00009122     244 (00009100)     _ball_position_offset_other_motor
00009124     244 (00009100)     _Encoder_turns
00009126     244 (00009100)     _EncCount_other_motor
00009128     244 (00009100)     _concentric_overloading_factor_rate
0000912a     244 (00009100)     _gMaxCurrentSlope
0000912c     244 (00009100)     _controller_obj
0000912e     244 (00009100)     _rotor_inertia_factor_eccentric_accel_iq
00009130     244 (00009100)     _rotor_inertia_factor_eccentric_decel_iq
00009132     244 (00009100)     _rotor_inertia_factor_concentric_decel_iq
00009134     244 (00009100)     _enc_temp
00009136     244 (00009100)     _cpu_timeHandle
00009138     244 (00009100)     _enc_mech_angle_gain
0000913a     244 (00009100)     _start_force_fraction_person_height
0000913c     244 (00009100)     _loadcell_all_plus_tared_lb
0000913e     244 (00009100)     _iq_var_max_limit

00009140     245 (00009140)     _iq_var_min_limit_relaxed_for_solenoid
00009142     245 (00009140)     _halHandle
00009144     245 (00009140)     _EncAngle_iq_1
00009146     245 (00009140)     _ctrlHandle
00009148     245 (00009140)     _IqRef_pu
0000914a     245 (00009140)     _rotor_inertia_factor_concentric_accel_iq
0000914c     245 (00009140)     _IqRef_pu_corr
0000914e     245 (00009140)     _IqRef_pu_corr_inertia_accel
00009150     245 (00009140)     _iq_var_min_limit
00009152     245 (00009140)     _loadcell_front_plus_rear_inlb
00009154     245 (00009140)     _ball_position_other_motor_recieved
00009156     245 (00009140)     _loadcell_rear_inlb
00009158     245 (00009140)     _ball_position_other_motor
0000915a     245 (00009140)     _loadcell_front_inlb
0000915c     245 (00009140)     _bar_stabilization_factor_rate
0000915e     245 (00009140)     _loadcell_delta_front_rear_1_fraction
00009160     245 (00009140)     _loadcell_delta_front_rear_inlb
00009162     245 (00009140)     _loadcell_delta_front_rear_fraction
00009164     245 (00009140)     _ms_since_last_incoming_packet_from_App
00009166     245 (00009140)     _advanced_wt_lb
00009168     245 (00009140)     _wt_lb_set
0000916a     245 (00009140)     _wt_lb
0000916c     245 (00009140)     _wt_lb_slewed_set
0000916e     245 (00009140)     _dc_bus_current_inV
00009170     245 (00009140)     _dc_bus_current_inA
00009172     245 (00009140)     _start_force_position
00009174     245 (00009140)     _update_counter
00009176     245 (00009140)     _loadcell_rear_1_tared_lb
00009178     245 (00009140)     _battery_voltage_V
0000917a     245 (00009140)     _muscle_strain
0000917c     245 (00009140)     _log_array_pos
0000917e     245 (00009140)     _Battery_Power_W

00009180     246 (00009180)     _ball_position_ma_sum_prev
00009182     246 (00009180)     _wt_lb_actually_set
00009184     246 (00009180)     _timestamp
00009186     246 (00009180)     _wt_lb_actually_actually_set_slewed
00009188     246 (00009180)     _wt_lb_actually_actually_set
0000918a     246 (00009180)     _loadcell_front_tared_lb
0000918c     246 (00009180)     _loadcell_rear_tared_lb
0000918e     246 (00009180)     _ball_position_offset
00009190     246 (00009180)     _delta_ball_position
00009192     246 (00009180)     _ble_delay_counter
00009194     246 (00009180)     _ble_packet_sent_counter
00009196     246 (00009180)     _Rmin_other_motor
00009198     246 (00009180)     _Rmin
0000919a     246 (00009180)     _Rmax_other_motor
0000919c     246 (00009180)     _Rmax
0000919e     246 (00009180)     _min_balance_fraction
000091a0     246 (00009180)     _start_counter
000091a2     246 (00009180)     _dcbus_current_sensor_gain
000091a4     246 (00009180)     _dcbus_current_sensor_offset
000091a6     246 (00009180)     _wt_lb_correction_inertia_accel
000091a8     246 (00009180)     _bar_position_mm
000091aa     246 (00009180)     _start_force_position_from_other_motor
000091ac     246 (00009180)     _loadcell_front_1_tared_lb
000091ae     246 (00009180)     _handle_position_mm
000091b0     246 (00009180)     _gFlux_pu_to_VpHz_sf
000091b2     246 (00009180)     _gFlux_pu_to_Wb_sf
000091b4     246 (00009180)     _gTorque_Flux_Iq_pu_to_Nm_sf
000091b6     246 (00009180)     _wt_lb_desired
000091b8     246 (00009180)     _gTorque_Ls_Id_Iq_pu_to_Nm_sf
000091ba     246 (00009180)     _slew_while_decreasing_weight_friction
000091bc     246 (00009180)     _slew_while_increasing_weight
000091be     246 (00009180)     _slew_while_increasing_weight_friction

000091c0     247 (000091c0)     _person_height_decimm
000091c2     247 (000091c0)     _slew_while_decreasing_weight
000091c4     247 (000091c0)     _forced_elec_angle_pu
000091c6     247 (000091c0)     _force_enable_delay
000091c8     247 (000091c0)     _timer2Cnt
000091ca     247 (000091c0)     _solenoid_pwm_duty_cycle
000091cc     247 (000091c0)     _wt_lb_correction_inertia_accel_max_limit
000091ce     247 (000091c0)     _ball_position
000091d0     247 (000091c0)     _wt_lb_actually_set_measured
000091d2     247 (000091c0)     _loadcell_front_1_tared_ma_sum
000091d4     247 (000091c0)     _loadcell_rear_tared_ma_sum
000091d6     247 (000091c0)     _loadcell_front_tared_ma_sum
000091d8     247 (000091c0)     _loadcell_rear_1_tared_ma_sum
000091da     247 (000091c0)     _ball_position_ma_sum
000091dc     247 (000091c0)     _packet_recieved
000091df     247 (000091c0)     _packet_send
000091e2     247 (000091c0)     _packet_sent
000091e6     247 (000091c0)     _gPwmData
000091ec     247 (000091c0)     _tempArr
000091f3     247 (000091c0)     _packet_send_1

00009200     248 (00009200)     _packet_recieved_1
0000920c     248 (00009200)     _gAdcData
0000921a     248 (00009200)     _ble_recieve_packet_array
0000922a     248 (00009200)     _ball_velocityx10_circular_buffer

00009240     249 (00009240)     _ball_position_circular_buffer
00009254     249 (00009240)     _gDrvSpi8301Vars

00009280     24a (00009280)     _cpu_time
00009298     24a (00009280)     _gDacData

000092c0     24b (000092c0)     _ble_response_array

00009300     24c (00009300)     _loadcell_rear_1_tared_circular_buffer

00009380     24e (00009380)     _loadcell_front_tared_circular_buffer

00009400     250 (00009400)     _loadcell_rear_tared_circular_buffer

00009480     252 (00009480)     _loadcell_front_1_tared_circular_buffer

00009500     254 (00009500)     _gMotorVars

000095c0     257 (000095c0)     _gUserParams

00009680     25a (00009680)     _ball_accelx200_circular_buffer

00009748     25d (00009740)     ___TI_enable_exit_profile_output
0000974a     25d (00009740)     ___TI_cleanup_ptr
0000974c     25d (00009740)     ___TI_dtors_ptr
0000974e     25d (00009740)     __lock
00009750     25d (00009740)     __unlock
00009754     25d (00009740)     _cpu
00009755     25d (00009740)     _errno

00009780     25e (00009780)     _hal

003f4ae9    fd2b (003f4ac0)     __IQ24sqrt

003f4b2b    fd2c (003f4b00)     __IQ24sinPU

003f4b54    fd2d (003f4b40)     __IQ24cosPU
003f4b7b    fd2d (003f4b40)     __IQ24mpyI32frac

003f4b8f    fd2e (003f4b80)     __IQ24toF
003f4ba3    fd2e (003f4b80)     __IQ30toF

003fdc30    ff70 (003fdc00)     _IQsinTable

003fdd30    ff74 (003fdd00)     _IQcosTable

003fe030    ff80 (003fe000)     _IQsinTableEnd

003fe132    ff84 (003fe100)     _IQcosTableEnd
003fe132    ff84 (003fe100)     _IQdivRoundSatTable

003fe140    ff85 (003fe140)     _IQdivTable

003fe342    ff8d (003fe340)     _IQdivTableEnd
003fe342    ff8d (003fe340)     _IQisqrtRoundSatTable
003fe342    ff8d (003fe340)     _IQsqrtRoundSatTable
003fe352    ff8d (003fe340)     _IQisqrtTable
003fe352    ff8d (003fe340)     _IQsqrtTable

003fe454    ff91 (003fe440)     _IQatan2HalfPITable
003fe454    ff91 (003fe440)     _IQisqrtTableEnd
003fe454    ff91 (003fe440)     _IQsqrtTableEnd

003fe492    ff92 (003fe480)     _IQatan2Table

003fe618    ff98 (003fe600)     _IQ30mpyRndSatTable
003fe618    ff98 (003fe600)     _IQatan2TableEnd
003fe618    ff98 (003fe600)     _IQmpyRndSatTable
003fe624    ff98 (003fe600)     _IQ29mpyRndSatTable
003fe630    ff98 (003fe600)     _IQ28mpyRndSatTable
003fe63c    ff98 (003fe600)     _IQ27mpyRndSatTable

003fe648    ff99 (003fe640)     _IQ26mpyRndSatTable
003fe654    ff99 (003fe640)     _IQ25mpyRndSatTable
003fe660    ff99 (003fe640)     _IQ24mpyRndSatTable
003fe66c    ff99 (003fe640)     _IQ23mpyRndSatTable
003fe678    ff99 (003fe640)     _IQ22mpyRndSatTable

003fe684    ff9a (003fe680)     _IQ21mpyRndSatTable
003fe690    ff9a (003fe680)     _IQ20mpyRndSatTable
003fe69c    ff9a (003fe680)     _IQ19mpyRndSatTable
003fe6a8    ff9a (003fe680)     _IQ18mpyRndSatTable
003fe6b4    ff9a (003fe680)     _IQ17mpyRndSatTable

003fe6c0    ff9b (003fe6c0)     _IQ16mpyRndSatTable
003fe6cc    ff9b (003fe6c0)     _IQ15mpyRndSatTable
003fe6d8    ff9b (003fe6c0)     _IQ14mpyRndSatTable
003fe6e4    ff9b (003fe6c0)     _IQ13mpyRndSatTable
003fe6f0    ff9b (003fe6c0)     _IQ12mpyRndSatTable
003fe6fc    ff9b (003fe6c0)     _IQ11mpyRndSatTable

003fe708    ff9c (003fe700)     _IQ10mpyRndSatTable
003fe714    ff9c (003fe700)     _IQ9mpyRndSatTable
003fe720    ff9c (003fe700)     _IQ8mpyRndSatTable
003fe72c    ff9c (003fe700)     _IQ7mpyRndSatTable
003fe738    ff9c (003fe700)     _IQ6mpyRndSatTable

003fe744    ff9d (003fe740)     _IQ5mpyRndSatTable
003fe750    ff9d (003fe740)     _IQ4mpyRndSatTable
003fe75c    ff9d (003fe740)     _IQ3mpyRndSatTable
003fe768    ff9d (003fe740)     _IQ2mpyRndSatTable
003fe774    ff9d (003fe740)     _IQ1mpyRndSatTable

003fe780    ff9e (003fe780)     _IQmpyRndSatTableEnd


GLOBAL SYMBOLS: SORTED ALPHABETICALLY BY Name 

page  address   name                                                            
----  -------   ----                                                            
0     003f0000  .text                                                           
0     003f415a  C$$EXIT                                                         
0     003f3c68  FD$$MPY                                                         
0     003f427c  FD$$TOL                                                         
0     003f3d73  FS$$ADD                                                         
0     003f4375  FS$$CMP                                                         
0     003f3ceb  FS$$DIV                                                         
0     003f3f7c  FS$$MPY                                                         
0     003f43e4  FS$$NEG                                                         
0     003f3d6e  FS$$SUB                                                         
0     003f42f2  FS$$TOFD                                                        
0     003f41d1  FS$$TOI                                                         
0     003f4183  FS$$TOL                                                         
0     003f429b  FS$$TOU                                                         
0     003f423b  FS$$TOUL                                                        
0     003f42b8  I$$TOFD                                                         
0     003f4328  I$$TOFS                                                         
0     003f4342  L$$TOFS                                                         
0     003f439f  U$$TOFS                                                         
0     003f438c  UL$$TOFS                                                        
0     003f3566  _ADC_disable                                                    
0     003f355c  _ADC_disableBandGap                                             
0     003f3545  _ADC_disableInt                                                 
0     003f353b  _ADC_disableNoOverlapMode                                       
0     003f3531  _ADC_disableRefBuffers                                          
0     003f3527  _ADC_disableVoltRefLoConv                                       
0     003f351d  _ADC_enable                                                     
0     003f3513  _ADC_enableBandGap                                              
0     003f34fd  _ADC_enableInt                                                  
0     003f34f3  _ADC_enableNoOverlapMode                                        
0     003f34e9  _ADC_enableRefBuffers                                           
0     003f34df  _ADC_enableVoltRefLoConv                                        
0     003f34d7  _ADC_getDivideSelect                                            
0     003f34cf  _ADC_init                                                       
0     003f34c5  _ADC_powerDown                                                  
0     003f34bb  _ADC_powerUp                                                    
0     003f34b1  _ADC_reset                                                      
0     003f34a0  _ADC_setDivideSelect                                            
0     003f347f  _ADC_setIntMode                                                 
0     003f346e  _ADC_setIntPulseGenMode                                         
0     003f344d  _ADC_setIntSrc                                                  
0     003f3446  _ADC_setOffTrim                                                 
0     003f342f  _ADC_setSampleMode                                              
0     003f341c  _ADC_setSampleOverlapMode                                       
0     003f3408  _ADC_setSocChanNumber                                           
0     003f33fe  _ADC_setSocFrc                                                  
0     003f33f7  _ADC_setSocFrcWord                                              
0     003f33e3  _ADC_setSocSampleDelay                                          
0     003f33cf  _ADC_setSocTrigSrc                                              
0     003f33be  _ADC_setTempSensorSrc                                           
0     003f33ad  _ADC_setVoltRefSrc                                              
0     003f3382  _ADC_setupSocTrigSrc                                            
1     000090d7  _At_bottom                                                      
1     0000907a  _At_bottom_other_motor                                          
1     000090d6  _At_top                                                         
1     00009074  _At_top_other_motor                                             
1     0000917e  _Battery_Power_W                                                
1     000090b9  _Bballs                                                         
1     000090ba  _Bballs_other_motor                                             
1     000090b6  _Bballs_other_motor_recieved                                    
0     003f36f3  _CLK_disableAdcClock                                            
0     003f36ec  _CLK_disableClaClock                                            
0     003f36e6  _CLK_disableClkIn                                               
0     003f36e2  _CLK_disableCompClock                                           
0     003f36db  _CLK_disableCpuTimerClock                                       
0     003f36d5  _CLK_disableCrystalOsc                                          
0     003f36ce  _CLK_disableEcanaClock                                          
0     003f36c7  _CLK_disableEcap1Clock                                          
0     003f36c0  _CLK_disableEqep1Clock                                          
0     003f36b9  _CLK_disableEqep2Clock                                          
0     003f36b2  _CLK_disableGpioInputClock                                      
0     003f36ab  _CLK_disableHrPwmClock                                          
0     003f36a4  _CLK_disableI2cClock                                            
0     003f369d  _CLK_disableLinAClock                                           
0     003f3697  _CLK_disableOsc1                                                
0     003f3691  _CLK_disableOsc1HaltMode                                        
0     003f368b  _CLK_disableOsc2                                                
0     003f3685  _CLK_disableOsc2HaltMode                                        
0     003f367b  _CLK_disablePwmClock                                            
0     003f3674  _CLK_disableSciaClock                                           
0     003f366d  _CLK_disableScibClock                                           
0     003f3666  _CLK_disableSpiaClock                                           
0     003f3662  _CLK_disableSpibClock                                           
0     003f365b  _CLK_disableTbClockSync                                         
0     003f3655  _CLK_disableWatchDogHaltMode                                    
0     003f364e  _CLK_enableAdcClock                                             
0     003f3647  _CLK_enableClaClock                                             
0     003f3641  _CLK_enableClkIn                                                
0     003f363b  _CLK_enableCompClock                                            
0     003f3635  _CLK_enableCpuTimerClock                                        
0     003f362f  _CLK_enableCrystalOsc                                           
0     003f3628  _CLK_enableEcanaClock                                           
0     003f3621  _CLK_enableEcap1Clock                                           
0     003f361a  _CLK_enableEqep1Clock                                           
0     003f3613  _CLK_enableEqep2Clock                                           
0     003f360c  _CLK_enableGpioInputClock                                       
0     003f3605  _CLK_enableHrPwmClock                                           
0     003f35fe  _CLK_enableI2cClock                                             
0     003f35f7  _CLK_enableLinAClock                                            
0     003f35f1  _CLK_enableOsc1                                                 
0     003f35eb  _CLK_enableOsc1HaltMode                                         
0     003f35e5  _CLK_enableOsc2                                                 
0     003f35df  _CLK_enableOsc2HaltMode                                         
0     003f35d6  _CLK_enablePwmClock                                             
0     003f35cf  _CLK_enableSciaClock                                            
0     003f35c8  _CLK_enableScibClock                                            
0     003f35c1  _CLK_enableSpiaClock                                            
0     003f35ba  _CLK_enableSpibClock                                            
0     003f35b3  _CLK_enableTbClockSync                                          
0     003f35ad  _CLK_enableWatchDogHaltMode                                     
0     003f35a7  _CLK_init                                                       
0     003f35a0  _CLK_setClkOutPreScaler                                         
0     003f359a  _CLK_setLowSpdPreScaler                                         
0     003f3593  _CLK_setOsc2Src                                                 
0     003f358c  _CLK_setOscSrc                                                  
0     003f3585  _CLK_setTimer2PreScale                                          
0     003f357e  _CLK_setTimer2Src                                               
0     003f3577  _CLK_setWatchDogSrc                                             
0     003f3570  _CLK_setXClkInSrc                                               
0     003f4322  _CPU_TIME_init                                                  
0     003f430e  _CPU_TIME_setParams                                             
0     003f41ce  _CPU_clearIntFlags                                              
0     003f41cb  _CPU_disableDebugInt                                            
0     003f41c8  _CPU_disableGlobalInts                                          
0     003f41c3  _CPU_disableInt                                                 
0     003f41c0  _CPU_disableInts                                                
0     003f41bd  _CPU_disableProtectedRegisterWrite                              
0     003f41ba  _CPU_enableDebugInt                                             
0     003f41b7  _CPU_enableGlobalInts                                           
0     003f41b3  _CPU_enableInt                                                  
0     003f41b0  _CPU_enableProtectedRegisterWrite                               
0     003f41ac  _CPU_init                                                       
1     000090fa  _CRC16bit_1                                                     
1     000090ff  _CRC16bit_2                                                     
1     000090f9  _CRCByte                                                        
0     003f252a  _CTRL_getGains                                                  
0     003f2523  _CTRL_getIab_filt_pu                                            
0     003f251c  _CTRL_getIab_in_pu                                              
0     003f2515  _CTRL_getIdq_in_pu                                              
0     003f250e  _CTRL_getIdq_ref_pu                                             
0     003f2563  _CTRL_getMagCurrent_pu                                          
0     003f2560  _CTRL_getMaximumSpeed_pu                                        
0     003f2507  _CTRL_getVab_in_pu                                              
0     003f2500  _CTRL_getVab_out_pu                                             
0     003f24f9  _CTRL_getVdq_out_pu                                             
abs   003fa721  _CTRL_getVersion                                                
0     003f24f0  _CTRL_getWaitTimes                                              
abs   003fa6fb  _CTRL_initCtrl                                                  
0     00008a26  _CTRL_run                                                       
abs   003fa5d1  _CTRL_runTraj                                                   
abs   003f9e64  _CTRL_setEstParams                                              
0     003f226f  _CTRL_setGains                                                  
0     003f255d  _CTRL_setMagCurrent_pu                                          
0     003f255a  _CTRL_setMaximumSpeed_pu                                        
0     003f2297  _CTRL_setParams                                                 
0     003f225c  _CTRL_setSpd_ref_krpm                                           
0     003f2259  _CTRL_setSpd_ref_pu                                             
abs   003f9d31  _CTRL_setUserMotorParams                                        
0     003f2250  _CTRL_setWaitTimes                                              
0     00008a1c  _CTRL_setup                                                     
0     003f2234  _CTRL_setupClarke_I                                             
0     003f221e  _CTRL_setupClarke_V                                             
abs   003f9b43  _CTRL_setupCtrl                                                 
abs   003f99a5  _CTRL_setupEstIdleState                                         
abs   003f996a  _CTRL_setupEstOnLineState                                       
abs   003f9806  _CTRL_setupTraj                                                 
0     003f21c4  _CTRL_setup_user                                                
0     003f2111  _CTRL_updateState                                               
0     003f3353  _DRV8301_enable                                                 
0     003f3341  _DRV8301_getDcCalMode                                           
0     003f3326  _DRV8301_getFaultType                                           
0     003f3320  _DRV8301_getId                                                  
0     003f3319  _DRV8301_getOcLevel                                             
0     003f3312  _DRV8301_getOcMode                                              
0     003f330b  _DRV8301_getOcOffTimeMode                                       
0     003f3304  _DRV8301_getOcTwMode                                            
0     003f32fd  _DRV8301_getPeakCurrent                                         
0     003f32f6  _DRV8301_getPwmMode                                             
0     003f32ef  _DRV8301_getShuntAmpGain                                        
0     003f32e6  _DRV8301_init                                                   
0     003f32e0  _DRV8301_isFault                                                
0     003f32d9  _DRV8301_isReset                                                
0     003f3263  _DRV8301_readData                                               
0     003f30e8  _DRV8301_readSpi                                                
0     003f3254  _DRV8301_reset                                                  
0     003f3235  _DRV8301_setDcCalMode                                           
0     003f3233  _DRV8301_setGpioHandle                                          
0     003f3231  _DRV8301_setGpioNumber                                          
0     003f321d  _DRV8301_setOcLevel                                             
0     003f3209  _DRV8301_setOcMode                                              
0     003f31f5  _DRV8301_setOcOffTimeMode                                       
0     003f31e1  _DRV8301_setOcTwMode                                            
0     003f31cd  _DRV8301_setPeakCurrent                                         
0     003f31b9  _DRV8301_setPwmMode                                             
0     003f31a5  _DRV8301_setShuntAmpGain                                        
0     003f31a3  _DRV8301_setSpiHandle                                           
0     003f311b  _DRV8301_setupSpi                                               
0     003f30bf  _DRV8301_writeData                                              
0     003f30a8  _DRV8301_writeSpi                                               
abs   003f9760  _EST_doCurrentCtrl                                              
abs   003f9758  _EST_doSpeedCtrl                                                
abs   003f96be  _EST_getFlux_VpHz                                               
abs   003f96ab  _EST_getFlux_pu                                                 
abs   003f968e  _EST_getFm_pu                                                   
abs   003f9632  _EST_getIdRated                                                 
abs   003f95ff  _EST_getLs_coarse_max_pu                                        
abs   003f95f5  _EST_getLs_d_H                                                  
abs   003f95f0  _EST_getLs_d_pu                                                 
abs   003f95ce  _EST_getLs_q_H                                                  
abs   003f95c9  _EST_getLs_q_pu                                                 
abs   003f95bd  _EST_getMaxCurrentSlope_pu                                      
abs   003f95b3  _EST_getOneOverDcBus_pu                                         
abs   003f953d  _EST_getRsOnLine_Ohm                                            
abs   003f9513  _EST_getRs_Ohm                                                  
abs   003f94c6  _EST_getSpeed_krpm                                              
abs   003f861b  _EST_getState                                                   
abs   003f9458  _EST_get_krpm_to_pu_sf                                          
abs   003f9453  _EST_get_pu_to_krpm_sf                                          
abs   003f938d  _EST_isError                                                    
abs   003f9386  _EST_isIdle                                                     
abs   003f937f  _EST_isLockRotor                                                
abs   003f8679  _EST_isMotorIdentified                                          
abs   003f9378  _EST_isOnLine                                                   
abs   003f927b  _EST_run                                                        
abs   003f8bdb  _EST_setFlag_enableForceAngle                                   
abs   003f8bd3  _EST_setFlag_enableRsRecalc                                     
abs   003f8b80  _EST_setId_ref_pu                                               
abs   003f8b7a  _EST_setIdle                                                    
abs   003f8b67  _EST_setIdle_all                                                
abs   003f8b63  _EST_setIq_ref_pu                                               
abs   003f8b45  _EST_setLs_d_pu                                                 
abs   003f8af1  _EST_setLs_qFmt                                                 
abs   003f8ae7  _EST_setLs_q_pu                                                 
abs   003f8adb  _EST_setMaxCurrentSlope_pu                                      
abs   003f8a18  _EST_setRs_pu                                                   
abs   003f89f5  _EST_updateId_ref_pu                                            
abs   003f8713  _EST_updateState                                                
abs   003f861d  _EST_useZeroIq_ref                                              
1     00009144  _EncAngle_iq_1                                                  
1     00009126  _EncCount_other_motor                                           
1     00009084  _Encoder_count                                                  
1     00009083  _Encoder_count_corrected                                        
1     00009085  _Encoder_count_offset                                           
1     00009081  _Encoder_count_prev                                             
1     00009082  _Encoder_diff                                                   
1     00009124  _Encoder_turns                                                  
0     003f4238  _FILTER_FO_getDenCoeffs                                         
0     003f4231  _FILTER_FO_getInitialConditions                                 
0     003f422b  _FILTER_FO_getNumCoeffs                                         
0     003f4225  _FILTER_FO_init                                                 
0     003f4223  _FILTER_FO_setDenCoeffs                                         
0     003f421e  _FILTER_FO_setInitialConditions                                 
0     003f421a  _FILTER_FO_setNumCoeffs                                         
0     003f4276  _FLASH_clear3VStatus                                            
0     00008f97  _FLASH_disablePipelineMode                                      
0     00008f91  _FLASH_enablePipelineMode                                       
0     003f4273  _FLASH_get3VStatus                                              
0     003f4270  _FLASH_getActiveWaitCount                                       
0     003f426c  _FLASH_getActiveWaitStatus                                      
0     003f4269  _FLASH_getPowerMode                                             
0     003f4266  _FLASH_getStandbyWaitCount                                      
0     003f4262  _FLASH_getStandbyWaitStatus                                     
0     003f425c  _FLASH_init                                                     
0     00008f8c  _FLASH_setActiveWaitCount                                       
0     00008f85  _FLASH_setNumPagedReadWaitStates                                
0     00008f7e  _FLASH_setNumRandomReadWaitStates                               
0     00008f77  _FLASH_setOtpWaitStates                                         
0     00008f70  _FLASH_setPowerMode                                             
0     00008f6b  _FLASH_setStandbyWaitCount                                      
1     000090e7  _Flag_Latch_softwareUpdate                                      
0     003f39a1  _GPIO_getData                                                   
0     003f3996  _GPIO_getPortData                                               
0     003f3990  _GPIO_init                                                      
0     003f3986  _GPIO_lpmSelect                                                 
0     003f396c  _GPIO_setDirection                                              
0     003f3961  _GPIO_setExtInt                                                 
0     003f392d  _GPIO_setMode                                                   
0     003f391f  _GPIO_setPortData                                               
0     003f3905  _GPIO_setPullup                                                 
0     003f38c8  _GPIO_setQualification                                          
0     003f3881  _GPIO_setQualificationPeriod                                    
0     003f1b9b  _HAL_AdcCalChanSelect                                           
0     003f1bf2  _HAL_AdcCalConversion                                           
0     003f1d4a  _HAL_AdcOffsetSelfCal                                           
0     003f1e10  _HAL_OscTempComp                                                
0     003f1e65  _HAL_cal                                                        
0     003f210d  _HAL_disableGlobalInts                                          
0     003f1fdd  _HAL_disableWdog                                                
0     003f20fb  _HAL_enableAdcInts                                              
0     003f20f7  _HAL_enableDebugInt                                             
0     003f20f2  _HAL_enableDrv                                                  
0     003f20ee  _HAL_enableGlobalInts                                           
0     003f20dd  _HAL_enablePwmInt                                               
0     003f20cd  _HAL_enableTimer0Int                                            
0     003f1d7d  _HAL_getOscTrimValue                                            
0     003f1fe2  _HAL_init                                                       
0     003f1d90  _HAL_osc1Comp                                                   
0     003f1dd0  _HAL_osc2Comp                                                   
0     003f1fd8  _HAL_readDrvData                                                
0     003f1e7c  _HAL_setParams                                                  
0     003f1a6e  _HAL_setupAdcs                                                  
0     003f1a52  _HAL_setupClks                                                  
0     003f1a4d  _HAL_setupDrvSpi                                                
0     003f1a2c  _HAL_setupFaults                                                
0     00008f9d  _HAL_setupFlash                                                 
0     003f1a17  _HAL_setupGate                                                  
0     003f1704  _HAL_setupGpios                                                 
0     003f16ae  _HAL_setupPeripheralClks                                        
0     003f1692  _HAL_setupPie                                                   
0     003f1653  _HAL_setupPll                                                   
0     003f15cb  _HAL_setupPwmDacs                                               
0     003f14f3  _HAL_setupPwms                                                  
0     003f1454  _HAL_setupQEP                                                   
0     003f13da  _HAL_setupSciA                                                  
0     003f1360  _HAL_setupSciB                                                  
0     003f1326  _HAL_setupSpiA_master                                           
0     003f12f1  _HAL_setupSpiA_slave                                            
0     003f12bb  _HAL_setupSpiB                                                  
0     003f1285  _HAL_setupSpiB_redo                                             
0     003f122c  _HAL_setupTimers                                                
0     003f1227  _HAL_writeDrvData                                               
0     003fe708  _IQ10mpyRndSatTable                                             
0     003fe6fc  _IQ11mpyRndSatTable                                             
0     003fe6f0  _IQ12mpyRndSatTable                                             
0     003fe6e4  _IQ13mpyRndSatTable                                             
0     003fe6d8  _IQ14mpyRndSatTable                                             
0     003fe6cc  _IQ15mpyRndSatTable                                             
0     003fe6c0  _IQ16mpyRndSatTable                                             
0     003fe6b4  _IQ17mpyRndSatTable                                             
0     003fe6a8  _IQ18mpyRndSatTable                                             
0     003fe69c  _IQ19mpyRndSatTable                                             
0     003fe774  _IQ1mpyRndSatTable                                              
0     003fe690  _IQ20mpyRndSatTable                                             
0     003fe684  _IQ21mpyRndSatTable                                             
0     003fe678  _IQ22mpyRndSatTable                                             
0     003fe66c  _IQ23mpyRndSatTable                                             
0     003fe660  _IQ24mpyRndSatTable                                             
0     003fe654  _IQ25mpyRndSatTable                                             
0     003fe648  _IQ26mpyRndSatTable                                             
0     003fe63c  _IQ27mpyRndSatTable                                             
0     003fe630  _IQ28mpyRndSatTable                                             
0     003fe624  _IQ29mpyRndSatTable                                             
0     003fe768  _IQ2mpyRndSatTable                                              
0     003fe618  _IQ30mpyRndSatTable                                             
0     003fe75c  _IQ3mpyRndSatTable                                              
0     003fe750  _IQ4mpyRndSatTable                                              
0     003fe744  _IQ5mpyRndSatTable                                              
0     003fe738  _IQ6mpyRndSatTable                                              
0     003fe72c  _IQ7mpyRndSatTable                                              
0     003fe720  _IQ8mpyRndSatTable                                              
0     003fe714  _IQ9mpyRndSatTable                                              
0     003fe454  _IQatan2HalfPITable                                             
0     003fe492  _IQatan2Table                                                   
0     003fe618  _IQatan2TableEnd                                                
0     003fdd30  _IQcosTable                                                     
0     003fe132  _IQcosTableEnd                                                  
0     003fe132  _IQdivRoundSatTable                                             
0     003fe140  _IQdivTable                                                     
0     003fe342  _IQdivTableEnd                                                  
0     003fe342  _IQisqrtRoundSatTable                                           
0     003fe352  _IQisqrtTable                                                   
0     003fe454  _IQisqrtTableEnd                                                
0     003fe618  _IQmpyRndSatTable                                               
0     003fe780  _IQmpyRndSatTableEnd                                            
0     003fdc30  _IQsinTable                                                     
0     003fe030  _IQsinTableEnd                                                  
0     003fe342  _IQsqrtRoundSatTable                                            
0     003fe352  _IQsqrtTable                                                    
0     003fe454  _IQsqrtTableEnd                                                 
1     00009148  _IqRef_pu                                                       
1     0000914c  _IqRef_pu_corr                                                  
1     0000914e  _IqRef_pu_corr_inertia_accel                                    
1     00009118  _IqRef_pu_neg_max                                               
1     00009110  _IqRef_pu_pos_max                                               
1     00009030  _Loadcell_16bit                                                 
1     0000902e  _Loadcell_16bit_other_motor                                     
1     00009031  _Loadcell_type                                                  
1     00009032  _Loadcell_type_other_motor                                      
0     003f4062  _OFFSET_getBeta                                                 
0     003f4051  _OFFSET_init                                                    
0     003f403b  _OFFSET_setBeta                                                 
0     003f402c  _OFFSET_setInitCond                                             
0     003f402a  _OFFSET_setOffset                                               
0     003f4154  _OSC_init                                                       
0     003f4147  _OSC_setCoarseTrim                                              
0     003f4136  _OSC_setFineTrim                                                
0     003f412d  _OSC_setTrim                                                    
0     003f3ac0  _PIE_clearAllFlags                                              
0     003f3abd  _PIE_clearAllInts                                               
0     003f3aba  _PIE_disable                                                    
0     003f3aa2  _PIE_disableAllInts                                             
0     003f3a9e  _PIE_disableCaptureInt                                          
0     003f3a95  _PIE_disableExtInt                                              
0     003f3a8b  _PIE_disableInt                                                 
0     003f3a88  _PIE_enable                                                     
0     003f3a6c  _PIE_enableAdcInt                                               
0     003f3a68  _PIE_enableCaptureInt                                           
0     003f3a4b  _PIE_enableExtInt                                               
0     003f3a42  _PIE_enableInt                                                  
0     003f3a3d  _PIE_enablePwmInt                                               
0     003f3a38  _PIE_enablePwmTzInt                                             
0     003f3a35  _PIE_enableTimer0Int                                            
0     003f3a2c  _PIE_forceInt                                                   
0     003f3a24  _PIE_getExtIntCount                                             
0     003f3a1d  _PIE_getIntEnables                                              
0     003f3a16  _PIE_getIntFlags                                                
0     003f43df  _PIE_illegalIsr                                                 
0     003f3a0e  _PIE_init                                                       
0     003f39fd  _PIE_registerPieIntHandler                                      
0     003f39f2  _PIE_registerSystemIntHandler                                   
0     003f39e0  _PIE_setDefaultIntVectorTable                                   
0     003f39cf  _PIE_setExtIntPolarity                                          
0     003f39bc  _PIE_unregisterPieIntHandler                                    
0     003f39af  _PIE_unregisterSystemIntHandler                                 
0     003f3f76  _PLL_disable                                                    
0     003f3f70  _PLL_disableClkDetect                                           
0     003f3f6a  _PLL_disableNormRdy                                             
0     003f3f64  _PLL_disableOsc                                                 
0     003f3f5e  _PLL_enable                                                     
0     003f3f58  _PLL_enableClkDetect                                            
0     003f3f52  _PLL_enableNormRdy                                              
0     003f3f4c  _PLL_enableOsc                                                  
0     003f3f48  _PLL_getClkFreq                                                 
0     003f3f45  _PLL_getClkStatus                                               
0     003f3f42  _PLL_getDivideSelect                                            
0     003f3f3f  _PLL_getLockStatus                                              
0     003f3f39  _PLL_init                                                       
0     003f3f33  _PLL_resetClkDetect                                             
0     003f3f2d  _PLL_setClkFreq                                                 
0     003f3f26  _PLL_setDivideSelect                                            
0     003f3f21  _PLL_setLockPeriod                                              
0     003f30a2  _PWM_clearTripZone                                              
0     003f309f  _PWM_decrementDeadBandFallingEdgeDelay                          
0     003f309c  _PWM_decrementDeadBandRisingEdgeDelay                           
0     003f3095  _PWM_disableAutoConvert                                         
0     003f3091  _PWM_disableChopping                                            
0     003f308e  _PWM_disableCounterLoad                                         
0     003f308b  _PWM_disableDeadBand                                            
0     003f3087  _PWM_disableDeadBandHalfCycle                                   
0     003f3080  _PWM_disableDigitalCompareBlankingWindow                        
0     003f3079  _PWM_disableDigitalCompareBlankingWindowInversion               
0     003f3072  _PWM_disableHrPeriod                                            
0     003f306b  _PWM_disableHrPhaseSync                                         
0     003f3067  _PWM_disableInt                                                 
0     003f3063  _PWM_disableSocAPulse                                           
0     003f305f  _PWM_disableSocBPulse                                           
0     003f3058  _PWM_disableTripZoneInt                                         
0     003f3051  _PWM_disableTripZoneSrc                                         
0     003f304b  _PWM_disableTripZones                                           
0     003f3044  _PWM_enableAutoConvert                                          
0     003f3040  _PWM_enableChopping                                             
0     003f303d  _PWM_enableCounterLoad                                          
0     003f3039  _PWM_enableDeadBandHalfCycle                                    
[...]
1     000090d6  _At_top                                                         
1     000090d7  _At_bottom                                                      
1     000090d8  _range_of_motion_states                                         
1     000090d9  _set_started                                                    
1     000090da  _allow_bar_stabilization                                        
1     000090db  _loadcell_circular_buffer_location                              
1     000090dc  _setup_done                                                     
1     000090dd  _setup_done_counter                                             
1     000090de  _run_sensored                                                   
1     000090df  _ball_velocityx10_ma_sum                                        
1     000090e0  _ball_position_tared                                            
1     000090e1  _ball_position_decimm                                           
1     000090e2  _ball_velocityx10                                               
1     000090e3  _ball_position_circular_buffer_location                         
1     000090e4  _start_logging_decimm                                           
1     000090e5  _enc_num_pole_pairs                                             
1     000090e6  _forceangle                                                     
1     000090e7  _Flag_Latch_softwareUpdate                                      
1     000090e8  _gLEDcnt                                                        
1     000090e9  _gCounter_updateGlobals                                         
1     000090ea  _advanced_wt_centilb                                            
1     000090eb  _advanced_wt_centilb_other_motor                                
1     000090ec  _wt_centilb                                                     
1     000090ed  _wt_centilb_other_motor                                         
1     000090ee  _Set_wt_centilb_other_motor                                     
1     000090ef  _Set_advanced_wt_centilb_other_motor                            
1     000090f0  _wt_centilb_measured                                            
1     000090f1  _user_switch_for_enable                                         
1     000090f2  _user_switch_for_relay_off                                      
1     000090f3  _led10_on_status                                                
1     000090f4  _gpio16_status                                                  
1     000090f5  _start_counter_enabled                                          
1     000090f6  _wt_centilb_measured_other_motor                                
1     000090f7  _undervoltage_shutdown_enable                                   
1     000090f8  _start_counter_enable_flag                                      
1     000090f9  _CRCByte                                                        
1     000090fa  _CRC16bit_1                                                     
1     000090fb  _TxFifoStatusSCIB                                               
1     000090fc  _TxFifoStatusSCIA                                               
1     000090fd  _ball_position_other_motor_decimm                               
1     000090fe  _tare_ball_stop_counter_1                                       
1     000090ff  _CRC16bit_2                                                     
1     00009100  _Status_other_motor                                             
1     00009101  _position_packet_read_on_serial                                 
1     00009102  _log_sample                                                     
1     00009103  _Status_motor                                                   
1     00009104  _send_packet_type                                               
1     00009105  _checkCRCByte                                                   
1     00009106  _position_packet_sent_on_serial                                 
1     00009107  _send_packet_counter                                            
1     00009108  _force_enabled                                                  
1     00009109  _status_force_enabled_other_motor                               
1     0000910a  _dynamic_iso_perturbation_flag                                  
1     0000910b  _force_enabled_other_motor                                      
1     0000910c  _bar_stabilization_factor_enable_manual                         
1     0000910d  _bar_stabilization_factor_enable                                
1     0000910e  _advanced_mode_flag                                             
1     00009110  _IqRef_pu_pos_max                                               
1     00009112  _log_angle_speed_setting                                        
1     00009114  _concentric_overloading_factor                                  
1     00009116  _non_zero_load_on_front_and_rear_loadcell_lb                    
1     00009118  _IqRef_pu_neg_max                                               
1     0000911a  _loadcell_diff_window                                           
1     0000911c  _concentric_overloading_speed_setting                           
1     0000911e  _platform_force_balanced_counter                                
1     00009120  _bar_stabilization_factor                                       
1     00009122  _ball_position_offset_other_motor                               
1     00009124  _Encoder_turns                                                  
1     00009126  _EncCount_other_motor                                           
1     00009128  _concentric_overloading_factor_rate                             
1     0000912a  _gMaxCurrentSlope                                               
1     0000912c  _controller_obj                                                 
1     0000912e  _rotor_inertia_factor_eccentric_accel_iq                        
1     00009130  _rotor_inertia_factor_eccentric_decel_iq                        
1     00009132  _rotor_inertia_factor_concentric_decel_iq                       
1     00009134  _enc_temp                                                       
1     00009136  _cpu_timeHandle                                                 
1     00009138  _enc_mech_angle_gain                                            
1     0000913a  _start_force_fraction_person_height                             
1     0000913c  _loadcell_all_plus_tared_lb                                     
1     0000913e  _iq_var_max_limit                                               
1     00009140  _iq_var_min_limit_relaxed_for_solenoid                          
1     00009142  _halHandle                                                      
1     00009144  _EncAngle_iq_1                                                  
1     00009146  _ctrlHandle                                                     
1     00009148  _IqRef_pu                                                       
1     0000914a  _rotor_inertia_factor_concentric_accel_iq                       
1     0000914c  _IqRef_pu_corr                                                  
1     0000914e  _IqRef_pu_corr_inertia_accel                                    
1     00009150  _iq_var_min_limit                                               
1     00009152  _loadcell_front_plus_rear_inlb                                  
1     00009154  _ball_position_other_motor_recieved                             
1     00009156  _loadcell_rear_inlb                                             
1     00009158  _ball_position_other_motor                                      
1     0000915a  _loadcell_front_inlb                                            
1     0000915c  _bar_stabilization_factor_rate                                  
1     0000915e  _loadcell_delta_front_rear_1_fraction                           
1     00009160  _loadcell_delta_front_rear_inlb                                 
1     00009162  _loadcell_delta_front_rear_fraction                             
1     00009164  _ms_since_last_incoming_packet_from_App                         
1     00009166  _advanced_wt_lb                                                 
1     00009168  _wt_lb_set                                                      
1     0000916a  _wt_lb                                                          
1     0000916c  _wt_lb_slewed_set                                               
1     0000916e  _dc_bus_current_inV                                             
1     00009170  _dc_bus_current_inA                                             
1     00009172  _start_force_position                                           
1     00009174  _update_counter                                                 
1     00009176  _loadcell_rear_1_tared_lb                                       
1     00009178  _battery_voltage_V                                              
1     0000917a  _muscle_strain                                                  
1     0000917c  _log_array_pos                                                  
1     0000917e  _Battery_Power_W                                                
1     00009180  _ball_position_ma_sum_prev                                      
1     00009182  _wt_lb_actually_set                                             
1     00009184  _timestamp                                                      
1     00009186  _wt_lb_actually_actually_set_slewed                             
1     00009188  _wt_lb_actually_actually_set                                    
1     0000918a  _loadcell_front_tared_lb                                        
1     0000918c  _loadcell_rear_tared_lb                                         
1     0000918e  _ball_position_offset                                           
1     00009190  _delta_ball_position                                            
1     00009192  _ble_delay_counter                                              
1     00009194  _ble_packet_sent_counter                                        
1     00009196  _Rmin_other_motor                                               
1     00009198  _Rmin                                                           
1     0000919a  _Rmax_other_motor                                               
1     0000919c  _Rmax                                                           
1     0000919e  _min_balance_fraction                                           
1     000091a0  _start_counter                                                  
1     000091a2  _dcbus_current_sensor_gain                                      
1     000091a4  _dcbus_current_sensor_offset                                    
1     000091a6  _wt_lb_correction_inertia_accel                                 
1     000091a8  _bar_position_mm                                                
1     000091aa  _start_force_position_from_other_motor                          
1     000091ac  _loadcell_front_1_tared_lb                                      
1     000091ae  _handle_position_mm                                             
1     000091b0  _gFlux_pu_to_VpHz_sf                                            
1     000091b2  _gFlux_pu_to_Wb_sf                                              
1     000091b4  _gTorque_Flux_Iq_pu_to_Nm_sf                                    
1     000091b6  _wt_lb_desired                                                  
1     000091b8  _gTorque_Ls_Id_Iq_pu_to_Nm_sf                                   
1     000091ba  _slew_while_decreasing_weight_friction                          
1     000091bc  _slew_while_increasing_weight                                   
1     000091be  _slew_while_increasing_weight_friction                          
1     000091c0  _person_height_decimm                                           
1     000091c2  _slew_while_decreasing_weight                                   
1     000091c4  _forced_elec_angle_pu                                           
1     000091c6  _force_enable_delay                                             
1     000091c8  _timer2Cnt                                                      
1     000091ca  _solenoid_pwm_duty_cycle                                        
1     000091cc  _wt_lb_correction_inertia_accel_max_limit                       
1     000091ce  _ball_position                                                  
1     000091d0  _wt_lb_actually_set_measured                                    
1     000091d2  _loadcell_front_1_tared_ma_sum                                  
1     000091d4  _loadcell_rear_tared_ma_sum                                     
1     000091d6  _loadcell_front_tared_ma_sum                                    
1     000091d8  _loadcell_rear_1_tared_ma_sum                                   
1     000091da  _ball_position_ma_sum                                           
1     000091dc  _packet_recieved                                                
1     000091df  _packet_send                                                    
1     000091e2  _packet_sent                                                    
1     000091e6  _gPwmData                                                       
1     000091ec  _tempArr                                                        
1     000091f3  _packet_send_1                                                  
1     00009200  _packet_recieved_1                                              
1     0000920c  _gAdcData                                                       
1     0000921a  _ble_recieve_packet_array                                       
1     0000922a  _ball_velocityx10_circular_buffer                               
1     00009240  _ball_position_circular_buffer                                  
1     00009254  _gDrvSpi8301Vars                                                
1     00009280  _cpu_time                                                       
1     00009298  _gDacData                                                       
1     000092c0  _ble_response_array                                             
1     00009300  _loadcell_rear_1_tared_circular_buffer                          
1     00009380  _loadcell_front_tared_circular_buffer                           
1     00009400  _loadcell_rear_tared_circular_buffer                            
1     00009480  _loadcell_front_1_tared_circular_buffer                         
1     00009500  _gMotorVars                                                     
1     000095c0  _gUserParams                                                    
1     00009680  _ball_accelx200_circular_buffer                                 
1     00009748  ___TI_enable_exit_profile_output                                
1     0000974a  ___TI_cleanup_ptr                                               
1     0000974c  ___TI_dtors_ptr                                                 
1     0000974e  __lock                                                          
1     00009750  __unlock                                                        
1     00009754  _cpu                                                            
1     00009755  _errno                                                          
1     00009780  _hal                                                            
abs   000003b0  __STACK_SIZE                                                    
abs   003f861b  _EST_getState                                                   
abs   003f861d  _EST_useZeroIq_ref                                              
abs   003f8679  _EST_isMotorIdentified                                          
abs   003f8713  _EST_updateState                                                
abs   003f89f5  _EST_updateId_ref_pu                                            
abs   003f8a18  _EST_setRs_pu                                                   
abs   003f8adb  _EST_setMaxCurrentSlope_pu                                      
abs   003f8ae7  _EST_setLs_q_pu                                                 
abs   003f8af1  _EST_setLs_qFmt                                                 
abs   003f8b45  _EST_setLs_d_pu                                                 
abs   003f8b63  _EST_setIq_ref_pu                                               
abs   003f8b67  _EST_setIdle_all                                                
abs   003f8b7a  _EST_setIdle                                                    
abs   003f8b80  _EST_setId_ref_pu                                               
abs   003f8bd3  _EST_setFlag_enableRsRecalc                                     
abs   003f8bdb  _EST_setFlag_enableForceAngle                                   
abs   003f927b  _EST_run                                                        
abs   003f9378  _EST_isOnLine                                                   
abs   003f937f  _EST_isLockRotor                                                
abs   003f9386  _EST_isIdle                                                     
abs   003f938d  _EST_isError                                                    
abs   003f9453  _EST_get_pu_to_krpm_sf                                          
abs   003f9458  _EST_get_krpm_to_pu_sf                                          
abs   003f94c6  _EST_getSpeed_krpm                                              
abs   003f9513  _EST_getRs_Ohm                                                  
abs   003f953d  _EST_getRsOnLine_Ohm                                            
abs   003f95b3  _EST_getOneOverDcBus_pu                                         
abs   003f95bd  _EST_getMaxCurrentSlope_pu                                      
abs   003f95c9  _EST_getLs_q_pu                                                 
abs   003f95ce  _EST_getLs_q_H                                                  
abs   003f95f0  _EST_getLs_d_pu                                                 
abs   003f95f5  _EST_getLs_d_H                                                  
abs   003f95ff  _EST_getLs_coarse_max_pu                                        
abs   003f9632  _EST_getIdRated                                                 
abs   003f968e  _EST_getFm_pu                                                   
abs   003f96ab  _EST_getFlux_pu                                                 
abs   003f96be  _EST_getFlux_VpHz                                               
abs   003f9758  _EST_doSpeedCtrl                                                
abs   003f9760  _EST_doCurrentCtrl                                              
abs   003f9806  _CTRL_setupTraj                                                 
abs   003f996a  _CTRL_setupEstOnLineState                                       
abs   003f99a5  _CTRL_setupEstIdleState                                         
abs   003f9b43  _CTRL_setupCtrl                                                 
abs   003f9d31  _CTRL_setUserMotorParams                                        
abs   003f9e64  _CTRL_setEstParams                                              
abs   003fa5d1  _CTRL_runTraj                                                   
abs   003fa6fb  _CTRL_initCtrl                                                  
abs   003fa721  _CTRL_getVersion                                                
abs   ffffffff  ___TI_pprof_out_hndl                                            
abs   ffffffff  ___TI_prof_data_size                                            
abs   ffffffff  ___TI_prof_data_start                                           
abs   ffffffff  ___binit__                                                      
abs   ffffffff  ___c_args__                                                     
abs   ffffffff  ___pinit__                                                      
abs   ffffffff  binit                                                           
abs   ffffffff  pinit                                                           

[1110 symbols]
