<?xml version="1.0" encoding="ISO-8859-1" ?>
<link_info>
   <banner>TMS320C2000 Linker PC v18.1.4.LTS</banner>
   <copyright>Copyright (c) 1996-2018 Texas Instruments Incorporated</copyright>
   <link_time>0x6656cfec</link_time>
   <link_errors>0x0</link_errors>
   <output_file>proj_lab05a.out</output_file>
   <entry_point>
      <name>_c_int00</name>
      <address>0x3f42c2</address>
   </entry_point>
   <input_file_list>
      <input_file id="fl-5">
         <path>.\</path>
         <kind>object</kind>
         <file>CodeStartBranch.obj</file>
         <name>CodeStartBranch.obj</name>
      </input_file>
      <input_file id="fl-6">
         <path>.\</path>
         <kind>object</kind>
         <file>adc.obj</file>
         <name>adc.obj</name>
      </input_file>
      <input_file id="fl-7">
         <path>.\</path>
         <kind>object</kind>
         <file>clarke.obj</file>
         <name>clarke.obj</name>
      </input_file>
      <input_file id="fl-8">
         <path>.\</path>
         <kind>object</kind>
         <file>clk.obj</file>
         <name>clk.obj</name>
      </input_file>
      <input_file id="fl-9">
         <path>.\</path>
         <kind>object</kind>
         <file>cpu.obj</file>
         <name>cpu.obj</name>
      </input_file>
      <input_file id="fl-a">
         <path>.\</path>
         <kind>object</kind>
         <file>cpu_time.obj</file>
         <name>cpu_time.obj</name>
      </input_file>
      <input_file id="fl-b">
         <path>.\</path>
         <kind>object</kind>
         <file>ctrl.obj</file>
         <name>ctrl.obj</name>
      </input_file>
      <input_file id="fl-c">
         <path>.\</path>
         <kind>object</kind>
         <file>drv8301.obj</file>
         <name>drv8301.obj</name>
      </input_file>
      <input_file id="fl-d">
         <path>.\</path>
         <kind>object</kind>
         <file>enc.obj</file>
         <name>enc.obj</name>
      </input_file>
      <input_file id="fl-e">
         <path>.\</path>
         <kind>object</kind>
         <file>fem.obj</file>
         <name>fem.obj</name>
      </input_file>
      <input_file id="fl-f">
         <path>.\</path>
         <kind>object</kind>
         <file>filter_fo.obj</file>
         <name>filter_fo.obj</name>
      </input_file>
      <input_file id="fl-10">
         <path>.\</path>
         <kind>object</kind>
         <file>flash.obj</file>
         <name>flash.obj</name>
      </input_file>
      <input_file id="fl-11">
         <path>.\</path>
         <kind>object</kind>
         <file>gpio.obj</file>
         <name>gpio.obj</name>
      </input_file>
      <input_file id="fl-12">
         <path>.\</path>
         <kind>object</kind>
         <file>hal.obj</file>
         <name>hal.obj</name>
      </input_file>
      <input_file id="fl-13">
         <path>.\</path>
         <kind>object</kind>
         <file>ipark.obj</file>
         <name>ipark.obj</name>
      </input_file>
      <input_file id="fl-14">
         <path>.\</path>
         <kind>object</kind>
         <file>memCopy.obj</file>
         <name>memCopy.obj</name>
      </input_file>
      <input_file id="fl-15">
         <path>.\</path>
         <kind>object</kind>
         <file>offset.obj</file>
         <name>offset.obj</name>
      </input_file>
      <input_file id="fl-16">
         <path>.\</path>
         <kind>object</kind>
         <file>osc.obj</file>
         <name>osc.obj</name>
      </input_file>
      <input_file id="fl-17">
         <path>.\</path>
         <kind>object</kind>
         <file>park.obj</file>
         <name>park.obj</name>
      </input_file>
      <input_file id="fl-18">
         <path>.\</path>
         <kind>object</kind>
         <file>pid.obj</file>
         <name>pid.obj</name>
      </input_file>
      <input_file id="fl-19">
         <path>.\</path>
         <kind>object</kind>
         <file>pie.obj</file>
         <name>pie.obj</name>
      </input_file>
      <input_file id="fl-1a">
         <path>.\</path>
         <kind>object</kind>
         <file>pll.obj</file>
         <name>pll.obj</name>
      </input_file>
      <input_file id="fl-1b">
         <path>.\</path>
         <kind>object</kind>
         <file>proj_lab05a.obj</file>
         <name>proj_lab05a.obj</name>
      </input_file>
      <input_file id="fl-1c">
         <path>.\</path>
         <kind>object</kind>
         <file>pwm.obj</file>
         <name>pwm.obj</name>
      </input_file>
      <input_file id="fl-1d">
         <path>.\</path>
         <kind>object</kind>
         <file>pwr.obj</file>
         <name>pwr.obj</name>
      </input_file>
      <input_file id="fl-1e">
         <path>.\</path>
         <kind>object</kind>
         <file>qep.obj</file>
         <name>qep.obj</name>
      </input_file>
      <input_file id="fl-1f">
         <path>.\</path>
         <kind>object</kind>
         <file>sci.obj</file>
         <name>sci.obj</name>
      </input_file>
      <input_file id="fl-20">
         <path>.\</path>
         <kind>object</kind>
         <file>spi.obj</file>
         <name>spi.obj</name>
      </input_file>
      <input_file id="fl-21">
         <path>.\</path>
         <kind>object</kind>
         <file>svgen.obj</file>
         <name>svgen.obj</name>
      </input_file>
      <input_file id="fl-22">
         <path>.\</path>
         <kind>object</kind>
         <file>timer.obj</file>
         <name>timer.obj</name>
      </input_file>
      <input_file id="fl-23">
         <path>.\</path>
         <kind>object</kind>
         <file>traj.obj</file>
         <name>traj.obj</name>
      </input_file>
      <input_file id="fl-24">
         <path>.\</path>
         <kind>object</kind>
         <file>usDelay.obj</file>
         <name>usDelay.obj</name>
      </input_file>
      <input_file id="fl-25">
         <path>.\</path>
         <kind>object</kind>
         <file>user.obj</file>
         <name>user.obj</name>
      </input_file>
      <input_file id="fl-26">
         <path>.\</path>
         <kind>object</kind>
         <file>wdog.obj</file>
         <name>wdog.obj</name>
      </input_file>
      <input_file id="fl-29">
         <kind>object</kind>
         <file>&lt;internal&gt;</file>
         <name>&lt;internal&gt;</name>
      </input_file>
      <input_file id="fl-2a">
         <path>C:\ti\ccsv8\tools\compiler\ti-cgt-c2000_18.1.4.LTS\lib\</path>
         <kind>archive</kind>
         <file>rts2800_ml.lib</file>
         <name>fd_mpy28.asm.obj</name>
      </input_file>
      <input_file id="fl-2b">
         <path>C:\ti\ccsv8\tools\compiler\ti-cgt-c2000_18.1.4.LTS\lib\</path>
         <kind>archive</kind>
         <file>rts2800_ml.lib</file>
         <name>fd_tol28.asm.obj</name>
      </input_file>
      <input_file id="fl-2c">
         <path>C:\ti\ccsv8\tools\compiler\ti-cgt-c2000_18.1.4.LTS\lib\</path>
         <kind>archive</kind>
         <file>rts2800_ml.lib</file>
         <name>fs_add28.asm.obj</name>
      </input_file>
      <input_file id="fl-2d">
         <path>C:\ti\ccsv8\tools\compiler\ti-cgt-c2000_18.1.4.LTS\lib\</path>
         <kind>archive</kind>
         <file>rts2800_ml.lib</file>
         <name>fs_cmp28.asm.obj</name>
      </input_file>
      <input_file id="fl-2e">
         <path>C:\ti\ccsv8\tools\compiler\ti-cgt-c2000_18.1.4.LTS\lib\</path>
         <kind>archive</kind>
         <file>rts2800_ml.lib</file>
         <name>fs_div28.asm.obj</name>
      </input_file>
      <input_file id="fl-2f">
         <path>C:\ti\ccsv8\tools\compiler\ti-cgt-c2000_18.1.4.LTS\lib\</path>
         <kind>archive</kind>
         <file>rts2800_ml.lib</file>
         <name>fs_mpy28.asm.obj</name>
      </input_file>
      <input_file id="fl-30">
         <path>C:\ti\ccsv8\tools\compiler\ti-cgt-c2000_18.1.4.LTS\lib\</path>
         <kind>archive</kind>
         <file>rts2800_ml.lib</file>
         <name>fs_neg28.asm.obj</name>
      </input_file>
      <input_file id="fl-31">
         <path>C:\ti\ccsv8\tools\compiler\ti-cgt-c2000_18.1.4.LTS\lib\</path>
         <kind>archive</kind>
         <file>rts2800_ml.lib</file>
         <name>fs_tofd28.asm.obj</name>
      </input_file>
      <input_file id="fl-32">
         <path>C:\ti\ccsv8\tools\compiler\ti-cgt-c2000_18.1.4.LTS\lib\</path>
         <kind>archive</kind>
         <file>rts2800_ml.lib</file>
         <name>fs_toi28.asm.obj</name>
      </input_file>
      <input_file id="fl-33">
         <path>C:\ti\ccsv8\tools\compiler\ti-cgt-c2000_18.1.4.LTS\lib\</path>
         <kind>archive</kind>
         <file>rts2800_ml.lib</file>
         <name>fs_tol28.asm.obj</name>
      </input_file>
      <input_file id="fl-34">
         <path>C:\ti\ccsv8\tools\compiler\ti-cgt-c2000_18.1.4.LTS\lib\</path>
         <kind>archive</kind>
         <file>rts2800_ml.lib</file>
         <name>fs_tou28.asm.obj</name>
      </input_file>
      <input_file id="fl-35">
         <path>C:\ti\ccsv8\tools\compiler\ti-cgt-c2000_18.1.4.LTS\lib\</path>
         <kind>archive</kind>
         <file>rts2800_ml.lib</file>
         <name>fs_toul28.asm.obj</name>
      </input_file>
      <input_file id="fl-36">
         <path>C:\ti\ccsv8\tools\compiler\ti-cgt-c2000_18.1.4.LTS\lib\</path>
         <kind>archive</kind>
         <file>rts2800_ml.lib</file>
         <name>i_tofs28.asm.obj</name>
      </input_file>
      <input_file id="fl-37">
         <path>C:\ti\ccsv8\tools\compiler\ti-cgt-c2000_18.1.4.LTS\lib\</path>
         <kind>archive</kind>
         <file>rts2800_ml.lib</file>
         <name>l_tofs28.asm.obj</name>
      </input_file>
      <input_file id="fl-38">
         <path>C:\ti\ccsv8\tools\compiler\ti-cgt-c2000_18.1.4.LTS\lib\</path>
         <kind>archive</kind>
         <file>rts2800_ml.lib</file>
         <name>u_tofs28.asm.obj</name>
      </input_file>
      <input_file id="fl-39">
         <path>C:\ti\ccsv8\tools\compiler\ti-cgt-c2000_18.1.4.LTS\lib\</path>
         <kind>archive</kind>
         <file>rts2800_ml.lib</file>
         <name>ul_tofs28.asm.obj</name>
      </input_file>
      <input_file id="fl-3a">
         <path>C:\ti\motorware\motorware_1_01_00_18_PB2\sw\modules\fast\lib\32b\f28x\f2806x\</path>
         <kind>archive</kind>
         <file>2806xRevB_FastSpinROMSymbols.lib</file>
         <name>TMS320x2806x_REVB_boot_rom_out__CTRL_getVersion_tmp.obj</name>
      </input_file>
      <input_file id="fl-3b">
         <path>C:\ti\motorware\motorware_1_01_00_18_PB2\sw\modules\fast\lib\32b\f28x\f2806x\</path>
         <kind>archive</kind>
         <file>2806xRevB_FastSpinROMSymbols.lib</file>
         <name>TMS320x2806x_REVB_boot_rom_out__CTRL_initCtrl_tmp.obj</name>
      </input_file>
      <input_file id="fl-3c">
         <path>C:\ti\motorware\motorware_1_01_00_18_PB2\sw\modules\fast\lib\32b\f28x\f2806x\</path>
         <kind>archive</kind>
         <file>2806xRevB_FastSpinROMSymbols.lib</file>
         <name>TMS320x2806x_REVB_boot_rom_out__CTRL_runTraj_tmp.obj</name>
      </input_file>
      <input_file id="fl-3d">
         <path>C:\ti\motorware\motorware_1_01_00_18_PB2\sw\modules\fast\lib\32b\f28x\f2806x\</path>
         <kind>archive</kind>
         <file>2806xRevB_FastSpinROMSymbols.lib</file>
         <name>TMS320x2806x_REVB_boot_rom_out__CTRL_setEstParams_tmp.obj</name>
      </input_file>
      <input_file id="fl-3e">
         <path>C:\ti\motorware\motorware_1_01_00_18_PB2\sw\modules\fast\lib\32b\f28x\f2806x\</path>
         <kind>archive</kind>
         <file>2806xRevB_FastSpinROMSymbols.lib</file>
         <name>TMS320x2806x_REVB_boot_rom_out__CTRL_setUserMotorParams_tmp.obj</name>
      </input_file>
      <input_file id="fl-3f">
         <path>C:\ti\motorware\motorware_1_01_00_18_PB2\sw\modules\fast\lib\32b\f28x\f2806x\</path>
         <kind>archive</kind>
         <file>2806xRevB_FastSpinROMSymbols.lib</file>
         <name>TMS320x2806x_REVB_boot_rom_out__CTRL_setupCtrl_tmp.obj</name>
      </input_file>
      <input_file id="fl-40">
         <path>C:\ti\motorware\motorware_1_01_00_18_PB2\sw\modules\fast\lib\32b\f28x\f2806x\</path>
         <kind>archive</kind>
         <file>2806xRevB_FastSpinROMSymbols.lib</file>
         <name>TMS320x2806x_REVB_boot_rom_out__CTRL_setupEstIdleState_tmp.obj</name>
      </input_file>
      <input_file id="fl-41">
         <path>C:\ti\motorware\motorware_1_01_00_18_PB2\sw\modules\fast\lib\32b\f28x\f2806x\</path>
         <kind>archive</kind>
         <file>2806xRevB_FastSpinROMSymbols.lib</file>
         <name>TMS320x2806x_REVB_boot_rom_out__CTRL_setupEstOnLineState_tmp.obj</name>
      </input_file>
      <input_file id="fl-42">
         <path>C:\ti\motorware\motorware_1_01_00_18_PB2\sw\modules\fast\lib\32b\f28x\f2806x\</path>
         <kind>archive</kind>
         <file>2806xRevB_FastSpinROMSymbols.lib</file>
         <name>TMS320x2806x_REVB_boot_rom_out__CTRL_setupTraj_tmp.obj</name>
      </input_file>
      <input_file id="fl-43">
         <path>C:\ti\motorware\motorware_1_01_00_18_PB2\sw\modules\fast\lib\32b\f28x\f2806x\</path>
         <kind>archive</kind>
         <file>2806xRevB_FastSpinROMSymbols.lib</file>
         <name>TMS320x2806x_REVB_boot_rom_out__EST_doCurrentCtrl_tmp.obj</name>
      </input_file>
      <input_file id="fl-44">
         <path>C:\ti\motorware\motorware_1_01_00_18_PB2\sw\modules\fast\lib\32b\f28x\f2806x\</path>
         <kind>archive</kind>
         <file>2806xRevB_FastSpinROMSymbols.lib</file>
         <name>TMS320x2806x_REVB_boot_rom_out__EST_doSpeedCtrl_tmp.obj</name>
      </input_file>
      <input_file id="fl-45">
         <path>C:\ti\motorware\motorware_1_01_00_18_PB2\sw\modules\fast\lib\32b\f28x\f2806x\</path>
         <kind>archive</kind>
         <file>2806xRevB_FastSpinROMSymbols.lib</file>
         <name>TMS320x2806x_REVB_boot_rom_out__EST_getAngle_pu_tmp.obj</name>
      </input_file>
      <input_file id="fl-46">
         <path>C:\ti\motorware\motorware_1_01_00_18_PB2\sw\modules\fast\lib\32b\f28x\f2806x\</path>
         <kind>archive</kind>
         <file>2806xRevB_FastSpinROMSymbols.lib</file>
         <name>TMS320x2806x_REVB_boot_rom_out__EST_getFlux_VpHz_tmp.obj</name>
      </input_file>
      <input_file id="fl-47">
         <path>C:\ti\motorware\motorware_1_01_00_18_PB2\sw\modules\fast\lib\32b\f28x\f2806x\</path>
         <kind>archive</kind>
         <file>2806xRevB_FastSpinROMSymbols.lib</file>
         <name>TMS320x2806x_REVB_boot_rom_out__EST_getFlux_pu_tmp.obj</name>
      </input_file>
      <input_file id="fl-48">
         <path>C:\ti\motorware\motorware_1_01_00_18_PB2\sw\modules\fast\lib\32b\f28x\f2806x\</path>
         <kind>archive</kind>
         <file>2806xRevB_FastSpinROMSymbols.lib</file>
         <name>TMS320x2806x_REVB_boot_rom_out__EST_getFm_pu_tmp.obj</name>
      </input_file>
      <input_file id="fl-49">
         <path>C:\ti\motorware\motorware_1_01_00_18_PB2\sw\modules\fast\lib\32b\f28x\f2806x\</path>
         <kind>archive</kind>
         <file>2806xRevB_FastSpinROMSymbols.lib</file>
         <name>TMS320x2806x_REVB_boot_rom_out__EST_getIdRated_tmp.obj</name>
      </input_file>
      <input_file id="fl-4a">
         <path>C:\ti\motorware\motorware_1_01_00_18_PB2\sw\modules\fast\lib\32b\f28x\f2806x\</path>
         <kind>archive</kind>
         <file>2806xRevB_FastSpinROMSymbols.lib</file>
         <name>TMS320x2806x_REVB_boot_rom_out__EST_getLs_coarse_max_pu_tmp.obj</name>
      </input_file>
      <input_file id="fl-4b">
         <path>C:\ti\motorware\motorware_1_01_00_18_PB2\sw\modules\fast\lib\32b\f28x\f2806x\</path>
         <kind>archive</kind>
         <file>2806xRevB_FastSpinROMSymbols.lib</file>
         <name>TMS320x2806x_REVB_boot_rom_out__EST_getLs_d_H_tmp.obj</name>
      </input_file>
      <input_file id="fl-4c">
         <path>C:\ti\motorware\motorware_1_01_00_18_PB2\sw\modules\fast\lib\32b\f28x\f2806x\</path>
         <kind>archive</kind>
         <file>2806xRevB_FastSpinROMSymbols.lib</file>
         <name>TMS320x2806x_REVB_boot_rom_out__EST_getLs_d_pu_tmp.obj</name>
      </input_file>
      <input_file id="fl-4d">
         <path>C:\ti\motorware\motorware_1_01_00_18_PB2\sw\modules\fast\lib\32b\f28x\f2806x\</path>
         <kind>archive</kind>
         <file>2806xRevB_FastSpinROMSymbols.lib</file>
         <name>TMS320x2806x_REVB_boot_rom_out__EST_getLs_q_H_tmp.obj</name>
      </input_file>
      <input_file id="fl-4e">
         <path>C:\ti\motorware\motorware_1_01_00_18_PB2\sw\modules\fast\lib\32b\f28x\f2806x\</path>
         <kind>archive</kind>
         <file>2806xRevB_FastSpinROMSymbols.lib</file>
         <name>TMS320x2806x_REVB_boot_rom_out__EST_getLs_q_pu_tmp.obj</name>
      </input_file>
      <input_file id="fl-4f">
         <path>C:\ti\motorware\motorware_1_01_00_18_PB2\sw\modules\fast\lib\32b\f28x\f2806x\</path>
         <kind>archive</kind>
         <file>2806xRevB_FastSpinROMSymbols.lib</file>
         <name>TMS320x2806x_REVB_boot_rom_out__EST_getMaxCurrentSlope_pu_tmp.obj</name>
      </input_file>
      <input_file id="fl-50">
         <path>C:\ti\motorware\motorware_1_01_00_18_PB2\sw\modules\fast\lib\32b\f28x\f2806x\</path>
         <kind>archive</kind>
         <file>2806xRevB_FastSpinROMSymbols.lib</file>
         <name>TMS320x2806x_REVB_boot_rom_out__EST_getOneOverDcBus_pu_tmp.obj</name>
      </input_file>
      <input_file id="fl-51">
         <path>C:\ti\motorware\motorware_1_01_00_18_PB2\sw\modules\fast\lib\32b\f28x\f2806x\</path>
         <kind>archive</kind>
         <file>2806xRevB_FastSpinROMSymbols.lib</file>
         <name>TMS320x2806x_REVB_boot_rom_out__EST_getRr_Ohm_tmp.obj</name>
      </input_file>
      <input_file id="fl-52">
         <path>C:\ti\motorware\motorware_1_01_00_18_PB2\sw\modules\fast\lib\32b\f28x\f2806x\</path>
         <kind>archive</kind>
         <file>2806xRevB_FastSpinROMSymbols.lib</file>
         <name>TMS320x2806x_REVB_boot_rom_out__EST_getRs_Ohm_tmp.obj</name>
      </input_file>
      <input_file id="fl-53">
         <path>C:\ti\motorware\motorware_1_01_00_18_PB2\sw\modules\fast\lib\32b\f28x\f2806x\</path>
         <kind>archive</kind>
         <file>2806xRevB_FastSpinROMSymbols.lib</file>
         <name>TMS320x2806x_REVB_boot_rom_out__EST_getSpeed_krpm_tmp.obj</name>
      </input_file>
      <input_file id="fl-54">
         <path>C:\ti\motorware\motorware_1_01_00_18_PB2\sw\modules\fast\lib\32b\f28x\f2806x\</path>
         <kind>archive</kind>
         <file>2806xRevB_FastSpinROMSymbols.lib</file>
         <name>TMS320x2806x_REVB_boot_rom_out__EST_getState_tmp.obj</name>
      </input_file>
      <input_file id="fl-55">
         <path>C:\ti\motorware\motorware_1_01_00_18_PB2\sw\modules\fast\lib\32b\f28x\f2806x\</path>
         <kind>archive</kind>
         <file>2806xRevB_FastSpinROMSymbols.lib</file>
         <name>TMS320x2806x_REVB_boot_rom_out__EST_get_krpm_to_pu_sf_tmp.obj</name>
      </input_file>
      <input_file id="fl-56">
         <path>C:\ti\motorware\motorware_1_01_00_18_PB2\sw\modules\fast\lib\32b\f28x\f2806x\</path>
         <kind>archive</kind>
         <file>2806xRevB_FastSpinROMSymbols.lib</file>
         <name>TMS320x2806x_REVB_boot_rom_out__EST_get_pu_to_krpm_sf_tmp.obj</name>
      </input_file>
      <input_file id="fl-57">
         <path>C:\ti\motorware\motorware_1_01_00_18_PB2\sw\modules\fast\lib\32b\f28x\f2806x\</path>
         <kind>archive</kind>
         <file>2806xRevB_FastSpinROMSymbols.lib</file>
         <name>TMS320x2806x_REVB_boot_rom_out__EST_isError_tmp.obj</name>
      </input_file>
      <input_file id="fl-58">
         <path>C:\ti\motorware\motorware_1_01_00_18_PB2\sw\modules\fast\lib\32b\f28x\f2806x\</path>
         <kind>archive</kind>
         <file>2806xRevB_FastSpinROMSymbols.lib</file>
         <name>TMS320x2806x_REVB_boot_rom_out__EST_isIdle_tmp.obj</name>
      </input_file>
      <input_file id="fl-59">
         <path>C:\ti\motorware\motorware_1_01_00_18_PB2\sw\modules\fast\lib\32b\f28x\f2806x\</path>
         <kind>archive</kind>
         <file>2806xRevB_FastSpinROMSymbols.lib</file>
         <name>TMS320x2806x_REVB_boot_rom_out__EST_isLockRotor_tmp.obj</name>
      </input_file>
      <input_file id="fl-5a">
         <path>C:\ti\motorware\motorware_1_01_00_18_PB2\sw\modules\fast\lib\32b\f28x\f2806x\</path>
         <kind>archive</kind>
         <file>2806xRevB_FastSpinROMSymbols.lib</file>
         <name>TMS320x2806x_REVB_boot_rom_out__EST_isMotorIdentified_tmp.obj</name>
      </input_file>
      <input_file id="fl-5b">
         <path>C:\ti\motorware\motorware_1_01_00_18_PB2\sw\modules\fast\lib\32b\f28x\f2806x\</path>
         <kind>archive</kind>
         <file>2806xRevB_FastSpinROMSymbols.lib</file>
         <name>TMS320x2806x_REVB_boot_rom_out__EST_isOnLine_tmp.obj</name>
      </input_file>
      <input_file id="fl-5c">
         <path>C:\ti\motorware\motorware_1_01_00_18_PB2\sw\modules\fast\lib\32b\f28x\f2806x\</path>
         <kind>archive</kind>
         <file>2806xRevB_FastSpinROMSymbols.lib</file>
         <name>TMS320x2806x_REVB_boot_rom_out__EST_run_tmp.obj</name>
      </input_file>
      <input_file id="fl-5d">
         <path>C:\ti\motorware\motorware_1_01_00_18_PB2\sw\modules\fast\lib\32b\f28x\f2806x\</path>
         <kind>archive</kind>
         <file>2806xRevB_FastSpinROMSymbols.lib</file>
         <name>TMS320x2806x_REVB_boot_rom_out__EST_setFlag_enableForceAngle_tmp.obj</name>
      </input_file>
      <input_file id="fl-5e">
         <path>C:\ti\motorware\motorware_1_01_00_18_PB2\sw\modules\fast\lib\32b\f28x\f2806x\</path>
         <kind>archive</kind>
         <file>2806xRevB_FastSpinROMSymbols.lib</file>
         <name>TMS320x2806x_REVB_boot_rom_out__EST_setFlag_enableRsRecalc_tmp.obj</name>
      </input_file>
      <input_file id="fl-5f">
         <path>C:\ti\motorware\motorware_1_01_00_18_PB2\sw\modules\fast\lib\32b\f28x\f2806x\</path>
         <kind>archive</kind>
         <file>2806xRevB_FastSpinROMSymbols.lib</file>
         <name>TMS320x2806x_REVB_boot_rom_out__EST_setId_ref_pu_tmp.obj</name>
      </input_file>
      <input_file id="fl-60">
         <path>C:\ti\motorware\motorware_1_01_00_18_PB2\sw\modules\fast\lib\32b\f28x\f2806x\</path>
         <kind>archive</kind>
         <file>2806xRevB_FastSpinROMSymbols.lib</file>
         <name>TMS320x2806x_REVB_boot_rom_out__EST_setIdle_tmp.obj</name>
      </input_file>
      <input_file id="fl-61">
         <path>C:\ti\motorware\motorware_1_01_00_18_PB2\sw\modules\fast\lib\32b\f28x\f2806x\</path>
         <kind>archive</kind>
         <file>2806xRevB_FastSpinROMSymbols.lib</file>
         <name>TMS320x2806x_REVB_boot_rom_out__EST_setIdle_all_tmp.obj</name>
      </input_file>
      <input_file id="fl-62">
         <path>C:\ti\motorware\motorware_1_01_00_18_PB2\sw\modules\fast\lib\32b\f28x\f2806x\</path>
         <kind>archive</kind>
         <file>2806xRevB_FastSpinROMSymbols.lib</file>
         <name>TMS320x2806x_REVB_boot_rom_out__EST_setIq_ref_pu_tmp.obj</name>
      </input_file>
      <input_file id="fl-63">
         <path>C:\ti\motorware\motorware_1_01_00_18_PB2\sw\modules\fast\lib\32b\f28x\f2806x\</path>
         <kind>archive</kind>
         <file>2806xRevB_FastSpinROMSymbols.lib</file>
         <name>TMS320x2806x_REVB_boot_rom_out__EST_setLs_d_pu_tmp.obj</name>
      </input_file>
      <input_file id="fl-64">
         <path>C:\ti\motorware\motorware_1_01_00_18_PB2\sw\modules\fast\lib\32b\f28x\f2806x\</path>
         <kind>archive</kind>
         <file>2806xRevB_FastSpinROMSymbols.lib</file>
         <name>TMS320x2806x_REVB_boot_rom_out__EST_setLs_qFmt_tmp.obj</name>
      </input_file>
      <input_file id="fl-65">
         <path>C:\ti\motorware\motorware_1_01_00_18_PB2\sw\modules\fast\lib\32b\f28x\f2806x\</path>
         <kind>archive</kind>
         <file>2806xRevB_FastSpinROMSymbols.lib</file>
         <name>TMS320x2806x_REVB_boot_rom_out__EST_setLs_q_pu_tmp.obj</name>
      </input_file>
      <input_file id="fl-66">
         <path>C:\ti\motorware\motorware_1_01_00_18_PB2\sw\modules\fast\lib\32b\f28x\f2806x\</path>
         <kind>archive</kind>
         <file>2806xRevB_FastSpinROMSymbols.lib</file>
         <name>TMS320x2806x_REVB_boot_rom_out__EST_setMaxCurrentSlope_pu_tmp.obj</name>
      </input_file>
      <input_file id="fl-67">
         <path>C:\ti\motorware\motorware_1_01_00_18_PB2\sw\modules\fast\lib\32b\f28x\f2806x\</path>
         <kind>archive</kind>
         <file>2806xRevB_FastSpinROMSymbols.lib</file>
         <name>TMS320x2806x_REVB_boot_rom_out__EST_setRs_pu_tmp.obj</name>
      </input_file>
      <input_file id="fl-68">
         <path>C:\ti\motorware\motorware_1_01_00_18_PB2\sw\modules\fast\lib\32b\f28x\f2806x\</path>
         <kind>archive</kind>
         <file>2806xRevB_FastSpinROMSymbols.lib</file>
         <name>TMS320x2806x_REVB_boot_rom_out__EST_updateId_ref_pu_tmp.obj</name>
      </input_file>
      <input_file id="fl-69">
         <path>C:\ti\motorware\motorware_1_01_00_18_PB2\sw\modules\fast\lib\32b\f28x\f2806x\</path>
         <kind>archive</kind>
         <file>2806xRevB_FastSpinROMSymbols.lib</file>
         <name>TMS320x2806x_REVB_boot_rom_out__EST_updateState_tmp.obj</name>
      </input_file>
      <input_file id="fl-6a">
         <path>C:\ti\motorware\motorware_1_01_00_18_PB2\sw\modules\fast\lib\32b\f28x\f2806x\</path>
         <kind>archive</kind>
         <file>2806xRevB_FastSpinROMSymbols.lib</file>
         <name>TMS320x2806x_REVB_boot_rom_out__EST_useZeroIq_ref_tmp.obj</name>
      </input_file>
      <input_file id="fl-6b">
         <path>C:\ti\motorware\motorware_1_01_00_18_PB2\sw\modules\iqmath\lib\f28x\32b\</path>
         <kind>archive</kind>
         <file>IQmath.lib</file>
         <name>IQ24cosPU.obj</name>
      </input_file>
      <input_file id="fl-6c">
         <path>C:\ti\motorware\motorware_1_01_00_18_PB2\sw\modules\iqmath\lib\f28x\32b\</path>
         <kind>archive</kind>
         <file>IQmath.lib</file>
         <name>IQmathTables.obj</name>
      </input_file>
      <input_file id="fl-6d">
         <path>C:\ti\motorware\motorware_1_01_00_18_PB2\sw\modules\iqmath\lib\f28x\32b\</path>
         <kind>archive</kind>
         <file>IQmath.lib</file>
         <name>IQ24frac.obj</name>
      </input_file>
      <input_file id="fl-6e">
         <path>C:\ti\motorware\motorware_1_01_00_18_PB2\sw\modules\iqmath\lib\f28x\32b\</path>
         <kind>archive</kind>
         <file>IQmath.lib</file>
         <name>IQ24sinPU.obj</name>
      </input_file>
      <input_file id="fl-6f">
         <path>C:\ti\motorware\motorware_1_01_00_18_PB2\sw\modules\iqmath\lib\f28x\32b\</path>
         <kind>archive</kind>
         <file>IQmath.lib</file>
         <name>IQ24sqrt.obj</name>
      </input_file>
      <input_file id="fl-70">
         <path>C:\ti\motorware\motorware_1_01_00_18_PB2\sw\modules\iqmath\lib\f28x\32b\</path>
         <kind>archive</kind>
         <file>IQmath.lib</file>
         <name>IQ24toF.obj</name>
      </input_file>
      <input_file id="fl-71">
         <path>C:\ti\motorware\motorware_1_01_00_18_PB2\sw\modules\iqmath\lib\f28x\32b\</path>
         <kind>archive</kind>
         <file>IQmath.lib</file>
         <name>IQ30toF.obj</name>
      </input_file>
      <input_file id="fl-72">
         <path>C:\ti\ccsv8\tools\compiler\ti-cgt-c2000_18.1.4.LTS\lib\</path>
         <kind>archive</kind>
         <file>rts2800_ml.lib</file>
         <name>boot28.asm.obj</name>
      </input_file>
      <input_file id="fl-73">
         <path>C:\ti\ccsv8\tools\compiler\ti-cgt-c2000_18.1.4.LTS\lib\</path>
         <kind>archive</kind>
         <file>rts2800_ml.lib</file>
         <name>args_main.c.obj</name>
      </input_file>
      <input_file id="fl-74">
         <path>C:\ti\ccsv8\tools\compiler\ti-cgt-c2000_18.1.4.LTS\lib\</path>
         <kind>archive</kind>
         <file>rts2800_ml.lib</file>
         <name>startup.c.obj</name>
      </input_file>
      <input_file id="fl-75">
         <path>C:\ti\ccsv8\tools\compiler\ti-cgt-c2000_18.1.4.LTS\lib\</path>
         <kind>archive</kind>
         <file>rts2800_ml.lib</file>
         <name>pre_init.c.obj</name>
      </input_file>
      <input_file id="fl-76">
         <path>C:\ti\ccsv8\tools\compiler\ti-cgt-c2000_18.1.4.LTS\lib\</path>
         <kind>archive</kind>
         <file>rts2800_ml.lib</file>
         <name>s_ceilf.c.obj</name>
      </input_file>
      <input_file id="fl-77">
         <path>C:\ti\ccsv8\tools\compiler\ti-cgt-c2000_18.1.4.LTS\lib\</path>
         <kind>archive</kind>
         <file>rts2800_ml.lib</file>
         <name>cpy_tbl.c.obj</name>
      </input_file>
      <input_file id="fl-78">
         <path>C:\ti\ccsv8\tools\compiler\ti-cgt-c2000_18.1.4.LTS\lib\</path>
         <kind>archive</kind>
         <file>rts2800_ml.lib</file>
         <name>exit.c.obj</name>
      </input_file>
      <input_file id="fl-79">
         <path>C:\ti\ccsv8\tools\compiler\ti-cgt-c2000_18.1.4.LTS\lib\</path>
         <kind>archive</kind>
         <file>rts2800_ml.lib</file>
         <name>_lock.c.obj</name>
      </input_file>
      <input_file id="fl-7a">
         <path>C:\ti\ccsv8\tools\compiler\ti-cgt-c2000_18.1.4.LTS\lib\</path>
         <kind>archive</kind>
         <file>rts2800_ml.lib</file>
         <name>e_logf.c.obj</name>
      </input_file>
      <input_file id="fl-7b">
         <path>C:\ti\ccsv8\tools\compiler\ti-cgt-c2000_18.1.4.LTS\lib\</path>
         <kind>archive</kind>
         <file>rts2800_ml.lib</file>
         <name>errno.c.obj</name>
      </input_file>
      <input_file id="fl-7c">
         <path>C:\ti\ccsv8\tools\compiler\ti-cgt-c2000_18.1.4.LTS\lib\</path>
         <kind>archive</kind>
         <file>rts2800_ml.lib</file>
         <name>memcpy.c.obj</name>
      </input_file>
      <input_file id="fl-7d">
         <path>C:\ti\ccsv8\tools\compiler\ti-cgt-c2000_18.1.4.LTS\lib\</path>
         <kind>archive</kind>
         <file>rts2800_ml.lib</file>
         <name>e_powf.c.obj</name>
      </input_file>
      <input_file id="fl-7e">
         <path>C:\ti\ccsv8\tools\compiler\ti-cgt-c2000_18.1.4.LTS\lib\</path>
         <kind>archive</kind>
         <file>rts2800_ml.lib</file>
         <name>s_scalbnf.c.obj</name>
      </input_file>
      <input_file id="fl-7f">
         <path>C:\ti\ccsv8\tools\compiler\ti-cgt-c2000_18.1.4.LTS\lib\</path>
         <kind>archive</kind>
         <file>rts2800_ml.lib</file>
         <name>s_copysignf.c.obj</name>
      </input_file>
      <input_file id="fl-80">
         <path>C:\ti\ccsv8\tools\compiler\ti-cgt-c2000_18.1.4.LTS\lib\</path>
         <kind>archive</kind>
         <file>rts2800_ml.lib</file>
         <name>e_sqrtf.c.obj</name>
      </input_file>
   </input_file_list>
   <object_component_list>
      <object_component id="oc-bf">
         <name>.cinit</name>
         <load_address>0x3f46bb</load_address>
         <run_address>0x3f46bb</run_address>
         <size>0x559</size>
         <input_file_ref idref="fl-1b"/>
      </object_component>
      <object_component id="oc-177">
         <name>.cinit</name>
         <load_address>0x3f4c14</load_address>
         <run_address>0x3f4c14</run_address>
         <size>0xe</size>
         <input_file_ref idref="fl-78"/>
      </object_component>
      <object_component id="oc-1b2">
         <name>.cinit:__lock</name>
         <load_address>0x3f4c22</load_address>
         <run_address>0x3f4c22</run_address>
         <size>0x5</size>
         <input_file_ref idref="fl-79"/>
      </object_component>
      <object_component id="oc-1bc">
         <name>.cinit:__unlock</name>
         <load_address>0x3f4c27</load_address>
         <run_address>0x3f4c27</run_address>
         <size>0x5</size>
         <input_file_ref idref="fl-79"/>
      </object_component>
      <object_component id="oc-6e">
         <name>.cinit</name>
         <load_address>0x3f4c2c</load_address>
         <run_address>0x3f4c2c</run_address>
         <size>0x4</size>
         <input_file_ref idref="fl-c"/>
      </object_component>
      <object_component id="oc-189">
         <name>.cinit</name>
         <load_address>0x3f4c30</load_address>
         <run_address>0x3f4c30</run_address>
         <size>0x4</size>
         <input_file_ref idref="fl-7b"/>
      </object_component>
      <object_component id="oc-1ad">
         <name>.text</name>
         <load_address>0x3f0000</load_address>
         <run_address>0x3f0000</run_address>
         <size>0x1474</size>
         <input_file_ref idref="fl-1b"/>
      </object_component>
      <object_component id="oc-1b8">
         <name>.text</name>
         <load_address>0x3f1474</load_address>
         <run_address>0x3f1474</run_address>
         <size>0xe04</size>
         <input_file_ref idref="fl-12"/>
      </object_component>
      <object_component id="oc-1b3">
         <name>.text</name>
         <load_address>0x3f2278</load_address>
         <run_address>0x3f2278</run_address>
         <size>0x45b</size>
         <input_file_ref idref="fl-b"/>
      </object_component>
      <object_component id="oc-1b4">
         <name>.text</name>
         <load_address>0x3f26d3</load_address>
         <run_address>0x3f26d3</run_address>
         <size>0x42e</size>
         <input_file_ref idref="fl-25"/>
      </object_component>
      <object_component id="oc-1c5">
         <name>.text</name>
         <load_address>0x3f2b01</load_address>
         <run_address>0x3f2b01</run_address>
         <size>0x41e</size>
         <input_file_ref idref="fl-7d"/>
      </object_component>
      <object_component id="oc-1cb">
         <name>.text</name>
         <load_address>0x3f2f1f</load_address>
         <run_address>0x3f2f1f</run_address>
         <size>0x2f7</size>
         <input_file_ref idref="fl-1c"/>
      </object_component>
      <object_component id="oc-1c6">
         <name>.text</name>
         <load_address>0x3f3216</load_address>
         <run_address>0x3f3216</run_address>
         <size>0x2df</size>
         <input_file_ref idref="fl-c"/>
      </object_component>
      <object_component id="oc-1ce">
         <name>.text</name>
         <load_address>0x3f34f5</load_address>
         <run_address>0x3f34f5</run_address>
         <size>0x1ee</size>
         <input_file_ref idref="fl-6"/>
      </object_component>
      <object_component id="oc-1ae">
         <name>.text</name>
         <load_address>0x3f36e3</load_address>
         <run_address>0x3f36e3</run_address>
         <size>0x19e</size>
         <input_file_ref idref="fl-d"/>
      </object_component>
      <object_component id="oc-1ca">
         <name>.text</name>
         <load_address>0x3f3881</load_address>
         <run_address>0x3f3881</run_address>
         <size>0x18a</size>
         <input_file_ref idref="fl-8"/>
      </object_component>
      <object_component id="oc-1c3">
         <name>.text</name>
         <load_address>0x3f3a0b</load_address>
         <run_address>0x3f3a0b</run_address>
         <size>0x187</size>
         <input_file_ref idref="fl-7a"/>
      </object_component>
      <object_component id="oc-1ba">
         <name>.text</name>
         <load_address>0x3f3b92</load_address>
         <run_address>0x3f3b92</run_address>
         <size>0x12e</size>
         <input_file_ref idref="fl-11"/>
      </object_component>
      <object_component id="oc-1cd">
         <name>.text</name>
         <load_address>0x3f3cc0</load_address>
         <run_address>0x3f3cc0</run_address>
         <size>0x100</size>
         <input_file_ref idref="fl-19"/>
      </object_component>
      <object_component id="oc-1c9">
         <name>.text</name>
         <load_address>0x3f3dc0</load_address>
         <run_address>0x3f3dc0</run_address>
         <size>0xeb</size>
         <input_file_ref idref="fl-1f"/>
      </object_component>
      <object_component id="oc-1c8">
         <name>.text</name>
         <load_address>0x3f3eab</load_address>
         <run_address>0x3f3eab</run_address>
         <size>0xa9</size>
         <input_file_ref idref="fl-20"/>
      </object_component>
      <object_component id="oc-ff">
         <name>.text</name>
         <load_address>0x3f3f54</load_address>
         <run_address>0x3f3f54</run_address>
         <size>0x83</size>
         <input_file_ref idref="fl-2a"/>
      </object_component>
      <object_component id="oc-113">
         <name>.text</name>
         <load_address>0x3f3fd7</load_address>
         <run_address>0x3f3fd7</run_address>
         <size>0x83</size>
         <input_file_ref idref="fl-2e"/>
      </object_component>
      <object_component id="oc-109">
         <name>.text</name>
         <load_address>0x3f405a</load_address>
         <run_address>0x3f405a</run_address>
         <size>0x78</size>
         <input_file_ref idref="fl-2c"/>
      </object_component>
      <object_component id="oc-1d8">
         <name>.text</name>
         <load_address>0x3f40d2</load_address>
         <run_address>0x3f40d2</run_address>
         <size>0x75</size>
         <input_file_ref idref="fl-80"/>
      </object_component>
      <object_component id="oc-1c4">
         <name>.text</name>
         <load_address>0x3f4147</load_address>
         <run_address>0x3f4147</run_address>
         <size>0x69</size>
         <input_file_ref idref="fl-76"/>
      </object_component>
      <object_component id="oc-1dc">
         <name>.text</name>
         <load_address>0x3f41b0</load_address>
         <run_address>0x3f41b0</run_address>
         <size>0x5d</size>
         <input_file_ref idref="fl-7e"/>
      </object_component>
      <object_component id="oc-1cc">
         <name>.text</name>
         <load_address>0x3f420d</load_address>
         <run_address>0x3f420d</run_address>
         <size>0x5b</size>
         <input_file_ref idref="fl-1a"/>
      </object_component>
      <object_component id="oc-118">
         <name>.text</name>
         <load_address>0x3f4268</load_address>
         <run_address>0x3f4268</run_address>
         <size>0x5a</size>
         <input_file_ref idref="fl-2f"/>
      </object_component>
      <object_component id="oc-15">
         <name>.text</name>
         <load_address>0x3f42c2</load_address>
         <run_address>0x3f42c2</run_address>
         <size>0x54</size>
         <input_file_ref idref="fl-72"/>
      </object_component>
      <object_component id="oc-1d0">
         <name>.text</name>
         <load_address>0x3f4316</load_address>
         <run_address>0x3f4316</run_address>
         <size>0x47</size>
         <input_file_ref idref="fl-15"/>
      </object_component>
      <object_component id="oc-1d3">
         <name>.text</name>
         <load_address>0x3f435d</load_address>
         <run_address>0x3f435d</run_address>
         <size>0x46</size>
         <input_file_ref idref="fl-26"/>
      </object_component>
      <object_component id="oc-1d5">
         <name>.text</name>
         <load_address>0x3f43a3</load_address>
         <run_address>0x3f43a3</run_address>
         <size>0x44</size>
         <input_file_ref idref="fl-1d"/>
      </object_component>
      <object_component id="oc-1c7">
         <name>.text</name>
         <load_address>0x3f43e7</load_address>
         <run_address>0x3f43e7</run_address>
         <size>0x32</size>
         <input_file_ref idref="fl-22"/>
      </object_component>
      <object_component id="oc-1cf">
         <name>.text</name>
         <load_address>0x3f4419</load_address>
         <run_address>0x3f4419</run_address>
         <size>0x2d</size>
         <input_file_ref idref="fl-16"/>
      </object_component>
      <object_component id="oc-1ac">
         <name>.text</name>
         <load_address>0x3f4446</load_address>
         <run_address>0x3f4446</run_address>
         <size>0x29</size>
         <input_file_ref idref="fl-78"/>
      </object_component>
      <object_component id="oc-12c">
         <name>.text</name>
         <load_address>0x3f446f</load_address>
         <run_address>0x3f446f</run_address>
         <size>0x29</size>
         <input_file_ref idref="fl-33"/>
      </object_component>
      <object_component id="oc-1d1">
         <name>.text</name>
         <load_address>0x3f4498</load_address>
         <run_address>0x3f4498</run_address>
         <size>0x25</size>
         <input_file_ref idref="fl-9"/>
      </object_component>
      <object_component id="oc-127">
         <name>.text</name>
         <load_address>0x3f44bd</load_address>
         <run_address>0x3f44bd</run_address>
         <size>0x25</size>
         <input_file_ref idref="fl-32"/>
      </object_component>
      <object_component id="oc-1a9">
         <name>.text</name>
         <load_address>0x3f44e2</load_address>
         <run_address>0x3f44e2</run_address>
         <size>0x24</size>
         <input_file_ref idref="fl-77"/>
      </object_component>
      <object_component id="oc-1dd">
         <name>.text</name>
         <load_address>0x3f4506</load_address>
         <run_address>0x3f4506</run_address>
         <size>0x21</size>
         <input_file_ref idref="fl-f"/>
      </object_component>
      <object_component id="oc-136">
         <name>.text</name>
         <load_address>0x3f4527</load_address>
         <run_address>0x3f4527</run_address>
         <size>0x21</size>
         <input_file_ref idref="fl-35"/>
      </object_component>
      <object_component id="oc-1d4">
         <name>.text</name>
         <load_address>0x3f4548</load_address>
         <run_address>0x3f4548</run_address>
         <size>0x20</size>
         <input_file_ref idref="fl-10"/>
      </object_component>
      <object_component id="oc-104">
         <name>.text</name>
         <load_address>0x3f4568</load_address>
         <run_address>0x3f4568</run_address>
         <size>0x1f</size>
         <input_file_ref idref="fl-2b"/>
      </object_component>
      <object_component id="oc-131">
         <name>.text</name>
         <load_address>0x3f4587</load_address>
         <run_address>0x3f4587</run_address>
         <size>0x1d</size>
         <input_file_ref idref="fl-34"/>
      </object_component>
      <object_component id="oc-1b0">
         <name>.text</name>
         <load_address>0x3f45a4</load_address>
         <run_address>0x3f45a4</run_address>
         <size>0x1d</size>
         <input_file_ref idref="fl-7c"/>
      </object_component>
      <object_component id="oc-122">
         <name>.text</name>
         <load_address>0x3f45c1</load_address>
         <run_address>0x3f45c1</run_address>
         <size>0x1c</size>
         <input_file_ref idref="fl-31"/>
      </object_component>
      <object_component id="oc-1b9">
         <name>.text</name>
         <load_address>0x3f45dd</load_address>
         <run_address>0x3f45dd</run_address>
         <size>0x1a</size>
         <input_file_ref idref="fl-a"/>
      </object_component>
      <object_component id="oc-13b">
         <name>.text</name>
         <load_address>0x3f45f7</load_address>
         <run_address>0x3f45f7</run_address>
         <size>0x1a</size>
         <input_file_ref idref="fl-36"/>
      </object_component>
      <object_component id="oc-140">
         <name>.text</name>
         <load_address>0x3f4611</load_address>
         <run_address>0x3f4611</run_address>
         <size>0x1a</size>
         <input_file_ref idref="fl-37"/>
      </object_component>
      <object_component id="oc-1ab">
         <name>.text</name>
         <load_address>0x3f462b</load_address>
         <run_address>0x3f462b</run_address>
         <size>0x19</size>
         <input_file_ref idref="fl-73"/>
      </object_component>
      <object_component id="oc-10e">
         <name>.text</name>
         <load_address>0x3f4644</load_address>
         <run_address>0x3f4644</run_address>
         <size>0x17</size>
         <input_file_ref idref="fl-2d"/>
      </object_component>
      <object_component id="oc-14a">
         <name>.text</name>
         <load_address>0x3f465b</load_address>
         <run_address>0x3f465b</run_address>
         <size>0x13</size>
         <input_file_ref idref="fl-39"/>
      </object_component>
      <object_component id="oc-145">
         <name>.text</name>
         <load_address>0x3f466e</load_address>
         <run_address>0x3f466e</run_address>
         <size>0x10</size>
         <input_file_ref idref="fl-38"/>
      </object_component>
      <object_component id="oc-1b7">
         <name>.text</name>
         <load_address>0x3f467e</load_address>
         <run_address>0x3f467e</run_address>
         <size>0xf</size>
         <input_file_ref idref="fl-14"/>
      </object_component>
      <object_component id="oc-1df">
         <name>.text</name>
         <load_address>0x3f468d</load_address>
         <run_address>0x3f468d</run_address>
         <size>0xa</size>
         <input_file_ref idref="fl-7f"/>
      </object_component>
      <object_component id="oc-1bb">
         <name>.text</name>
         <load_address>0x3f4697</load_address>
         <run_address>0x3f4697</run_address>
         <size>0x9</size>
         <input_file_ref idref="fl-79"/>
      </object_component>
      <object_component id="oc-47">
         <name>.text</name>
         <load_address>0x3f46a0</load_address>
         <run_address>0x3f46a0</run_address>
         <size>0x8</size>
         <input_file_ref idref="fl-5"/>
      </object_component>
      <object_component id="oc-1d6">
         <name>.text</name>
         <load_address>0x3f46a8</load_address>
         <run_address>0x3f46a8</run_address>
         <size>0x6</size>
         <input_file_ref idref="fl-1e"/>
      </object_component>
      <object_component id="oc-b4">
         <name>.text:retain</name>
         <load_address>0x3f46ae</load_address>
         <run_address>0x3f46ae</run_address>
         <size>0x5</size>
         <input_file_ref idref="fl-19"/>
      </object_component>
      <object_component id="oc-11d">
         <name>.text</name>
         <load_address>0x3f46b3</load_address>
         <run_address>0x3f46b3</run_address>
         <size>0x5</size>
         <input_file_ref idref="fl-30"/>
      </object_component>
      <object_component id="oc-1a8">
         <name>.text</name>
         <load_address>0x3f46b8</load_address>
         <run_address>0x3f46b8</run_address>
         <size>0x2</size>
         <input_file_ref idref="fl-75"/>
      </object_component>
      <object_component id="oc-1aa">
         <name>.text</name>
         <load_address>0x3f46ba</load_address>
         <run_address>0x3f46ba</run_address>
         <size>0x1</size>
         <input_file_ref idref="fl-74"/>
      </object_component>
      <object_component id="oc-48">
         <name>codestart</name>
         <load_address>0x3f7ff6</load_address>
         <run_address>0x3f7ff6</run_address>
         <size>0x2</size>
         <input_file_ref idref="fl-5"/>
      </object_component>
      <object_component id="oc-c1">
         <name>ramfuncs:retain</name>
         <load_address>0x3e8000</load_address>
         <run_address>0x8000</run_address>
         <size>0x5aa</size>
         <input_file_ref idref="fl-1b"/>
      </object_component>
      <object_component id="oc-1af">
         <name>ramfuncs</name>
         <load_address>0x3e85aa</load_address>
         <run_address>0x85aa</run_address>
         <size>0x534</size>
         <input_file_ref idref="fl-b"/>
      </object_component>
      <object_component id="oc-1de">
         <name>ramfuncs</name>
         <load_address>0x3e8ade</load_address>
         <run_address>0x8ade</run_address>
         <size>0x32</size>
         <input_file_ref idref="fl-10"/>
      </object_component>
      <object_component id="oc-1d2">
         <name>ramfuncs</name>
         <load_address>0x3e8b10</load_address>
         <run_address>0x8b10</run_address>
         <size>0x1e</size>
         <input_file_ref idref="fl-12"/>
      </object_component>
      <object_component id="oc-ef">
         <name>ramfuncs</name>
         <load_address>0x3e8b2e</load_address>
         <run_address>0x8b2e</run_address>
         <size>0x4</size>
         <input_file_ref idref="fl-24"/>
      </object_component>
      <object_component id="oc-156">
         <name>.stack</name>
         <uninitialized>true</uninitialized>
         <run_address>0x50</run_address>
         <size>0x0</size>
         <input_file_ref idref="fl-72"/>
      </object_component>
      <object_component id="oc-1fe">
         <name>.stack</name>
         <uninitialized>true</uninitialized>
         <run_address>0x50</run_address>
         <size>0x0</size>
      </object_component>
      <object_component id="oc-5d">
         <name>.ebss</name>
         <uninitialized>true</uninitialized>
         <run_address>0xdfac</run_address>
         <size>0x1</size>
         <input_file_ref idref="fl-9"/>
      </object_component>
      <object_component id="oc-6f">
         <name>.ebss</name>
         <uninitialized>true</uninitialized>
         <run_address>0xdfaa</run_address>
         <size>0x2</size>
         <input_file_ref idref="fl-c"/>
      </object_component>
      <object_component id="oc-8f">
         <name>.ebss</name>
         <uninitialized>true</uninitialized>
         <run_address>0xdfc0</run_address>
         <size>0xee</size>
         <input_file_ref idref="fl-12"/>
      </object_component>
      <object_component id="oc-c0">
         <name>.ebss</name>
         <uninitialized>true</uninitialized>
         <run_address>0x8c00</run_address>
         <size>0x53a0</size>
         <input_file_ref idref="fl-1b"/>
      </object_component>
      <object_component id="oc-178">
         <name>.ebss</name>
         <uninitialized>true</uninitialized>
         <run_address>0xdfa0</run_address>
         <size>0x6</size>
         <input_file_ref idref="fl-78"/>
      </object_component>
      <object_component id="oc-1d7">
         <name>.ebss:__unlock</name>
         <uninitialized>true</uninitialized>
         <run_address>0xdfa8</run_address>
         <size>0x2</size>
         <input_file_ref idref="fl-79"/>
      </object_component>
      <object_component id="oc-1b1">
         <name>.ebss:__lock</name>
         <uninitialized>true</uninitialized>
         <run_address>0xdfa6</run_address>
         <size>0x2</size>
         <input_file_ref idref="fl-79"/>
      </object_component>
      <object_component id="oc-18a">
         <name>.ebss</name>
         <uninitialized>true</uninitialized>
         <run_address>0xdfad</run_address>
         <size>0x1</size>
         <input_file_ref idref="fl-7b"/>
      </object_component>
      <object_component id="oc-192">
         <name>.econst</name>
         <load_address>0x3f4cfc</load_address>
         <run_address>0x3f4cfc</run_address>
         <size>0x32</size>
         <input_file_ref idref="fl-7d"/>
      </object_component>
      <object_component id="oc-183">
         <name>.econst</name>
         <load_address>0x3f4d2e</load_address>
         <run_address>0x3f4d2e</run_address>
         <size>0x10</size>
         <input_file_ref idref="fl-7a"/>
      </object_component>
      <object_component id="oc-f5">
         <name>.econst</name>
         <load_address>0x3f4d3e</load_address>
         <run_address>0x3f4d3e</run_address>
         <size>0x8</size>
         <input_file_ref idref="fl-25"/>
      </object_component>
      <object_component id="oc-198">
         <name>.econst</name>
         <load_address>0x3f4d46</load_address>
         <run_address>0x3f4d46</run_address>
         <size>0x6</size>
         <input_file_ref idref="fl-7e"/>
      </object_component>
      <object_component id="oc-1bd">
         <name>.econst:_$P$T0$1</name>
         <load_address>0x3f4d4c</load_address>
         <run_address>0x3f4d4c</run_address>
         <size>0x4</size>
         <input_file_ref idref="fl-b"/>
      </object_component>
      <object_component id="oc-1be">
         <name>.econst:_$P$T1$2</name>
         <load_address>0x3f4d50</load_address>
         <run_address>0x3f4d50</run_address>
         <size>0x4</size>
         <input_file_ref idref="fl-b"/>
      </object_component>
      <object_component id="oc-1bf">
         <name>.econst:_$P$T2$3</name>
         <load_address>0x3f4d54</load_address>
         <run_address>0x3f4d54</run_address>
         <size>0x4</size>
         <input_file_ref idref="fl-b"/>
      </object_component>
      <object_component id="oc-1c0">
         <name>.econst:_$P$T3$4</name>
         <load_address>0x3f4d58</load_address>
         <run_address>0x3f4d58</run_address>
         <size>0x4</size>
         <input_file_ref idref="fl-b"/>
      </object_component>
      <object_component id="oc-1c1">
         <name>.econst:_$P$T4$5</name>
         <load_address>0x3f4d5c</load_address>
         <run_address>0x3f4d5c</run_address>
         <size>0x4</size>
         <input_file_ref idref="fl-b"/>
      </object_component>
      <object_component id="oc-1c2">
         <name>.econst:_$P$T5$6</name>
         <load_address>0x3f4d60</load_address>
         <run_address>0x3f4d60</run_address>
         <size>0x4</size>
         <input_file_ref idref="fl-b"/>
      </object_component>
      <object_component id="oc-1d9">
         <name>.econst:_bp</name>
         <load_address>0x3f4d64</load_address>
         <run_address>0x3f4d64</run_address>
         <size>0x4</size>
         <input_file_ref idref="fl-7d"/>
      </object_component>
      <object_component id="oc-1da">
         <name>.econst:_dp_h</name>
         <load_address>0x3f4d68</load_address>
         <run_address>0x3f4d68</run_address>
         <size>0x4</size>
         <input_file_ref idref="fl-7d"/>
      </object_component>
      <object_component id="oc-1db">
         <name>.econst:_dp_l</name>
         <load_address>0x3f4d6c</load_address>
         <run_address>0x3f4d6c</run_address>
         <size>0x4</size>
         <input_file_ref idref="fl-7d"/>
      </object_component>
      <object_component id="oc-68">
         <name>.econst</name>
         <load_address>0x3f4d70</load_address>
         <run_address>0x3f4d70</run_address>
         <size>0x4</size>
         <input_file_ref idref="fl-b"/>
      </object_component>
      <object_component id="oc-75">
         <name>.econst</name>
         <load_address>0x3f4d74</load_address>
         <run_address>0x3f4d74</run_address>
         <size>0x4</size>
         <input_file_ref idref="fl-d"/>
      </object_component>
      <object_component id="oc-90">
         <name>.econst</name>
         <load_address>0x3f4d78</load_address>
         <run_address>0x3f4d78</run_address>
         <size>0x4</size>
         <input_file_ref idref="fl-12"/>
      </object_component>
      <object_component id="oc-c2">
         <name>.econst</name>
         <load_address>0x3f4d7c</load_address>
         <run_address>0x3f4d7c</run_address>
         <size>0x4</size>
         <input_file_ref idref="fl-1b"/>
      </object_component>
      <object_component id="oc-1a3">
         <name>.econst</name>
         <load_address>0x3f4d80</load_address>
         <run_address>0x3f4d80</run_address>
         <size>0x4</size>
         <input_file_ref idref="fl-80"/>
      </object_component>
      <object_component id="oc-16c">
         <name>.econst</name>
         <load_address>0x3f4d84</load_address>
         <run_address>0x3f4d84</run_address>
         <size>0x2</size>
         <input_file_ref idref="fl-76"/>
      </object_component>
      <object_component id="oc-1b6">
         <name>.switch:_intialize_ble</name>
         <load_address>0x3f4d86</load_address>
         <run_address>0x3f4d86</run_address>
         <size>0x50</size>
         <input_file_ref idref="fl-1b"/>
      </object_component>
      <object_component id="oc-1b5">
         <name>.switch:_send_packet_over_ble</name>
         <load_address>0x3f4dd6</load_address>
         <run_address>0x3f4dd6</run_address>
         <size>0x22</size>
         <input_file_ref idref="fl-1b"/>
      </object_component>
      <object_component id="oc-153">
         <name>IQmath</name>
         <load_address>0x3f4c36</load_address>
         <run_address>0x3f4c36</run_address>
         <size>0x42</size>
         <input_file_ref idref="fl-6f"/>
      </object_component>
      <object_component id="oc-152">
         <name>IQmath</name>
         <load_address>0x3f4c78</load_address>
         <run_address>0x3f4c78</run_address>
         <size>0x29</size>
         <input_file_ref idref="fl-6e"/>
      </object_component>
      <object_component id="oc-14f">
         <name>IQmath</name>
         <load_address>0x3f4ca1</load_address>
         <run_address>0x3f4ca1</run_address>
         <size>0x27</size>
         <input_file_ref idref="fl-6b"/>
      </object_component>
      <object_component id="oc-154">
         <name>IQmath</name>
         <load_address>0x3f4cc8</load_address>
         <run_address>0x3f4cc8</run_address>
         <size>0x14</size>
         <input_file_ref idref="fl-70"/>
      </object_component>
      <object_component id="oc-155">
         <name>IQmath</name>
         <load_address>0x3f4cdc</load_address>
         <run_address>0x3f4cdc</run_address>
         <size>0x14</size>
         <input_file_ref idref="fl-71"/>
      </object_component>
      <object_component id="oc-151">
         <name>IQmath</name>
         <load_address>0x3f4cf0</load_address>
         <run_address>0x3f4cf0</run_address>
         <size>0xb</size>
         <input_file_ref idref="fl-6d"/>
      </object_component>
      <object_component id="oc-150">
         <name>IQmathTables</name>
         <load_address>0x3fdc30</load_address>
         <run_address>0x3fdc30</run_address>
         <size>0xb50</size>
         <input_file_ref idref="fl-6c"/>
      </object_component>
      <object_component id="oc-157">
         <name>.reset</name>
         <load_address>0x3fffc0</load_address>
         <run_address>0x3fffc0</run_address>
         <size>0x2</size>
         <input_file_ref idref="fl-72"/>
      </object_component>
      <object_component id="oc-49">
         <name>.debug_info</name>
         <load_address>0x0</load_address>
         <run_address>0x0</run_address>
         <size>0x24b</size>
         <input_file_ref idref="fl-5"/>
      </object_component>
      <object_component id="oc-4d">
         <name>.debug_info</name>
         <load_address>0x24b</load_address>
         <run_address>0x24b</run_address>
         <size>0x4505</size>
         <input_file_ref idref="fl-6"/>
      </object_component>
      <object_component id="oc-52">
         <name>.debug_info</name>
         <load_address>0x4750</load_address>
         <run_address>0x4750</run_address>
         <size>0x421</size>
         <input_file_ref idref="fl-7"/>
      </object_component>
      <object_component id="oc-57">
         <name>.debug_info</name>
         <load_address>0x4b71</load_address>
         <run_address>0x4b71</run_address>
         <size>0x4c38</size>
         <input_file_ref idref="fl-8"/>
      </object_component>
      <object_component id="oc-5c">
         <name>.debug_info</name>
         <load_address>0x97a9</load_address>
         <run_address>0x97a9</run_address>
         <size>0x10cf</size>
         <input_file_ref idref="fl-9"/>
      </object_component>
      <object_component id="oc-62">
         <name>.debug_info</name>
         <load_address>0xa878</load_address>
         <run_address>0xa878</run_address>
         <size>0x862</size>
         <input_file_ref idref="fl-a"/>
      </object_component>
      <object_component id="oc-67">
         <name>.debug_info</name>
         <load_address>0xb0da</load_address>
         <run_address>0xb0da</run_address>
         <size>0xbb7b</size>
         <input_file_ref idref="fl-b"/>
      </object_component>
      <object_component id="oc-6d">
         <name>.debug_info</name>
         <load_address>0x16c55</load_address>
         <run_address>0x16c55</run_address>
         <size>0x4fb9</size>
         <input_file_ref idref="fl-c"/>
      </object_component>
      <object_component id="oc-74">
         <name>.debug_info</name>
         <load_address>0x1bc0e</load_address>
         <run_address>0x1bc0e</run_address>
         <size>0x12c3</size>
         <input_file_ref idref="fl-d"/>
      </object_component>
      <object_component id="oc-7a">
         <name>.debug_info</name>
         <load_address>0x1ced1</load_address>
         <run_address>0x1ced1</run_address>
         <size>0x71f</size>
         <input_file_ref idref="fl-e"/>
      </object_component>
      <object_component id="oc-7f">
         <name>.debug_info</name>
         <load_address>0x1d5f0</load_address>
         <run_address>0x1d5f0</run_address>
         <size>0xd30</size>
         <input_file_ref idref="fl-f"/>
      </object_component>
      <object_component id="oc-84">
         <name>.debug_info</name>
         <load_address>0x1e320</load_address>
         <run_address>0x1e320</run_address>
         <size>0x20e6</size>
         <input_file_ref idref="fl-10"/>
      </object_component>
      <object_component id="oc-89">
         <name>.debug_info</name>
         <load_address>0x20406</load_address>
         <run_address>0x20406</run_address>
         <size>0x3221</size>
         <input_file_ref idref="fl-11"/>
      </object_component>
      <object_component id="oc-8e">
         <name>.debug_info</name>
         <load_address>0x23627</load_address>
         <run_address>0x23627</run_address>
         <size>0x150b5</size>
         <input_file_ref idref="fl-12"/>
      </object_component>
      <object_component id="oc-95">
         <name>.debug_info</name>
         <load_address>0x386dc</load_address>
         <run_address>0x386dc</run_address>
         <size>0x3d0</size>
         <input_file_ref idref="fl-13"/>
      </object_component>
      <object_component id="oc-9a">
         <name>.debug_info</name>
         <load_address>0x38aac</load_address>
         <run_address>0x38aac</run_address>
         <size>0x4e0</size>
         <input_file_ref idref="fl-14"/>
      </object_component>
      <object_component id="oc-9f">
         <name>.debug_info</name>
         <load_address>0x38f8c</load_address>
         <run_address>0x38f8c</run_address>
         <size>0xcbb</size>
         <input_file_ref idref="fl-15"/>
      </object_component>
      <object_component id="oc-a4">
         <name>.debug_info</name>
         <load_address>0x39c47</load_address>
         <run_address>0x39c47</run_address>
         <size>0xa47</size>
         <input_file_ref idref="fl-16"/>
      </object_component>
      <object_component id="oc-a9">
         <name>.debug_info</name>
         <load_address>0x3a68e</load_address>
         <run_address>0x3a68e</run_address>
         <size>0x3cc</size>
         <input_file_ref idref="fl-17"/>
      </object_component>
      <object_component id="oc-ae">
         <name>.debug_info</name>
         <load_address>0x3aa5a</load_address>
         <run_address>0x3aa5a</run_address>
         <size>0x4fb</size>
         <input_file_ref idref="fl-18"/>
      </object_component>
      <object_component id="oc-b3">
         <name>.debug_info</name>
         <load_address>0x3af55</load_address>
         <run_address>0x3af55</run_address>
         <size>0x4676</size>
         <input_file_ref idref="fl-19"/>
      </object_component>
      <object_component id="oc-b9">
         <name>.debug_info</name>
         <load_address>0x3f5cb</load_address>
         <run_address>0x3f5cb</run_address>
         <size>0x1aee</size>
         <input_file_ref idref="fl-1a"/>
      </object_component>
      <object_component id="oc-be">
         <name>.debug_info</name>
         <load_address>0x410b9</load_address>
         <run_address>0x410b9</run_address>
         <size>0x1225e</size>
         <input_file_ref idref="fl-1b"/>
      </object_component>
      <object_component id="oc-c7">
         <name>.debug_info</name>
         <load_address>0x53317</load_address>
         <run_address>0x53317</run_address>
         <size>0xb21b</size>
         <input_file_ref idref="fl-1c"/>
      </object_component>
      <object_component id="oc-cc">
         <name>.debug_info</name>
         <load_address>0x5e532</load_address>
         <run_address>0x5e532</run_address>
         <size>0x13cc</size>
         <input_file_ref idref="fl-1d"/>
      </object_component>
      <object_component id="oc-d1">
         <name>.debug_info</name>
         <load_address>0x5f8fe</load_address>
         <run_address>0x5f8fe</run_address>
         <size>0x729</size>
         <input_file_ref idref="fl-1e"/>
      </object_component>
      <object_component id="oc-d6">
         <name>.debug_info</name>
         <load_address>0x60027</load_address>
         <run_address>0x60027</run_address>
         <size>0x44ff</size>
         <input_file_ref idref="fl-1f"/>
      </object_component>
      <object_component id="oc-db">
         <name>.debug_info</name>
         <load_address>0x64526</load_address>
         <run_address>0x64526</run_address>
         <size>0x3bd4</size>
         <input_file_ref idref="fl-20"/>
      </object_component>
      <object_component id="oc-e0">
         <name>.debug_info</name>
         <load_address>0x680fa</load_address>
         <run_address>0x680fa</run_address>
         <size>0x3ca</size>
         <input_file_ref idref="fl-21"/>
      </object_component>
      <object_component id="oc-e5">
         <name>.debug_info</name>
         <load_address>0x684c4</load_address>
         <run_address>0x684c4</run_address>
         <size>0xf62</size>
         <input_file_ref idref="fl-22"/>
      </object_component>
      <object_component id="oc-ea">
         <name>.debug_info</name>
         <load_address>0x69426</load_address>
         <run_address>0x69426</run_address>
         <size>0x432</size>
         <input_file_ref idref="fl-23"/>
      </object_component>
      <object_component id="oc-f0">
         <name>.debug_info</name>
         <load_address>0x69858</load_address>
         <run_address>0x69858</run_address>
         <size>0x1cd</size>
         <input_file_ref idref="fl-24"/>
      </object_component>
      <object_component id="oc-f4">
         <name>.debug_info</name>
         <load_address>0x69a25</load_address>
         <run_address>0x69a25</run_address>
         <size>0x4a56</size>
         <input_file_ref idref="fl-25"/>
      </object_component>
      <object_component id="oc-fa">
         <name>.debug_info</name>
         <load_address>0x6e47b</load_address>
         <run_address>0x6e47b</run_address>
         <size>0x132c</size>
         <input_file_ref idref="fl-26"/>
      </object_component>
      <object_component id="oc-100">
         <name>.debug_info</name>
         <load_address>0x6f7a7</load_address>
         <run_address>0x6f7a7</run_address>
         <size>0x117</size>
         <input_file_ref idref="fl-2a"/>
      </object_component>
      <object_component id="oc-105">
         <name>.debug_info</name>
         <load_address>0x6f8be</load_address>
         <run_address>0x6f8be</run_address>
         <size>0x117</size>
         <input_file_ref idref="fl-2b"/>
      </object_component>
      <object_component id="oc-10a">
         <name>.debug_info</name>
         <load_address>0x6f9d5</load_address>
         <run_address>0x6f9d5</run_address>
         <size>0x117</size>
         <input_file_ref idref="fl-2c"/>
      </object_component>
      <object_component id="oc-10f">
         <name>.debug_info</name>
         <load_address>0x6faec</load_address>
         <run_address>0x6faec</run_address>
         <size>0x117</size>
         <input_file_ref idref="fl-2d"/>
      </object_component>
      <object_component id="oc-114">
         <name>.debug_info</name>
         <load_address>0x6fc03</load_address>
         <run_address>0x6fc03</run_address>
         <size>0x117</size>
         <input_file_ref idref="fl-2e"/>
      </object_component>
      <object_component id="oc-119">
         <name>.debug_info</name>
         <load_address>0x6fd1a</load_address>
         <run_address>0x6fd1a</run_address>
         <size>0x117</size>
         <input_file_ref idref="fl-2f"/>
      </object_component>
      <object_component id="oc-11e">
         <name>.debug_info</name>
         <load_address>0x6fe31</load_address>
         <run_address>0x6fe31</run_address>
         <size>0x117</size>
         <input_file_ref idref="fl-30"/>
      </object_component>
      <object_component id="oc-123">
         <name>.debug_info</name>
         <load_address>0x6ff48</load_address>
         <run_address>0x6ff48</run_address>
         <size>0x11a</size>
         <input_file_ref idref="fl-31"/>
      </object_component>
      <object_component id="oc-128">
         <name>.debug_info</name>
         <load_address>0x70062</load_address>
         <run_address>0x70062</run_address>
         <size>0x123</size>
         <input_file_ref idref="fl-32"/>
      </object_component>
      <object_component id="oc-12d">
         <name>.debug_info</name>
         <load_address>0x70185</load_address>
         <run_address>0x70185</run_address>
         <size>0x123</size>
         <input_file_ref idref="fl-33"/>
      </object_component>
      <object_component id="oc-132">
         <name>.debug_info</name>
         <load_address>0x702a8</load_address>
         <run_address>0x702a8</run_address>
         <size>0x123</size>
         <input_file_ref idref="fl-34"/>
      </object_component>
      <object_component id="oc-137">
         <name>.debug_info</name>
         <load_address>0x703cb</load_address>
         <run_address>0x703cb</run_address>
         <size>0x126</size>
         <input_file_ref idref="fl-35"/>
      </object_component>
      <object_component id="oc-13c">
         <name>.debug_info</name>
         <load_address>0x704f1</load_address>
         <run_address>0x704f1</run_address>
         <size>0x121</size>
         <input_file_ref idref="fl-36"/>
      </object_component>
      <object_component id="oc-141">
         <name>.debug_info</name>
         <load_address>0x70612</load_address>
         <run_address>0x70612</run_address>
         <size>0x121</size>
         <input_file_ref idref="fl-37"/>
      </object_component>
      <object_component id="oc-146">
         <name>.debug_info</name>
         <load_address>0x70733</load_address>
         <run_address>0x70733</run_address>
         <size>0x11b</size>
         <input_file_ref idref="fl-38"/>
      </object_component>
      <object_component id="oc-14b">
         <name>.debug_info</name>
         <load_address>0x7084e</load_address>
         <run_address>0x7084e</run_address>
         <size>0x11e</size>
         <input_file_ref idref="fl-39"/>
      </object_component>
      <object_component id="oc-158">
         <name>.debug_info</name>
         <load_address>0x7096c</load_address>
         <run_address>0x7096c</run_address>
         <size>0x176</size>
         <input_file_ref idref="fl-72"/>
      </object_component>
      <object_component id="oc-15c">
         <name>.debug_info</name>
         <load_address>0x70ae2</load_address>
         <run_address>0x70ae2</run_address>
         <size>0x400</size>
         <input_file_ref idref="fl-73"/>
      </object_component>
      <object_component id="oc-161">
         <name>.debug_info</name>
         <load_address>0x70ee2</load_address>
         <run_address>0x70ee2</run_address>
         <size>0x343</size>
         <input_file_ref idref="fl-74"/>
      </object_component>
      <object_component id="oc-166">
         <name>.debug_info</name>
         <load_address>0x71225</load_address>
         <run_address>0x71225</run_address>
         <size>0x346</size>
         <input_file_ref idref="fl-75"/>
      </object_component>
      <object_component id="oc-16b">
         <name>.debug_info</name>
         <load_address>0x7156b</load_address>
         <run_address>0x7156b</run_address>
         <size>0x3f0</size>
         <input_file_ref idref="fl-76"/>
      </object_component>
      <object_component id="oc-171">
         <name>.debug_info</name>
         <load_address>0x7195b</load_address>
         <run_address>0x7195b</run_address>
         <size>0x4d8</size>
         <input_file_ref idref="fl-77"/>
      </object_component>
      <object_component id="oc-176">
         <name>.debug_info</name>
         <load_address>0x71e33</load_address>
         <run_address>0x71e33</run_address>
         <size>0x4dd</size>
         <input_file_ref idref="fl-78"/>
      </object_component>
      <object_component id="oc-17d">
         <name>.debug_info</name>
         <load_address>0x72310</load_address>
         <run_address>0x72310</run_address>
         <size>0x465</size>
         <input_file_ref idref="fl-79"/>
      </object_component>
      <object_component id="oc-182">
         <name>.debug_info</name>
         <load_address>0x72775</load_address>
         <run_address>0x72775</run_address>
         <size>0x72a</size>
         <input_file_ref idref="fl-7a"/>
      </object_component>
      <object_component id="oc-188">
         <name>.debug_info</name>
         <load_address>0x72e9f</load_address>
         <run_address>0x72e9f</run_address>
         <size>0x1c6</size>
         <input_file_ref idref="fl-7b"/>
      </object_component>
      <object_component id="oc-18c">
         <name>.debug_info</name>
         <load_address>0x73065</load_address>
         <run_address>0x73065</run_address>
         <size>0x3d3</size>
         <input_file_ref idref="fl-7c"/>
      </object_component>
      <object_component id="oc-191">
         <name>.debug_info</name>
         <load_address>0x73438</load_address>
         <run_address>0x73438</run_address>
         <size>0xe08</size>
         <input_file_ref idref="fl-7d"/>
      </object_component>
      <object_component id="oc-197">
         <name>.debug_info</name>
         <load_address>0x74240</load_address>
         <run_address>0x74240</run_address>
         <size>0x465</size>
         <input_file_ref idref="fl-7e"/>
      </object_component>
      <object_component id="oc-19d">
         <name>.debug_info</name>
         <load_address>0x746a5</load_address>
         <run_address>0x746a5</run_address>
         <size>0x375</size>
         <input_file_ref idref="fl-7f"/>
      </object_component>
      <object_component id="oc-1a2">
         <name>.debug_info</name>
         <load_address>0x74a1a</load_address>
         <run_address>0x74a1a</run_address>
         <size>0x41d</size>
         <input_file_ref idref="fl-80"/>
      </object_component>
      <object_component id="oc-1ff">
         <name>.debug_info</name>
         <load_address>0x74e37</load_address>
         <run_address>0x74e37</run_address>
         <size>0x10c</size>
      </object_component>
      <object_component id="oc-4a">
         <name>.debug_line</name>
         <load_address>0x0</load_address>
         <run_address>0x0</run_address>
         <size>0xa4</size>
         <input_file_ref idref="fl-5"/>
      </object_component>
      <object_component id="oc-4f">
         <name>.debug_line</name>
         <load_address>0xa4</load_address>
         <run_address>0xa4</run_address>
         <size>0x374</size>
         <input_file_ref idref="fl-6"/>
      </object_component>
      <object_component id="oc-54">
         <name>.debug_line</name>
         <load_address>0x418</load_address>
         <run_address>0x418</run_address>
         <size>0x6c</size>
         <input_file_ref idref="fl-7"/>
      </object_component>
      <object_component id="oc-59">
         <name>.debug_line</name>
         <load_address>0x484</load_address>
         <run_address>0x484</run_address>
         <size>0x58a</size>
         <input_file_ref idref="fl-8"/>
      </object_component>
      <object_component id="oc-5f">
         <name>.debug_line</name>
         <load_address>0xa0e</load_address>
         <run_address>0xa0e</run_address>
         <size>0x151</size>
         <input_file_ref idref="fl-9"/>
      </object_component>
      <object_component id="oc-64">
         <name>.debug_line</name>
         <load_address>0xb5f</load_address>
         <run_address>0xb5f</run_address>
         <size>0xa2</size>
         <input_file_ref idref="fl-a"/>
      </object_component>
      <object_component id="oc-6a">
         <name>.debug_line</name>
         <load_address>0xc01</load_address>
         <run_address>0xc01</run_address>
         <size>0x139b</size>
         <input_file_ref idref="fl-b"/>
      </object_component>
      <object_component id="oc-71">
         <name>.debug_line</name>
         <load_address>0x1f9c</load_address>
         <run_address>0x1f9c</run_address>
         <size>0x60a</size>
         <input_file_ref idref="fl-c"/>
      </object_component>
      <object_component id="oc-77">
         <name>.debug_line</name>
         <load_address>0x25a6</load_address>
         <run_address>0x25a6</run_address>
         <size>0x17e</size>
         <input_file_ref idref="fl-d"/>
      </object_component>
      <object_component id="oc-7c">
         <name>.debug_line</name>
         <load_address>0x2724</load_address>
         <run_address>0x2724</run_address>
         <size>0xaf</size>
         <input_file_ref idref="fl-e"/>
      </object_component>
      <object_component id="oc-81">
         <name>.debug_line</name>
         <load_address>0x27d3</load_address>
         <run_address>0x27d3</run_address>
         <size>0x10f</size>
         <input_file_ref idref="fl-f"/>
      </object_component>
      <object_component id="oc-86">
         <name>.debug_line</name>
         <load_address>0x28e2</load_address>
         <run_address>0x28e2</run_address>
         <size>0x1d9</size>
         <input_file_ref idref="fl-10"/>
      </object_component>
      <object_component id="oc-8b">
         <name>.debug_line</name>
         <load_address>0x2abb</load_address>
         <run_address>0x2abb</run_address>
         <size>0x23a</size>
         <input_file_ref idref="fl-11"/>
      </object_component>
      <object_component id="oc-92">
         <name>.debug_line</name>
         <load_address>0x2cf5</load_address>
         <run_address>0x2cf5</run_address>
         <size>0x11fb</size>
         <input_file_ref idref="fl-12"/>
      </object_component>
      <object_component id="oc-97">
         <name>.debug_line</name>
         <load_address>0x3ef0</load_address>
         <run_address>0x3ef0</run_address>
         <size>0x6a</size>
         <input_file_ref idref="fl-13"/>
      </object_component>
      <object_component id="oc-9c">
         <name>.debug_line</name>
         <load_address>0x3f5a</load_address>
         <run_address>0x3f5a</run_address>
         <size>0x8b</size>
         <input_file_ref idref="fl-14"/>
      </object_component>
      <object_component id="oc-a1">
         <name>.debug_line</name>
         <load_address>0x3fe5</load_address>
         <run_address>0x3fe5</run_address>
         <size>0xf5</size>
         <input_file_ref idref="fl-15"/>
      </object_component>
      <object_component id="oc-a6">
         <name>.debug_line</name>
         <load_address>0x40da</load_address>
         <run_address>0x40da</run_address>
         <size>0xd9</size>
         <input_file_ref idref="fl-16"/>
      </object_component>
      <object_component id="oc-ab">
         <name>.debug_line</name>
         <load_address>0x41b3</load_address>
         <run_address>0x41b3</run_address>
         <size>0x68</size>
         <input_file_ref idref="fl-17"/>
      </object_component>
      <object_component id="oc-b0">
         <name>.debug_line</name>
         <load_address>0x421b</load_address>
         <run_address>0x421b</run_address>
         <size>0xaf</size>
         <input_file_ref idref="fl-18"/>
      </object_component>
      <object_component id="oc-b6">
         <name>.debug_line</name>
         <load_address>0x42ca</load_address>
         <run_address>0x42ca</run_address>
         <size>0x311</size>
         <input_file_ref idref="fl-19"/>
      </object_component>
      <object_component id="oc-bb">
         <name>.debug_line</name>
[...]
         <value>0x3f466e</value>
         <object_component_ref idref="oc-145"/>
      </symbol>
      <symbol id="sm-897">
         <name>UL$$TOFS</name>
         <value>0x3f465b</value>
         <object_component_ref idref="oc-14a"/>
      </symbol>
      <symbol id="sm-899">
         <name>_CTRL_getVersion</name>
         <value>0x3fa721</value>
      </symbol>
      <symbol id="sm-89b">
         <name>_CTRL_initCtrl</name>
         <value>0x3fa6fb</value>
      </symbol>
      <symbol id="sm-89d">
         <name>_CTRL_runTraj</name>
         <value>0x3fa5d1</value>
      </symbol>
      <symbol id="sm-89f">
         <name>_CTRL_setEstParams</name>
         <value>0x3f9e64</value>
      </symbol>
      <symbol id="sm-8a1">
         <name>_CTRL_setUserMotorParams</name>
         <value>0x3f9d31</value>
      </symbol>
      <symbol id="sm-8a3">
         <name>_CTRL_setupCtrl</name>
         <value>0x3f9b43</value>
      </symbol>
      <symbol id="sm-8a5">
         <name>_CTRL_setupEstIdleState</name>
         <value>0x3f99a5</value>
      </symbol>
      <symbol id="sm-8a7">
         <name>_CTRL_setupEstOnLineState</name>
         <value>0x3f996a</value>
      </symbol>
      <symbol id="sm-8a9">
         <name>_CTRL_setupTraj</name>
         <value>0x3f9806</value>
      </symbol>
      <symbol id="sm-8ab">
         <name>_EST_doCurrentCtrl</name>
         <value>0x3f9760</value>
      </symbol>
      <symbol id="sm-8ad">
         <name>_EST_doSpeedCtrl</name>
         <value>0x3f9758</value>
      </symbol>
      <symbol id="sm-8af">
         <name>_EST_getAngle_pu</name>
         <value>0x3f8c0d</value>
      </symbol>
      <symbol id="sm-8b1">
         <name>_EST_getFlux_VpHz</name>
         <value>0x3f96be</value>
      </symbol>
      <symbol id="sm-8b3">
         <name>_EST_getFlux_pu</name>
         <value>0x3f96ab</value>
      </symbol>
      <symbol id="sm-8b5">
         <name>_EST_getFm_pu</name>
         <value>0x3f968e</value>
      </symbol>
      <symbol id="sm-8b7">
         <name>_EST_getIdRated</name>
         <value>0x3f9632</value>
      </symbol>
      <symbol id="sm-8b9">
         <name>_EST_getLs_coarse_max_pu</name>
         <value>0x3f95ff</value>
      </symbol>
      <symbol id="sm-8bb">
         <name>_EST_getLs_d_H</name>
         <value>0x3f95f5</value>
      </symbol>
      <symbol id="sm-8bd">
         <name>_EST_getLs_d_pu</name>
         <value>0x3f95f0</value>
      </symbol>
      <symbol id="sm-8bf">
         <name>_EST_getLs_q_H</name>
         <value>0x3f95ce</value>
      </symbol>
      <symbol id="sm-8c1">
         <name>_EST_getLs_q_pu</name>
         <value>0x3f95c9</value>
      </symbol>
      <symbol id="sm-8c3">
         <name>_EST_getMaxCurrentSlope_pu</name>
         <value>0x3f95bd</value>
      </symbol>
      <symbol id="sm-8c5">
         <name>_EST_getOneOverDcBus_pu</name>
         <value>0x3f95b3</value>
      </symbol>
      <symbol id="sm-8c7">
         <name>_EST_getRr_Ohm</name>
         <value>0x3f95ad</value>
      </symbol>
      <symbol id="sm-8c9">
         <name>_EST_getRs_Ohm</name>
         <value>0x3f9513</value>
      </symbol>
      <symbol id="sm-8cb">
         <name>_EST_getSpeed_krpm</name>
         <value>0x3f94c6</value>
      </symbol>
      <symbol id="sm-8cd">
         <name>_EST_getState</name>
         <value>0x3f861b</value>
      </symbol>
      <symbol id="sm-8cf">
         <name>_EST_get_krpm_to_pu_sf</name>
         <value>0x3f9458</value>
      </symbol>
      <symbol id="sm-8d1">
         <name>_EST_get_pu_to_krpm_sf</name>
         <value>0x3f9453</value>
      </symbol>
      <symbol id="sm-8d3">
         <name>_EST_isError</name>
         <value>0x3f938d</value>
      </symbol>
      <symbol id="sm-8d5">
         <name>_EST_isIdle</name>
         <value>0x3f9386</value>
      </symbol>
      <symbol id="sm-8d7">
         <name>_EST_isLockRotor</name>
         <value>0x3f937f</value>
      </symbol>
      <symbol id="sm-8d9">
         <name>_EST_isMotorIdentified</name>
         <value>0x3f8679</value>
      </symbol>
      <symbol id="sm-8db">
         <name>_EST_isOnLine</name>
         <value>0x3f9378</value>
      </symbol>
      <symbol id="sm-8dd">
         <name>_EST_run</name>
         <value>0x3f927b</value>
      </symbol>
      <symbol id="sm-8df">
         <name>_EST_setFlag_enableForceAngle</name>
         <value>0x3f8bdb</value>
      </symbol>
      <symbol id="sm-8e1">
         <name>_EST_setFlag_enableRsRecalc</name>
         <value>0x3f8bd3</value>
      </symbol>
      <symbol id="sm-8e3">
         <name>_EST_setId_ref_pu</name>
         <value>0x3f8b80</value>
      </symbol>
      <symbol id="sm-8e5">
         <name>_EST_setIdle</name>
         <value>0x3f8b7a</value>
      </symbol>
      <symbol id="sm-8e7">
         <name>_EST_setIdle_all</name>
         <value>0x3f8b67</value>
      </symbol>
      <symbol id="sm-8e9">
         <name>_EST_setIq_ref_pu</name>
         <value>0x3f8b63</value>
      </symbol>
      <symbol id="sm-8eb">
         <name>_EST_setLs_d_pu</name>
         <value>0x3f8b45</value>
      </symbol>
      <symbol id="sm-8ed">
         <name>_EST_setLs_qFmt</name>
         <value>0x3f8af1</value>
      </symbol>
      <symbol id="sm-8ef">
         <name>_EST_setLs_q_pu</name>
         <value>0x3f8ae7</value>
      </symbol>
      <symbol id="sm-8f1">
         <name>_EST_setMaxCurrentSlope_pu</name>
         <value>0x3f8adb</value>
      </symbol>
      <symbol id="sm-8f3">
         <name>_EST_setRs_pu</name>
         <value>0x3f8a18</value>
      </symbol>
      <symbol id="sm-8f5">
         <name>_EST_updateId_ref_pu</name>
         <value>0x3f89f5</value>
      </symbol>
      <symbol id="sm-8f7">
         <name>_EST_updateState</name>
         <value>0x3f8713</value>
      </symbol>
      <symbol id="sm-8f9">
         <name>_EST_useZeroIq_ref</name>
         <value>0x3f861d</value>
      </symbol>
      <symbol id="sm-904">
         <name>__IQ24cosPU</name>
         <value>0x3f4ca1</value>
         <object_component_ref idref="oc-14f"/>
      </symbol>
      <symbol id="sm-908">
         <name>_IQ16mpyRndSatTable</name>
         <value>0x3fe6c0</value>
         <object_component_ref idref="oc-150"/>
      </symbol>
      <symbol id="sm-909">
         <name>_IQ24mpyRndSatTable</name>
         <value>0x3fe660</value>
         <object_component_ref idref="oc-150"/>
      </symbol>
      <symbol id="sm-90a">
         <name>_IQ13mpyRndSatTable</name>
         <value>0x3fe6e4</value>
         <object_component_ref idref="oc-150"/>
      </symbol>
      <symbol id="sm-90b">
         <name>_IQ21mpyRndSatTable</name>
         <value>0x3fe684</value>
         <object_component_ref idref="oc-150"/>
      </symbol>
      <symbol id="sm-90c">
         <name>_IQ10mpyRndSatTable</name>
         <value>0x3fe708</value>
         <object_component_ref idref="oc-150"/>
      </symbol>
      <symbol id="sm-90d">
         <name>_IQdivTable</name>
         <value>0x3fe140</value>
         <object_component_ref idref="oc-150"/>
      </symbol>
      <symbol id="sm-90e">
         <name>_IQ9mpyRndSatTable</name>
         <value>0x3fe714</value>
         <object_component_ref idref="oc-150"/>
      </symbol>
      <symbol id="sm-90f">
         <name>_IQ6mpyRndSatTable</name>
         <value>0x3fe738</value>
         <object_component_ref idref="oc-150"/>
      </symbol>
      <symbol id="sm-910">
         <name>_IQatan2TableEnd</name>
         <value>0x3fe618</value>
         <object_component_ref idref="oc-150"/>
      </symbol>
      <symbol id="sm-911">
         <name>_IQdivTableEnd</name>
         <value>0x3fe342</value>
         <object_component_ref idref="oc-150"/>
      </symbol>
      <symbol id="sm-912">
         <name>_IQ29mpyRndSatTable</name>
         <value>0x3fe624</value>
         <object_component_ref idref="oc-150"/>
      </symbol>
      <symbol id="sm-913">
         <name>_IQ3mpyRndSatTable</name>
         <value>0x3fe75c</value>
         <object_component_ref idref="oc-150"/>
      </symbol>
      <symbol id="sm-914">
         <name>_IQ18mpyRndSatTable</name>
         <value>0x3fe6a8</value>
         <object_component_ref idref="oc-150"/>
      </symbol>
      <symbol id="sm-915">
         <name>_IQ26mpyRndSatTable</name>
         <value>0x3fe648</value>
         <object_component_ref idref="oc-150"/>
      </symbol>
      <symbol id="sm-916">
         <name>_IQcosTableEnd</name>
         <value>0x3fe132</value>
         <object_component_ref idref="oc-150"/>
      </symbol>
      <symbol id="sm-917">
         <name>_IQsinTableEnd</name>
         <value>0x3fe030</value>
         <object_component_ref idref="oc-150"/>
      </symbol>
      <symbol id="sm-918">
         <name>_IQ15mpyRndSatTable</name>
         <value>0x3fe6cc</value>
         <object_component_ref idref="oc-150"/>
      </symbol>
      <symbol id="sm-919">
         <name>_IQ23mpyRndSatTable</name>
         <value>0x3fe66c</value>
         <object_component_ref idref="oc-150"/>
      </symbol>
      <symbol id="sm-91a">
         <name>_IQ12mpyRndSatTable</name>
         <value>0x3fe6f0</value>
         <object_component_ref idref="oc-150"/>
      </symbol>
      <symbol id="sm-91b">
         <name>_IQ20mpyRndSatTable</name>
         <value>0x3fe690</value>
         <object_component_ref idref="oc-150"/>
      </symbol>
      <symbol id="sm-91c">
         <name>_IQisqrtTableEnd</name>
         <value>0x3fe454</value>
         <object_component_ref idref="oc-150"/>
      </symbol>
      <symbol id="sm-91d">
         <name>_IQ8mpyRndSatTable</name>
         <value>0x3fe720</value>
         <object_component_ref idref="oc-150"/>
      </symbol>
      <symbol id="sm-91e">
         <name>_IQisqrtRoundSatTable</name>
         <value>0x3fe342</value>
         <object_component_ref idref="oc-150"/>
      </symbol>
      <symbol id="sm-91f">
         <name>_IQ5mpyRndSatTable</name>
         <value>0x3fe744</value>
         <object_component_ref idref="oc-150"/>
      </symbol>
      <symbol id="sm-920">
         <name>_IQmpyRndSatTable</name>
         <value>0x3fe618</value>
         <object_component_ref idref="oc-150"/>
      </symbol>
      <symbol id="sm-921">
         <name>_IQ28mpyRndSatTable</name>
         <value>0x3fe630</value>
         <object_component_ref idref="oc-150"/>
      </symbol>
      <symbol id="sm-922">
         <name>_IQatan2Table</name>
         <value>0x3fe492</value>
         <object_component_ref idref="oc-150"/>
      </symbol>
      <symbol id="sm-923">
         <name>_IQ2mpyRndSatTable</name>
         <value>0x3fe768</value>
         <object_component_ref idref="oc-150"/>
      </symbol>
      <symbol id="sm-924">
         <name>_IQatan2HalfPITable</name>
         <value>0x3fe454</value>
         <object_component_ref idref="oc-150"/>
      </symbol>
      <symbol id="sm-925">
         <name>_IQ17mpyRndSatTable</name>
         <value>0x3fe6b4</value>
         <object_component_ref idref="oc-150"/>
      </symbol>
      <symbol id="sm-926">
         <name>_IQ25mpyRndSatTable</name>
         <value>0x3fe654</value>
         <object_component_ref idref="oc-150"/>
      </symbol>
      <symbol id="sm-927">
         <name>_IQsqrtTable</name>
         <value>0x3fe352</value>
         <object_component_ref idref="oc-150"/>
      </symbol>
      <symbol id="sm-928">
         <name>_IQsqrtTableEnd</name>
         <value>0x3fe454</value>
         <object_component_ref idref="oc-150"/>
      </symbol>
      <symbol id="sm-929">
         <name>_IQ14mpyRndSatTable</name>
         <value>0x3fe6d8</value>
         <object_component_ref idref="oc-150"/>
      </symbol>
      <symbol id="sm-92a">
         <name>_IQ22mpyRndSatTable</name>
         <value>0x3fe678</value>
         <object_component_ref idref="oc-150"/>
      </symbol>
      <symbol id="sm-92b">
         <name>_IQ30mpyRndSatTable</name>
         <value>0x3fe618</value>
         <object_component_ref idref="oc-150"/>
      </symbol>
      <symbol id="sm-92c">
         <name>_IQsqrtRoundSatTable</name>
         <value>0x3fe342</value>
         <object_component_ref idref="oc-150"/>
      </symbol>
      <symbol id="sm-92d">
         <name>_IQ11mpyRndSatTable</name>
         <value>0x3fe6fc</value>
         <object_component_ref idref="oc-150"/>
      </symbol>
      <symbol id="sm-92e">
         <name>_IQdivRoundSatTable</name>
         <value>0x3fe132</value>
         <object_component_ref idref="oc-150"/>
      </symbol>
      <symbol id="sm-92f">
         <name>_IQ7mpyRndSatTable</name>
         <value>0x3fe72c</value>
         <object_component_ref idref="oc-150"/>
      </symbol>
      <symbol id="sm-930">
         <name>_IQcosTable</name>
         <value>0x3fdd30</value>
         <object_component_ref idref="oc-150"/>
      </symbol>
      <symbol id="sm-931">
         <name>_IQisqrtTable</name>
         <value>0x3fe352</value>
         <object_component_ref idref="oc-150"/>
      </symbol>
      <symbol id="sm-932">
         <name>_IQ4mpyRndSatTable</name>
         <value>0x3fe750</value>
         <object_component_ref idref="oc-150"/>
      </symbol>
      <symbol id="sm-933">
         <name>_IQ19mpyRndSatTable</name>
         <value>0x3fe69c</value>
         <object_component_ref idref="oc-150"/>
      </symbol>
      <symbol id="sm-934">
         <name>_IQ27mpyRndSatTable</name>
         <value>0x3fe63c</value>
         <object_component_ref idref="oc-150"/>
      </symbol>
      <symbol id="sm-935">
         <name>_IQmpyRndSatTableEnd</name>
         <value>0x3fe780</value>
         <object_component_ref idref="oc-150"/>
      </symbol>
      <symbol id="sm-936">
         <name>_IQ1mpyRndSatTable</name>
         <value>0x3fe774</value>
         <object_component_ref idref="oc-150"/>
      </symbol>
      <symbol id="sm-937">
         <name>_IQsinTable</name>
         <value>0x3fdc30</value>
         <object_component_ref idref="oc-150"/>
      </symbol>
      <symbol id="sm-941">
         <name>__IQ24frac</name>
         <value>0x3f4cf0</value>
         <object_component_ref idref="oc-151"/>
      </symbol>
      <symbol id="sm-94c">
         <name>__IQ24sinPU</name>
         <value>0x3f4c78</value>
         <object_component_ref idref="oc-152"/>
      </symbol>
      <symbol id="sm-956">
         <name>__IQ24sqrt</name>
         <value>0x3f4c36</value>
         <object_component_ref idref="oc-153"/>
      </symbol>
      <symbol id="sm-960">
         <name>__IQ24toF</name>
         <value>0x3f4cc8</value>
         <object_component_ref idref="oc-154"/>
      </symbol>
      <symbol id="sm-96a">
         <name>__IQ30toF</name>
         <value>0x3f4cdc</value>
         <object_component_ref idref="oc-155"/>
      </symbol>
      <symbol id="sm-985">
         <name>_c_int00</name>
         <value>0x3f42c2</value>
         <object_component_ref idref="oc-15"/>
      </symbol>
      <symbol id="sm-986">
         <name>__stack</name>
         <value>0x50</value>
         <object_component_ref idref="oc-156"/>
      </symbol>
      <symbol id="sm-995">
         <name>__args_main</name>
         <value>0x3f462b</value>
         <object_component_ref idref="oc-1ab"/>
      </symbol>
      <symbol id="sm-9a2">
         <name>__system_post_cinit</name>
         <value>0x3f46ba</value>
         <object_component_ref idref="oc-1aa"/>
      </symbol>
      <symbol id="sm-9ae">
         <name>__system_pre_init</name>
         <value>0x3f46b8</value>
         <object_component_ref idref="oc-1a8"/>
      </symbol>
      <symbol id="sm-9c6">
         <name>_ceilf</name>
         <value>0x3f4147</value>
         <object_component_ref idref="oc-1c4"/>
      </symbol>
      <symbol id="sm-9c7">
         <name>_ceil</name>
         <value>0x3f4147</value>
         <object_component_ref idref="oc-1c4"/>
      </symbol>
      <symbol id="sm-9d6">
         <name>_copy_in</name>
         <value>0x3f44e2</value>
         <object_component_ref idref="oc-1a9"/>
      </symbol>
      <symbol id="sm-9ea">
         <name>C$$EXIT</name>
         <value>0x3f4446</value>
         <object_component_ref idref="oc-1ac"/>
      </symbol>
      <symbol id="sm-9eb">
         <name>_exit</name>
         <value>0x3f4448</value>
         <object_component_ref idref="oc-1ac"/>
      </symbol>
      <symbol id="sm-9ec">
         <name>___TI_cleanup_ptr</name>
         <value>0xdfa2</value>
         <object_component_ref idref="oc-178"/>
      </symbol>
      <symbol id="sm-9ed">
         <name>___TI_enable_exit_profile_output</name>
         <value>0xdfa0</value>
         <object_component_ref idref="oc-178"/>
      </symbol>
      <symbol id="sm-9ee">
         <name>_abort</name>
         <value>0x3f4446</value>
         <object_component_ref idref="oc-1ac"/>
      </symbol>
      <symbol id="sm-9ef">
         <name>___TI_dtors_ptr</name>
         <value>0xdfa4</value>
         <object_component_ref idref="oc-178"/>
      </symbol>
      <symbol id="sm-a03">
         <name>__unlock</name>
         <value>0xdfa8</value>
         <object_component_ref idref="oc-1d7"/>
      </symbol>
      <symbol id="sm-a04">
         <name>__lock</name>
         <value>0xdfa6</value>
         <object_component_ref idref="oc-1b1"/>
      </symbol>
      <symbol id="sm-a05">
         <name>__register_lock</name>
         <value>0x3f469b</value>
         <object_component_ref idref="oc-1bb"/>
      </symbol>
      <symbol id="sm-a06">
         <name>__nop</name>
         <value>0x3f469f</value>
         <object_component_ref idref="oc-1bb"/>
      </symbol>
      <symbol id="sm-a07">
         <name>__register_unlock</name>
         <value>0x3f4697</value>
         <object_component_ref idref="oc-1bb"/>
      </symbol>
      <symbol id="sm-a2f">
         <name>_logf</name>
         <value>0x3f3a0b</value>
         <object_component_ref idref="oc-1c3"/>
      </symbol>
      <symbol id="sm-a30">
         <name>_log</name>
         <value>0x3f3a0b</value>
         <object_component_ref idref="oc-1c3"/>
      </symbol>
      <symbol id="sm-a3a">
         <name>_errno</name>
         <value>0xdfad</value>
         <object_component_ref idref="oc-18a"/>
      </symbol>
      <symbol id="sm-a4b">
         <name>_memcpy</name>
         <value>0x3f45a4</value>
         <object_component_ref idref="oc-1b0"/>
      </symbol>
      <symbol id="sm-aa5">
         <name>_powf</name>
         <value>0x3f2b01</value>
         <object_component_ref idref="oc-1c5"/>
      </symbol>
      <symbol id="sm-aa6">
         <name>_pow</name>
         <value>0x3f2b01</value>
         <object_component_ref idref="oc-1c5"/>
      </symbol>
      <symbol id="sm-abf">
         <name>_scalbn</name>
         <value>0x3f41b0</value>
         <object_component_ref idref="oc-1dc"/>
      </symbol>
      <symbol id="sm-ac0">
         <name>_ldexp</name>
         <value>0x3f41b0</value>
         <object_component_ref idref="oc-1dc"/>
      </symbol>
      <symbol id="sm-ac1">
         <name>_scalbnf</name>
         <value>0x3f41b0</value>
         <object_component_ref idref="oc-1dc"/>
      </symbol>
      <symbol id="sm-ac2">
         <name>_ldexpf</name>
         <value>0x3f41b0</value>
         <object_component_ref idref="oc-1dc"/>
      </symbol>
      <symbol id="sm-ace">
         <name>_copysignf</name>
         <value>0x3f468d</value>
         <object_component_ref idref="oc-1df"/>
      </symbol>
      <symbol id="sm-acf">
         <name>_copysign</name>
         <value>0x3f468d</value>
         <object_component_ref idref="oc-1df"/>
      </symbol>
      <symbol id="sm-aea">
         <name>_sqrtf</name>
         <value>0x3f40d2</value>
         <object_component_ref idref="oc-1d8"/>
      </symbol>
      <symbol id="sm-aeb">
         <name>_sqrt</name>
         <value>0x3f40d2</value>
         <object_component_ref idref="oc-1d8"/>
      </symbol>
   </symbol_table>
   <title>Link successful</title>
</link_info>
